{"timestamp": "2025-12-30T12:34:31.431203", "level": "ERROR", "service": "order_tracker", "event": "ORDER_PROCESS_FAILED", "order_id": null, "message": "Failed to process order message", "meta": {"error": "'Logger' object has no attribute 'success'"}}
{"timestamp": "2025-12-30T12:34:32.954630", "level": "ERROR", "service": "order_tracker", "event": "ORDER_PROCESS_FAILED", "order_id": null, "message": "Failed to process order message", "meta": {"error": "'Logger' object has no attribute 'success'"}}
{"timestamp": "2025-12-30T12:34:41.769980", "level": "ERROR", "service": "order_tracker", "event": "ORDER_PROCESS_FAILED", "order_id": null, "message": "Failed to process order message", "meta": {"error": "'Logger' object has no attribute 'success'"}}
{"timestamp": "2025-12-30T12:37:22.754406", "level": "INFO", "service": "order_tracker", "event": "ORDER_READY_FOR_CHECKING", "order_id": "cae7d08b-e0c1-4397-ba50-dc8766441d95", "message": "Order ready for recommendation checking", "meta": {"num_products": 2}}
{"timestamp": "2025-12-30T12:37:22.771735", "level": "INFO", "service": "order_tracker", "event": "ORDER_READY_FOR_CHECKING", "order_id": "892a955f-ebf9-4340-a6ca-00cf46618ebb", "message": "Order ready for recommendation checking", "meta": {"num_products": 3}}
{"timestamp": "2025-12-30T12:37:22.790155", "level": "INFO", "service": "order_tracker", "event": "ORDER_READY_FOR_CHECKING", "order_id": "99af5aee-573d-47f7-8fd4-34580dfe78d6", "message": "Order ready for recommendation checking", "meta": {"num_products": 1}}
{"timestamp": "2025-12-30T12:37:22.812910", "level": "INFO", "service": "order_tracker", "event": "ORDER_READY_FOR_CHECKING", "order_id": "5bf50675-64fa-4234-ba5e-f1d6b570b65b", "message": "Order ready for recommendation checking", "meta": {"num_products": 1}}
{"timestamp": "2025-12-30T12:37:22.832390", "level": "INFO", "service": "order_tracker", "event": "ORDER_READY_FOR_CHECKING", "order_id": "b7ec0265-b633-4d4d-9f90-93c7d7cef18f", "message": "Order ready for recommendation checking", "meta": {"num_products": 1}}
{"timestamp": "2025-12-30T12:37:22.852884", "level": "INFO", "service": "order_tracker", "event": "ORDER_READY_FOR_CHECKING", "order_id": "781dd9b2-6543-4fc4-b9b4-b6551b40432d", "message": "Order ready for recommendation checking", "meta": {"num_products": 1}}
{"timestamp": "2025-12-30T12:37:22.877432", "level": "INFO", "service": "order_tracker", "event": "ORDER_READY_FOR_CHECKING", "order_id": "aa67cee1-f9f1-4717-aab5-86a8a26bf060", "message": "Order ready for recommendation checking", "meta": {"num_products": 2}}
{"timestamp": "2025-12-30T12:37:22.909864", "level": "INFO", "service": "order_tracker", "event": "ORDER_READY_FOR_CHECKING", "order_id": "0bfa695a-522e-4552-9142-8e1c7b121b74", "message": "Order ready for recommendation checking", "meta": {"num_products": 1}}
{"timestamp": "2025-12-30T12:37:22.943132", "level": "INFO", "service": "order_tracker", "event": "ORDER_READY_FOR_CHECKING", "order_id": "a5d1365f-66e2-4a0e-a1cc-9a2734da3f08", "message": "Order ready for recommendation checking", "meta": {"num_products": 1}}
{"timestamp": "2025-12-30T12:37:22.973275", "level": "INFO", "service": "order_tracker", "event": "ORDER_READY_FOR_CHECKING", "order_id": "bec78e2c-95be-461a-a823-538d780b131f", "message": "Order ready for recommendation checking", "meta": {"num_products": 1}}
{"timestamp": "2025-12-30T12:37:22.994576", "level": "INFO", "service": "order_tracker", "event": "ORDER_READY_FOR_CHECKING", "order_id": "88d6d0f2-7572-490b-b481-31edd2870724", "message": "Order ready for recommendation checking", "meta": {"num_products": 2}}
{"timestamp": "2025-12-30T12:37:23.013722", "level": "INFO", "service": "order_tracker", "event": "ORDER_READY_FOR_CHECKING", "order_id": "9613565d-eb76-4175-ac8f-83087b950db8", "message": "Order ready for recommendation checking", "meta": {"num_products": 1}}
{"timestamp": "2025-12-30T12:37:23.034642", "level": "INFO", "service": "order_tracker", "event": "ORDER_READY_FOR_CHECKING", "order_id": "bdbb780b-e0c9-4649-82af-04b36e055e0f", "message": "Order ready for recommendation checking", "meta": {"num_products": 1}}
{"timestamp": "2025-12-30T12:37:23.054545", "level": "INFO", "service": "order_tracker", "event": "ORDER_READY_FOR_CHECKING", "order_id": "c85a5554-99ae-4638-b148-5a74cea58b6e", "message": "Order ready for recommendation checking", "meta": {"num_products": 1}}
{"timestamp": "2025-12-30T12:37:23.079394", "level": "INFO", "service": "order_tracker", "event": "ORDER_READY_FOR_CHECKING", "order_id": "335b0ac5-6eb4-44c5-af67-85e1c9554b96", "message": "Order ready for recommendation checking", "meta": {"num_products": 1}}
{"timestamp": "2025-12-30T12:37:23.107978", "level": "INFO", "service": "order_tracker", "event": "ORDER_READY_FOR_CHECKING", "order_id": "cd2d80c2-1fc3-4413-84f4-441e38ceb941", "message": "Order ready for recommendation checking", "meta": {"num_products": 2}}
{"timestamp": "2025-12-30T12:37:23.153273", "level": "INFO", "service": "order_tracker", "event": "ORDER_READY_FOR_CHECKING", "order_id": "fdac18ac-480d-42af-b544-d4a5d3c5b9d9", "message": "Order ready for recommendation checking", "meta": {"num_products": 1}}
{"timestamp": "2025-12-30T12:37:23.172712", "level": "INFO", "service": "order_tracker", "event": "ORDER_READY_FOR_CHECKING", "order_id": "7debabe0-4a4c-4420-b2b6-56f891d04ebe", "message": "Order ready for recommendation checking", "meta": {"num_products": 3}}
{"timestamp": "2025-12-30T12:37:23.200126", "level": "INFO", "service": "order_tracker", "event": "ORDER_READY_FOR_CHECKING", "order_id": "ea9dab12-0e29-4f22-824b-4f698b7e817c", "message": "Order ready for recommendation checking", "meta": {"num_products": 1}}
{"timestamp": "2025-12-30T12:37:23.237329", "level": "INFO", "service": "order_tracker", "event": "ORDER_READY_FOR_CHECKING", "order_id": "7f3eb303-7310-4884-b9f7-78a300cd0966", "message": "Order ready for recommendation checking", "meta": {"num_products": 3}}
{"timestamp": "2025-12-30T12:37:23.257186", "level": "INFO", "service": "order_tracker", "event": "ORDER_READY_FOR_CHECKING", "order_id": "ffe63115-3976-4207-bfb0-ad82116f374e", "message": "Order ready for recommendation checking", "meta": {"num_products": 3}}
{"timestamp": "2025-12-30T12:37:23.274582", "level": "INFO", "service": "order_tracker", "event": "ORDER_READY_FOR_CHECKING", "order_id": "917c6dab-a0ba-4921-877a-58ba2c278958", "message": "Order ready for recommendation checking", "meta": {"num_products": 2}}
{"timestamp": "2025-12-30T12:37:23.294649", "level": "INFO", "service": "order_tracker", "event": "ORDER_READY_FOR_CHECKING", "order_id": "0ddf421c-cb86-4374-98a7-a68d4e798eb7", "message": "Order ready for recommendation checking", "meta": {"num_products": 3}}
{"timestamp": "2025-12-30T12:37:23.320873", "level": "INFO", "service": "order_tracker", "event": "ORDER_READY_FOR_CHECKING", "order_id": "b1f3c299-2bfe-424b-a4ff-42f65ebdace7", "message": "Order ready for recommendation checking", "meta": {"num_products": 2}}
{"timestamp": "2025-12-30T12:37:23.341259", "level": "INFO", "service": "order_tracker", "event": "ORDER_READY_FOR_CHECKING", "order_id": "4010dfdc-eb26-4afb-b748-d9cab6899dbd", "message": "Order ready for recommendation checking", "meta": {"num_products": 1}}
{"timestamp": "2025-12-30T12:37:23.367555", "level": "INFO", "service": "order_tracker", "event": "ORDER_READY_FOR_CHECKING", "order_id": "f47f0ffb-8cf7-47d3-88f2-81a7730d9f3f", "message": "Order ready for recommendation checking", "meta": {"num_products": 1}}
{"timestamp": "2025-12-30T12:37:23.395440", "level": "INFO", "service": "order_tracker", "event": "ORDER_READY_FOR_CHECKING", "order_id": "75d63999-4c8c-4d70-860c-7a81b0cfa826", "message": "Order ready for recommendation checking", "meta": {"num_products": 1}}
{"timestamp": "2025-12-30T12:37:23.448730", "level": "INFO", "service": "order_tracker", "event": "ORDER_READY_FOR_CHECKING", "order_id": "06eb2cfc-c5fe-4649-a776-350144e0672f", "message": "Order ready for recommendation checking", "meta": {"num_products": 3}}
{"timestamp": "2025-12-30T12:37:23.470407", "level": "INFO", "service": "order_tracker", "event": "ORDER_READY_FOR_CHECKING", "order_id": "a1cd4829-945c-41a2-8bfd-994d9fecc866", "message": "Order ready for recommendation checking", "meta": {"num_products": 1}}
{"timestamp": "2025-12-30T12:37:23.535355", "level": "INFO", "service": "order_tracker", "event": "ORDER_READY_FOR_CHECKING", "order_id": "b8bc078c-8b4b-4057-bbf7-fe6be60c8086", "message": "Order ready for recommendation checking", "meta": {"num_products": 1}}
{"timestamp": "2025-12-30T12:37:23.554386", "level": "INFO", "service": "order_tracker", "event": "ORDER_READY_FOR_CHECKING", "order_id": "74175702-230a-4220-b9e0-a4f7e5bf8530", "message": "Order ready for recommendation checking", "meta": {"num_products": 3}}
{"timestamp": "2025-12-30T12:37:23.571978", "level": "INFO", "service": "order_tracker", "event": "ORDER_READY_FOR_CHECKING", "order_id": "4b8dd6f2-e265-4f2d-a08b-d7dfe2279455", "message": "Order ready for recommendation checking", "meta": {"num_products": 2}}
{"timestamp": "2025-12-30T12:37:23.591937", "level": "INFO", "service": "order_tracker", "event": "ORDER_READY_FOR_CHECKING", "order_id": "4de72912-465f-4c66-b61b-62528ec74d56", "message": "Order ready for recommendation checking", "meta": {"num_products": 1}}
{"timestamp": "2025-12-30T12:37:23.611558", "level": "INFO", "service": "order_tracker", "event": "ORDER_READY_FOR_CHECKING", "order_id": "ba3c6ba4-a01b-4579-94f2-d6b0caaddd7d", "message": "Order ready for recommendation checking", "meta": {"num_products": 1}}
{"timestamp": "2025-12-30T12:37:23.635126", "level": "INFO", "service": "order_tracker", "event": "ORDER_READY_FOR_CHECKING", "order_id": "e5624d36-fc92-430d-8774-007124d146dd", "message": "Order ready for recommendation checking", "meta": {"num_products": 2}}
{"timestamp": "2025-12-30T12:37:23.654513", "level": "INFO", "service": "order_tracker", "event": "ORDER_READY_FOR_CHECKING", "order_id": "6fa80b92-9fbe-4e9d-bdaa-0608f8a16b5a", "message": "Order ready for recommendation checking", "meta": {"num_products": 1}}
{"timestamp": "2025-12-30T12:37:23.682290", "level": "INFO", "service": "order_tracker", "event": "ORDER_READY_FOR_CHECKING", "order_id": "b44f86a4-d100-4827-9b0e-d8623de7d349", "message": "Order ready for recommendation checking", "meta": {"num_products": 1}}
{"timestamp": "2025-12-30T12:37:23.704470", "level": "INFO", "service": "order_tracker", "event": "ORDER_READY_FOR_CHECKING", "order_id": "4322bab9-0c03-4176-adc8-e5c1054f8a5f", "message": "Order ready for recommendation checking", "meta": {"num_products": 1}}
{"timestamp": "2025-12-30T12:37:23.733683", "level": "INFO", "service": "order_tracker", "event": "ORDER_READY_FOR_CHECKING", "order_id": "012a18bb-a874-4d17-ad9e-117c6f88f5e4", "message": "Order ready for recommendation checking", "meta": {"num_products": 1}}
{"timestamp": "2025-12-30T12:37:23.759648", "level": "INFO", "service": "order_tracker", "event": "ORDER_READY_FOR_CHECKING", "order_id": "e19a1ced-a72d-4e6f-a1f2-22040bf5b2d0", "message": "Order ready for recommendation checking", "meta": {"num_products": 1}}
{"timestamp": "2025-12-30T12:37:23.782762", "level": "INFO", "service": "order_tracker", "event": "ORDER_READY_FOR_CHECKING", "order_id": "305f9fa2-f92e-40e2-a1fe-f86fc02ee4e6", "message": "Order ready for recommendation checking", "meta": {"num_products": 1}}
{"timestamp": "2025-12-30T12:37:23.809135", "level": "INFO", "service": "order_tracker", "event": "ORDER_READY_FOR_CHECKING", "order_id": "4916be53-93d8-4c0f-bb4e-78a553753011", "message": "Order ready for recommendation checking", "meta": {"num_products": 1}}
{"timestamp": "2025-12-30T12:37:23.837763", "level": "INFO", "service": "order_tracker", "event": "ORDER_READY_FOR_CHECKING", "order_id": "2d7f4537-252b-479c-87ae-0163e6b16d25", "message": "Order ready for recommendation checking", "meta": {"num_products": 1}}
{"timestamp": "2025-12-30T12:37:23.858722", "level": "INFO", "service": "order_tracker", "event": "ORDER_READY_FOR_CHECKING", "order_id": "28bbdb0e-514e-4bf4-ace8-e3978ee100ef", "message": "Order ready for recommendation checking", "meta": {"num_products": 1}}
{"timestamp": "2025-12-30T12:37:23.877649", "level": "INFO", "service": "order_tracker", "event": "ORDER_READY_FOR_CHECKING", "order_id": "16c199d3-153f-4e20-ac9c-bf1102c24b78", "message": "Order ready for recommendation checking", "meta": {"num_products": 1}}
{"timestamp": "2025-12-30T12:37:23.911057", "level": "INFO", "service": "order_tracker", "event": "ORDER_READY_FOR_CHECKING", "order_id": "fe33c94e-7dc9-440c-90bc-5096deb4a51a", "message": "Order ready for recommendation checking", "meta": {"num_products": 1}}
{"timestamp": "2025-12-30T12:37:23.936840", "level": "INFO", "service": "order_tracker", "event": "ORDER_READY_FOR_CHECKING", "order_id": "33cebc0d-60b6-43db-bd4b-656eece8857b", "message": "Order ready for recommendation checking", "meta": {"num_products": 2}}
{"timestamp": "2025-12-30T12:37:23.961199", "level": "INFO", "service": "order_tracker", "event": "ORDER_READY_FOR_CHECKING", "order_id": "18af4171-5450-45f1-bca6-668b834ff3ef", "message": "Order ready for recommendation checking", "meta": {"num_products": 1}}
{"timestamp": "2025-12-30T12:37:23.980968", "level": "INFO", "service": "order_tracker", "event": "ORDER_READY_FOR_CHECKING", "order_id": "b9a4d297-f09a-41c4-939f-f6907257dbe1", "message": "Order ready for recommendation checking", "meta": {"num_products": 1}}
{"timestamp": "2025-12-30T12:37:24.005762", "level": "INFO", "service": "order_tracker", "event": "ORDER_READY_FOR_CHECKING", "order_id": "d5775131-b6ae-4e07-8ad1-f3ab765d6b25", "message": "Order ready for recommendation checking", "meta": {"num_products": 1}}
{"timestamp": "2025-12-30T12:37:24.031095", "level": "INFO", "service": "order_tracker", "event": "ORDER_READY_FOR_CHECKING", "order_id": "62e89d2f-c1a8-4884-8483-b4691940b77a", "message": "Order ready for recommendation checking", "meta": {"num_products": 2}}
{"timestamp": "2025-12-30T12:37:24.057881", "level": "INFO", "service": "order_tracker", "event": "ORDER_READY_FOR_CHECKING", "order_id": "f969000a-20db-45d2-b314-beda797c1b27", "message": "Order ready for recommendation checking", "meta": {"num_products": 1}}
{"timestamp": "2025-12-30T12:37:24.077051", "level": "INFO", "service": "order_tracker", "event": "ORDER_READY_FOR_CHECKING", "order_id": "b965f665-620a-4d03-aa14-c9a0a86bb6db", "message": "Order ready for recommendation checking", "meta": {"num_products": 2}}
{"timestamp": "2025-12-30T12:37:24.101498", "level": "INFO", "service": "order_tracker", "event": "ORDER_READY_FOR_CHECKING", "order_id": "5e2ad90a-7dd7-43a0-87e3-9a702849b5a2", "message": "Order ready for recommendation checking", "meta": {"num_products": 1}}
{"timestamp": "2025-12-30T12:37:24.117920", "level": "INFO", "service": "order_tracker", "event": "ORDER_READY_FOR_CHECKING", "order_id": "71320750-bba6-4391-b68a-87cbee6a8b28", "message": "Order ready for recommendation checking", "meta": {"num_products": 2}}
{"timestamp": "2025-12-30T12:37:24.136258", "level": "INFO", "service": "order_tracker", "event": "ORDER_READY_FOR_CHECKING", "order_id": "dd86ad8f-f381-4436-a477-d76781d6247a", "message": "Order ready for recommendation checking", "meta": {"num_products": 1}}
{"timestamp": "2025-12-30T12:37:24.174358", "level": "INFO", "service": "order_tracker", "event": "ORDER_READY_FOR_CHECKING", "order_id": "0c47917c-1a16-4d0d-8a9a-e5d89bef2231", "message": "Order ready for recommendation checking", "meta": {"num_products": 1}}
{"timestamp": "2025-12-30T12:37:24.191605", "level": "INFO", "service": "order_tracker", "event": "ORDER_READY_FOR_CHECKING", "order_id": "8d6568ef-5cd4-4448-b663-68b442b6ba2a", "message": "Order ready for recommendation checking", "meta": {"num_products": 2}}
{"timestamp": "2025-12-30T12:37:24.250309", "level": "INFO", "service": "order_tracker", "event": "ORDER_READY_FOR_CHECKING", "order_id": "e6e254c0-43fa-4e6a-a998-a7aaf7c4cc84", "message": "Order ready for recommendation checking", "meta": {"num_products": 1}}
{"timestamp": "2025-12-30T12:37:24.268928", "level": "INFO", "service": "order_tracker", "event": "ORDER_READY_FOR_CHECKING", "order_id": "0d2ddaf5-1802-47c7-b728-334d21d28d18", "message": "Order ready for recommendation checking", "meta": {"num_products": 1}}
{"timestamp": "2025-12-30T12:37:24.283292", "level": "INFO", "service": "order_tracker", "event": "ORDER_READY_FOR_CHECKING", "order_id": "7065c442-d9dd-4cd2-ab40-a05ce001ae4f", "message": "Order ready for recommendation checking", "meta": {"num_products": 1}}
{"timestamp": "2025-12-30T12:37:24.297941", "level": "INFO", "service": "order_tracker", "event": "ORDER_READY_FOR_CHECKING", "order_id": "e335928e-d2db-4c36-9bf2-7266c23d0769", "message": "Order ready for recommendation checking", "meta": {"num_products": 2}}
{"timestamp": "2025-12-30T12:37:24.311585", "level": "INFO", "service": "order_tracker", "event": "ORDER_READY_FOR_CHECKING", "order_id": "d5bd088c-2431-492c-b196-be5e4ade6a84", "message": "Order ready for recommendation checking", "meta": {"num_products": 1}}
{"timestamp": "2025-12-30T12:37:24.326803", "level": "INFO", "service": "order_tracker", "event": "ORDER_READY_FOR_CHECKING", "order_id": "5225107f-cd1f-4fd8-a312-9f534741d7a1", "message": "Order ready for recommendation checking", "meta": {"num_products": 1}}
{"timestamp": "2025-12-30T12:37:24.341927", "level": "INFO", "service": "order_tracker", "event": "ORDER_READY_FOR_CHECKING", "order_id": "b71ebf91-0592-4281-8f2e-bbd4eb117180", "message": "Order ready for recommendation checking", "meta": {"num_products": 2}}
{"timestamp": "2025-12-30T12:37:45.848493", "level": "INFO", "service": "order_tracker", "event": "ORDER_READY_FOR_CHECKING", "order_id": "16bdc8ea-3467-4c6b-aac8-f58f527177d3", "message": "Order ready for recommendation checking", "meta": {"num_products": 1}}
{"timestamp": "2025-12-30T12:37:45.922683", "level": "INFO", "service": "order_tracker", "event": "ORDER_READY_FOR_CHECKING", "order_id": "593145ee-c530-4d08-a5d0-2a7bac1195f8", "message": "Order ready for recommendation checking", "meta": {"num_products": 1}}
{"timestamp": "2025-12-30T12:37:46.296031", "level": "INFO", "service": "order_tracker", "event": "ORDER_READY_FOR_CHECKING", "order_id": "fac7df92-37f0-4c6a-9dee-2439a22b7d0c", "message": "Order ready for recommendation checking", "meta": {"num_products": 1}}
{"timestamp": "2025-12-30T12:37:46.330895", "level": "INFO", "service": "order_tracker", "event": "ORDER_READY_FOR_CHECKING", "order_id": "a21d978c-d616-4dfd-a5c2-cb0869821898", "message": "Order ready for recommendation checking", "meta": {"num_products": 1}}
{"timestamp": "2025-12-30T12:37:46.362373", "level": "INFO", "service": "order_tracker", "event": "ORDER_READY_FOR_CHECKING", "order_id": "94b3cca9-265a-4faf-8ac1-04670710dfa7", "message": "Order ready for recommendation checking", "meta": {"num_products": 1}}
{"timestamp": "2025-12-30T12:37:46.441283", "level": "INFO", "service": "order_tracker", "event": "ORDER_READY_FOR_CHECKING", "order_id": "c2ce4a92-5d53-4fc5-9c4b-3eda7a2747b3", "message": "Order ready for recommendation checking", "meta": {"num_products": 1}}
{"timestamp": "2025-12-30T12:37:46.478433", "level": "INFO", "service": "order_tracker", "event": "ORDER_READY_FOR_CHECKING", "order_id": "7ca708fe-c1ec-4c58-aff0-6022114adfb7", "message": "Order ready for recommendation checking", "meta": {"num_products": 2}}
{"timestamp": "2025-12-30T12:37:46.608713", "level": "INFO", "service": "order_tracker", "event": "ORDER_READY_FOR_CHECKING", "order_id": "d6628e03-73c4-40a7-bb3b-68cea7d68d85", "message": "Order ready for recommendation checking", "meta": {"num_products": 1}}
{"timestamp": "2025-12-30T12:37:46.718171", "level": "INFO", "service": "order_tracker", "event": "ORDER_READY_FOR_CHECKING", "order_id": "855031c1-8a5d-45c9-a749-8d8638f27814", "message": "Order ready for recommendation checking", "meta": {"num_products": 1}}
{"timestamp": "2025-12-30T12:37:46.753651", "level": "INFO", "service": "order_tracker", "event": "ORDER_READY_FOR_CHECKING", "order_id": "5b641ed3-5e89-4574-b643-9dad0c724c02", "message": "Order ready for recommendation checking", "meta": {"num_products": 1}}
{"timestamp": "2025-12-30T12:37:46.814698", "level": "INFO", "service": "order_tracker", "event": "ORDER_READY_FOR_CHECKING", "order_id": "53337463-ed78-42bf-bd3f-1665912901d0", "message": "Order ready for recommendation checking", "meta": {"num_products": 1}}
{"timestamp": "2025-12-30T12:37:46.855882", "level": "INFO", "service": "order_tracker", "event": "ORDER_READY_FOR_CHECKING", "order_id": "94220e70-e594-426a-aac0-0aee0fc4aec6", "message": "Order ready for recommendation checking", "meta": {"num_products": 1}}
{"timestamp": "2025-12-30T12:37:46.879105", "level": "INFO", "service": "order_tracker", "event": "ORDER_READY_FOR_CHECKING", "order_id": "e8b47b3f-974e-4bbe-8681-b6368fb13c7d", "message": "Order ready for recommendation checking", "meta": {"num_products": 1}}
{"timestamp": "2025-12-30T12:37:46.897323", "level": "INFO", "service": "order_tracker", "event": "ORDER_READY_FOR_CHECKING", "order_id": "5f8bb084-30f5-45d7-8821-65afe08fc231", "message": "Order ready for recommendation checking", "meta": {"num_products": 1}}
{"timestamp": "2025-12-30T12:37:47.128660", "level": "INFO", "service": "order_tracker", "event": "ORDER_READY_FOR_CHECKING", "order_id": "fff5e5cd-611a-4160-b6e8-9f044e829e29", "message": "Order ready for recommendation checking", "meta": {"num_products": 1}}
{"timestamp": "2025-12-30T12:37:47.220134", "level": "INFO", "service": "order_tracker", "event": "ORDER_READY_FOR_CHECKING", "order_id": "b2a1d41c-657a-431c-9195-805734065119", "message": "Order ready for recommendation checking", "meta": {"num_products": 1}}
{"timestamp": "2025-12-30T12:37:47.361832", "level": "INFO", "service": "order_tracker", "event": "ORDER_READY_FOR_CHECKING", "order_id": "f2ab8cb6-6ac3-4e72-908e-9488d384ac92", "message": "Order ready for recommendation checking", "meta": {"num_products": 1}}
{"timestamp": "2025-12-30T12:37:47.392727", "level": "INFO", "service": "order_tracker", "event": "ORDER_READY_FOR_CHECKING", "order_id": "1eed689f-806e-4856-800a-8f3a37c8e56c", "message": "Order ready for recommendation checking", "meta": {"num_products": 2}}
{"timestamp": "2025-12-30T12:37:47.420590", "level": "INFO", "service": "order_tracker", "event": "ORDER_READY_FOR_CHECKING", "order_id": "f5c9fe2f-88c0-4dec-a122-c6e63532436a", "message": "Order ready for recommendation checking", "meta": {"num_products": 1}}
{"timestamp": "2025-12-30T12:37:47.451763", "level": "INFO", "service": "order_tracker", "event": "ORDER_READY_FOR_CHECKING", "order_id": "b098ec25-f260-4624-95d6-8a4cb3a37a2a", "message": "Order ready for recommendation checking", "meta": {"num_products": 1}}
{"timestamp": "2025-12-30T12:37:47.672949", "level": "INFO", "service": "order_tracker", "event": "ORDER_READY_FOR_CHECKING", "order_id": "b4c72585-02e2-4ce5-9cd0-1ad63639e32a", "message": "Order ready for recommendation checking", "meta": {"num_products": 1}}
{"timestamp": "2025-12-30T12:37:47.713221", "level": "INFO", "service": "order_tracker", "event": "ORDER_READY_FOR_CHECKING", "order_id": "250935ac-6c1d-400a-b440-d2750afe37fb", "message": "Order ready for recommendation checking", "meta": {"num_products": 1}}
{"timestamp": "2025-12-30T12:37:47.750357", "level": "INFO", "service": "order_tracker", "event": "ORDER_READY_FOR_CHECKING", "order_id": "76ce768d-39fc-4d55-a74b-02e13983732d", "message": "Order ready for recommendation checking", "meta": {"num_products": 1}}
{"timestamp": "2025-12-30T12:37:47.777563", "level": "INFO", "service": "order_tracker", "event": "ORDER_READY_FOR_CHECKING", "order_id": "3169a00d-0c25-42d8-af98-3650f2475705", "message": "Order ready for recommendation checking", "meta": {"num_products": 1}}
{"timestamp": "2025-12-30T12:37:47.803706", "level": "INFO", "service": "order_tracker", "event": "ORDER_READY_FOR_CHECKING", "order_id": "766daa0a-b2e5-43d0-8c2a-7f2fbdd13d1b", "message": "Order ready for recommendation checking", "meta": {"num_products": 1}}
{"timestamp": "2025-12-30T12:37:47.822789", "level": "INFO", "service": "order_tracker", "event": "ORDER_READY_FOR_CHECKING", "order_id": "b1752cc4-7a38-4b8e-bfdd-7d7c6769200c", "message": "Order ready for recommendation checking", "meta": {"num_products": 1}}
{"timestamp": "2025-12-30T12:37:48.013666", "level": "INFO", "service": "order_tracker", "event": "ORDER_READY_FOR_CHECKING", "order_id": "27ceb646-9078-4220-a3d3-e37a99cba84c", "message": "Order ready for recommendation checking", "meta": {"num_products": 1}}
{"timestamp": "2025-12-30T12:37:48.049876", "level": "INFO", "service": "order_tracker", "event": "ORDER_READY_FOR_CHECKING", "order_id": "d359a13e-643d-4652-9820-63382a800c9b", "message": "Order ready for recommendation checking", "meta": {"num_products": 2}}
{"timestamp": "2025-12-30T12:37:48.072907", "level": "INFO", "service": "order_tracker", "event": "ORDER_READY_FOR_CHECKING", "order_id": "f3940f79-28f9-4fd8-b2df-8f65743d8c95", "message": "Order ready for recommendation checking", "meta": {"num_products": 1}}
{"timestamp": "2025-12-30T12:37:48.220835", "level": "INFO", "service": "order_tracker", "event": "ORDER_READY_FOR_CHECKING", "order_id": "4dbe2b7a-0424-4b37-a389-04ebb8f6f968", "message": "Order ready for recommendation checking", "meta": {"num_products": 2}}
{"timestamp": "2025-12-30T12:37:48.247332", "level": "INFO", "service": "order_tracker", "event": "ORDER_READY_FOR_CHECKING", "order_id": "b72bc3c7-3f9b-448c-9c23-6b0bda03bad0", "message": "Order ready for recommendation checking", "meta": {"num_products": 1}}
{"timestamp": "2025-12-30T12:37:48.270197", "level": "INFO", "service": "order_tracker", "event": "ORDER_READY_FOR_CHECKING", "order_id": "38b7c070-f4e9-4241-a3fe-8f9518c4fb16", "message": "Order ready for recommendation checking", "meta": {"num_products": 1}}
{"timestamp": "2025-12-30T12:37:48.458134", "level": "INFO", "service": "order_tracker", "event": "ORDER_READY_FOR_CHECKING", "order_id": "88771665-7098-480d-9634-f6c45ef12c4f", "message": "Order ready for recommendation checking", "meta": {"num_products": 1}}
{"timestamp": "2025-12-30T12:37:48.522770", "level": "INFO", "service": "order_tracker", "event": "ORDER_READY_FOR_CHECKING", "order_id": "85c5a388-15c8-4919-a10d-a0197dd9d693", "message": "Order ready for recommendation checking", "meta": {"num_products": 1}}
{"timestamp": "2025-12-30T12:37:48.558192", "level": "INFO", "service": "order_tracker", "event": "ORDER_READY_FOR_CHECKING", "order_id": "9f79d3d7-1184-40ee-be67-62a34cc305f9", "message": "Order ready for recommendation checking", "meta": {"num_products": 1}}
{"timestamp": "2025-12-30T12:37:48.620729", "level": "INFO", "service": "order_tracker", "event": "ORDER_READY_FOR_CHECKING", "order_id": "9aaaf480-f33e-4638-a508-88e035040375", "message": "Order ready for recommendation checking", "meta": {"num_products": 2}}
{"timestamp": "2025-12-30T12:37:48.826070", "level": "INFO", "service": "order_tracker", "event": "ORDER_READY_FOR_CHECKING", "order_id": "6f3f5422-bc99-4442-ba57-f78605ea8e71", "message": "Order ready for recommendation checking", "meta": {"num_products": 1}}
{"timestamp": "2025-12-30T12:37:49.112870", "level": "INFO", "service": "order_tracker", "event": "ORDER_READY_FOR_CHECKING", "order_id": "98402ade-041c-424c-950e-7b0e516a59c9", "message": "Order ready for recommendation checking", "meta": {"num_products": 1}}
{"timestamp": "2025-12-30T12:37:49.180391", "level": "INFO", "service": "order_tracker", "event": "ORDER_READY_FOR_CHECKING", "order_id": "afda8f71-501c-46b2-a709-88946814dbd2", "message": "Order ready for recommendation checking", "meta": {"num_products": 1}}
{"timestamp": "2025-12-30T12:37:49.245977", "level": "INFO", "service": "order_tracker", "event": "ORDER_READY_FOR_CHECKING", "order_id": "87a2ed31-81db-4596-a2fa-f250599b275e", "message": "Order ready for recommendation checking", "meta": {"num_products": 1}}
{"timestamp": "2025-12-30T12:37:50.444221", "level": "INFO", "service": "order_tracker", "event": "ORDER_READY_FOR_CHECKING", "order_id": "b5c1177b-e004-4999-bb24-275a77d20bc2", "message": "Order ready for recommendation checking", "meta": {"num_products": 1}}
{"timestamp": "2025-12-30T12:37:50.640789", "level": "INFO", "service": "order_tracker", "event": "ORDER_READY_FOR_CHECKING", "order_id": "9377759d-a1d6-4062-bce2-bbff9a434dc4", "message": "Order ready for recommendation checking", "meta": {"num_products": 2}}
{"timestamp": "2025-12-30T12:37:50.747014", "level": "INFO", "service": "order_tracker", "event": "ORDER_READY_FOR_CHECKING", "order_id": "0d1c1977-11ae-4ccc-b2f2-f0559a719ce7", "message": "Order ready for recommendation checking", "meta": {"num_products": 1}}
{"timestamp": "2025-12-30T12:37:50.842174", "level": "INFO", "service": "order_tracker", "event": "ORDER_READY_FOR_CHECKING", "order_id": "8c7b0caa-c23b-4ecd-a7ab-b20f989d6364", "message": "Order ready for recommendation checking", "meta": {"num_products": 1}}
{"timestamp": "2025-12-30T12:37:50.937769", "level": "INFO", "service": "order_tracker", "event": "ORDER_READY_FOR_CHECKING", "order_id": "efd3578e-8ad6-4cce-99f9-bbc21779ad71", "message": "Order ready for recommendation checking", "meta": {"num_products": 3}}
{"timestamp": "2025-12-30T12:37:51.506193", "level": "INFO", "service": "order_tracker", "event": "ORDER_READY_FOR_CHECKING", "order_id": "3b2bd1d6-5d24-4e24-80ee-252e59581c47", "message": "Order ready for recommendation checking", "meta": {"num_products": 1}}
{"timestamp": "2025-12-30T12:37:51.672978", "level": "INFO", "service": "order_tracker", "event": "ORDER_READY_FOR_CHECKING", "order_id": "93fe31aa-dd59-4f83-89bd-b4e979d10827", "message": "Order ready for recommendation checking", "meta": {"num_products": 1}}
{"timestamp": "2025-12-30T12:37:51.759554", "level": "INFO", "service": "order_tracker", "event": "ORDER_READY_FOR_CHECKING", "order_id": "279f8a5d-68d0-4f80-8fb0-8dedbb069d2d", "message": "Order ready for recommendation checking", "meta": {"num_products": 2}}
{"timestamp": "2025-12-30T12:37:51.957830", "level": "INFO", "service": "order_tracker", "event": "ORDER_READY_FOR_CHECKING", "order_id": "369c1019-9432-472d-938c-6a3a9a8e3a86", "message": "Order ready for recommendation checking", "meta": {"num_products": 1}}
{"timestamp": "2025-12-30T12:37:52.768997", "level": "INFO", "service": "order_tracker", "event": "ORDER_READY_FOR_CHECKING", "order_id": "5e82becb-a0a9-4d1b-9c65-1773d4667917", "message": "Order ready for recommendation checking", "meta": {"num_products": 1}}
{"timestamp": "2025-12-30T12:37:53.346742", "level": "INFO", "service": "order_tracker", "event": "ORDER_READY_FOR_CHECKING", "order_id": "920105ce-c74c-44e1-a9ff-95f1b94bb056", "message": "Order ready for recommendation checking", "meta": {"num_products": 2}}
{"timestamp": "2025-12-30T12:37:53.507038", "level": "INFO", "service": "order_tracker", "event": "ORDER_READY_FOR_CHECKING", "order_id": "a09838a1-fa0e-4605-9b0a-7df461e6e666", "message": "Order ready for recommendation checking", "meta": {"num_products": 3}}
{"timestamp": "2025-12-30T12:37:53.573129", "level": "INFO", "service": "order_tracker", "event": "ORDER_READY_FOR_CHECKING", "order_id": "6294f970-45b1-4a4b-9f7e-9e7e1614b378", "message": "Order ready for recommendation checking", "meta": {"num_products": 1}}
{"timestamp": "2025-12-30T12:37:54.027659", "level": "INFO", "service": "order_tracker", "event": "ORDER_READY_FOR_CHECKING", "order_id": "3e88bd0b-c1fb-4e67-86bc-235c236dfab6", "message": "Order ready for recommendation checking", "meta": {"num_products": 2}}
{"timestamp": "2025-12-30T12:37:54.110158", "level": "INFO", "service": "order_tracker", "event": "ORDER_READY_FOR_CHECKING", "order_id": "9ec8319b-3cbf-4f57-aa2c-c97cd2ccfd77", "message": "Order ready for recommendation checking", "meta": {"num_products": 2}}
{"timestamp": "2025-12-30T12:37:54.196614", "level": "INFO", "service": "order_tracker", "event": "ORDER_READY_FOR_CHECKING", "order_id": "7129f271-b00b-40c7-83e5-83f5e746b040", "message": "Order ready for recommendation checking", "meta": {"num_products": 1}}
{"timestamp": "2025-12-30T12:37:55.453370", "level": "INFO", "service": "order_tracker", "event": "ORDER_READY_FOR_CHECKING", "order_id": "477790f5-784f-411a-abd9-1d596ca6ee34", "message": "Order ready for recommendation checking", "meta": {"num_products": 2}}
{"timestamp": "2025-12-30T12:37:55.588851", "level": "INFO", "service": "order_tracker", "event": "ORDER_READY_FOR_CHECKING", "order_id": "ebdc35c7-252a-44c4-9afa-968f06c44dc0", "message": "Order ready for recommendation checking", "meta": {"num_products": 1}}
{"timestamp": "2025-12-30T12:37:55.640633", "level": "INFO", "service": "order_tracker", "event": "ORDER_READY_FOR_CHECKING", "order_id": "b08c972c-8c2a-4c61-890f-2290682a7981", "message": "Order ready for recommendation checking", "meta": {"num_products": 1}}
{"timestamp": "2025-12-30T12:37:55.703823", "level": "INFO", "service": "order_tracker", "event": "ORDER_READY_FOR_CHECKING", "order_id": "8d48968b-dc19-4389-a4c0-1ddaffc42116", "message": "Order ready for recommendation checking", "meta": {"num_products": 1}}
{"timestamp": "2025-12-30T12:37:56.003826", "level": "INFO", "service": "order_tracker", "event": "ORDER_READY_FOR_CHECKING", "order_id": "4bcd3ad4-da53-4290-bfab-b20115f1feaf", "message": "Order ready for recommendation checking", "meta": {"num_products": 1}}
{"timestamp": "2025-12-30T12:37:56.143211", "level": "INFO", "service": "order_tracker", "event": "ORDER_READY_FOR_CHECKING", "order_id": "46fa1d0f-d4fe-4397-8f31-60d3e6c07299", "message": "Order ready for recommendation checking", "meta": {"num_products": 2}}
{"timestamp": "2025-12-30T12:37:56.320290", "level": "INFO", "service": "order_tracker", "event": "ORDER_READY_FOR_CHECKING", "order_id": "48c1750d-a1ec-4625-b9d7-9b6498a21d0d", "message": "Order ready for recommendation checking", "meta": {"num_products": 1}}
{"timestamp": "2025-12-30T12:37:56.325978", "level": "INFO", "service": "order_tracker", "event": "ORDER_READY_FOR_CHECKING", "order_id": "1aaf9a6f-516a-4411-8ebe-637d8fe108ca", "message": "Order ready for recommendation checking", "meta": {"num_products": 1}}
{"timestamp": "2025-12-30T12:37:56.357943", "level": "INFO", "service": "order_tracker", "event": "ORDER_READY_FOR_CHECKING", "order_id": "059e7f53-d8e9-4964-9818-f4c09bea591e", "message": "Order ready for recommendation checking", "meta": {"num_products": 3}}
{"timestamp": "2025-12-30T12:37:56.836868", "level": "INFO", "service": "order_tracker", "event": "ORDER_READY_FOR_CHECKING", "order_id": "52f11b88-1792-4702-a13c-cd2774df9fb5", "message": "Order ready for recommendation checking", "meta": {"num_products": 2}}
{"timestamp": "2025-12-30T12:37:56.960527", "level": "INFO", "service": "order_tracker", "event": "ORDER_READY_FOR_CHECKING", "order_id": "24fe0f56-e01d-461c-81ce-7556aebb375e", "message": "Order ready for recommendation checking", "meta": {"num_products": 3}}
{"timestamp": "2025-12-30T12:37:57.019016", "level": "INFO", "service": "order_tracker", "event": "ORDER_READY_FOR_CHECKING", "order_id": "52079743-aa46-4c7d-a8e4-f0f0834d6c5e", "message": "Order ready for recommendation checking", "meta": {"num_products": 1}}
{"timestamp": "2025-12-30T12:37:57.074557", "level": "INFO", "service": "order_tracker", "event": "ORDER_READY_FOR_CHECKING", "order_id": "acecec3a-1df4-42fc-b986-15efbe745be3", "message": "Order ready for recommendation checking", "meta": {"num_products": 1}}
{"timestamp": "2025-12-30T12:37:57.248108", "level": "INFO", "service": "order_tracker", "event": "ORDER_READY_FOR_CHECKING", "order_id": "c8a3d5c4-19dc-4188-ad02-595b9d9232ff", "message": "Order ready for recommendation checking", "meta": {"num_products": 1}}
{"timestamp": "2025-12-30T12:37:57.303508", "level": "INFO", "service": "order_tracker", "event": "ORDER_READY_FOR_CHECKING", "order_id": "a1fff8fd-2148-4e8a-bb3e-6dc6cb17310c", "message": "Order ready for recommendation checking", "meta": {"num_products": 1}}
{"timestamp": "2025-12-30T12:37:59.038839", "level": "INFO", "service": "order_tracker", "event": "ORDER_READY_FOR_CHECKING", "order_id": "879bf907-88f5-4686-bb16-616486a93c9b", "message": "Order ready for recommendation checking", "meta": {"num_products": 1}}
{"timestamp": "2025-12-30T12:38:07.263162", "level": "INFO", "service": "order_tracker", "event": "ORDER_READY_FOR_CHECKING", "order_id": "f1d91f61-436c-46a4-90ec-733c56219bbe", "message": "Order ready for recommendation checking", "meta": {"num_products": 1}}
{"timestamp": "2025-12-30T12:38:10.496822", "level": "INFO", "service": "order_tracker", "event": "ORDER_READY_FOR_CHECKING", "order_id": "0ed51d23-cab6-4189-954c-0f8f994121c5", "message": "Order ready for recommendation checking", "meta": {"num_products": 2}}
{"timestamp": "2025-12-30T12:38:10.590912", "level": "INFO", "service": "order_tracker", "event": "ORDER_READY_FOR_CHECKING", "order_id": "f19b1073-7c30-40c6-9e36-5c2357339c47", "message": "Order ready for recommendation checking", "meta": {"num_products": 1}}
{"timestamp": "2025-12-30T12:38:10.657637", "level": "INFO", "service": "order_tracker", "event": "ORDER_READY_FOR_CHECKING", "order_id": "00309240-2583-4e7a-aebc-4f0b19f6892c", "message": "Order ready for recommendation checking", "meta": {"num_products": 1}}
{"timestamp": "2025-12-30T12:38:10.787991", "level": "INFO", "service": "order_tracker", "event": "ORDER_READY_FOR_CHECKING", "order_id": "e2fec616-ec4f-4df6-ace8-6f3b299c5df1", "message": "Order ready for recommendation checking", "meta": {"num_products": 1}}
{"timestamp": "2025-12-30T12:38:11.728588", "level": "INFO", "service": "order_tracker", "event": "ORDER_READY_FOR_CHECKING", "order_id": "6517f15a-46e9-4be3-a15c-c86b8dfac756", "message": "Order ready for recommendation checking", "meta": {"num_products": 1}}
{"timestamp": "2025-12-30T12:38:11.896921", "level": "INFO", "service": "order_tracker", "event": "ORDER_READY_FOR_CHECKING", "order_id": "2f4f72a2-c19a-4237-af8b-9093a90997d9", "message": "Order ready for recommendation checking", "meta": {"num_products": 1}}
{"timestamp": "2025-12-30T12:38:19.549414", "level": "INFO", "service": "order_tracker", "event": "ORDER_READY_FOR_CHECKING", "order_id": "19d8eb48-37a7-4ee1-9cb8-0726681e908d", "message": "Order ready for recommendation checking", "meta": {"num_products": 1}}
{"timestamp": "2025-12-30T12:38:19.603056", "level": "INFO", "service": "order_tracker", "event": "ORDER_READY_FOR_CHECKING", "order_id": "f998fc6a-5c23-4acb-8e79-c6073b1e26bc", "message": "Order ready for recommendation checking", "meta": {"num_products": 2}}
{"timestamp": "2025-12-30T12:38:19.654472", "level": "INFO", "service": "order_tracker", "event": "ORDER_READY_FOR_CHECKING", "order_id": "9f40d49f-d1f6-4b50-a9d6-3c35582b4bb1", "message": "Order ready for recommendation checking", "meta": {"num_products": 1}}
{"timestamp": "2025-12-30T12:38:19.686996", "level": "INFO", "service": "order_tracker", "event": "ORDER_READY_FOR_CHECKING", "order_id": "0f682ef5-0083-477f-8f46-c88764e6c538", "message": "Order ready for recommendation checking", "meta": {"num_products": 1}}
{"timestamp": "2025-12-30T12:38:19.697543", "level": "INFO", "service": "order_tracker", "event": "ORDER_READY_FOR_CHECKING", "order_id": "1cd8e044-1896-48f6-a43e-19280069419e", "message": "Order ready for recommendation checking", "meta": {"num_products": 3}}
{"timestamp": "2025-12-30T12:38:19.780056", "level": "INFO", "service": "order_tracker", "event": "ORDER_READY_FOR_CHECKING", "order_id": "d47c5651-a5b4-4161-b346-5c22ed5d1931", "message": "Order ready for recommendation checking", "meta": {"num_products": 1}}
{"timestamp": "2025-12-30T12:38:19.803144", "level": "INFO", "service": "order_tracker", "event": "ORDER_READY_FOR_CHECKING", "order_id": "a516fde3-d93d-40fb-9d50-a17cf58aa6bf", "message": "Order ready for recommendation checking", "meta": {"num_products": 1}}
{"timestamp": "2025-12-30T12:38:19.816642", "level": "INFO", "service": "order_tracker", "event": "ORDER_READY_FOR_CHECKING", "order_id": "dbb1563d-0465-4690-a652-843331e00a11", "message": "Order ready for recommendation checking", "meta": {"num_products": 1}}
{"timestamp": "2025-12-30T12:38:19.923591", "level": "INFO", "service": "order_tracker", "event": "ORDER_READY_FOR_CHECKING", "order_id": "4dff4988-d608-45d7-a0c3-102863a046a2", "message": "Order ready for recommendation checking", "meta": {"num_products": 1}}
{"timestamp": "2025-12-30T12:38:20.071367", "level": "INFO", "service": "order_tracker", "event": "ORDER_READY_FOR_CHECKING", "order_id": "2c32546f-7a32-4dbe-b383-bed61998e6ef", "message": "Order ready for recommendation checking", "meta": {"num_products": 1}}
{"timestamp": "2025-12-30T12:38:20.128413", "level": "INFO", "service": "order_tracker", "event": "ORDER_READY_FOR_CHECKING", "order_id": "57843173-34eb-4910-829a-4934d8f045e9", "message": "Order ready for recommendation checking", "meta": {"num_products": 1}}
{"timestamp": "2025-12-30T12:38:20.196790", "level": "INFO", "service": "order_tracker", "event": "ORDER_READY_FOR_CHECKING", "order_id": "29b0ad7c-73a4-4d5a-8113-e35ae62c10f0", "message": "Order ready for recommendation checking", "meta": {"num_products": 3}}
{"timestamp": "2025-12-30T12:38:20.242143", "level": "INFO", "service": "order_tracker", "event": "ORDER_READY_FOR_CHECKING", "order_id": "9e517f22-669f-4bf8-ba78-fed2d4b3858a", "message": "Order ready for recommendation checking", "meta": {"num_products": 1}}
{"timestamp": "2025-12-30T12:38:20.274287", "level": "INFO", "service": "order_tracker", "event": "ORDER_READY_FOR_CHECKING", "order_id": "7b18ae7c-df39-462f-baf8-868c64ea464b", "message": "Order ready for recommendation checking", "meta": {"num_products": 1}}
{"timestamp": "2025-12-30T12:38:20.276907", "level": "INFO", "service": "order_tracker", "event": "ORDER_READY_FOR_CHECKING", "order_id": "a45f807c-6e97-41da-a49f-c9ac5dcac2b8", "message": "Order ready for recommendation checking", "meta": {"num_products": 1}}
{"timestamp": "2025-12-30T12:38:20.333120", "level": "INFO", "service": "order_tracker", "event": "ORDER_READY_FOR_CHECKING", "order_id": "461e1c35-412a-4186-9053-79f76b04ed07", "message": "Order ready for recommendation checking", "meta": {"num_products": 1}}
{"timestamp": "2025-12-30T12:38:20.437581", "level": "INFO", "service": "order_tracker", "event": "ORDER_READY_FOR_CHECKING", "order_id": "bd051d0d-2897-4fed-9f40-9a3b55a0f88f", "message": "Order ready for recommendation checking", "meta": {"num_products": 1}}
{"timestamp": "2025-12-30T12:38:20.631479", "level": "INFO", "service": "order_tracker", "event": "ORDER_READY_FOR_CHECKING", "order_id": "0201f6a4-634b-4880-a2d2-87ec38d22b2b", "message": "Order ready for recommendation checking", "meta": {"num_products": 1}}
{"timestamp": "2025-12-30T12:38:20.678964", "level": "INFO", "service": "order_tracker", "event": "ORDER_READY_FOR_CHECKING", "order_id": "d05b5bbd-7810-416a-8d87-901d42140f74", "message": "Order ready for recommendation checking", "meta": {"num_products": 1}}
{"timestamp": "2025-12-30T12:38:20.723818", "level": "INFO", "service": "order_tracker", "event": "ORDER_READY_FOR_CHECKING", "order_id": "33292306-89eb-4093-b50f-72116f82ad10", "message": "Order ready for recommendation checking", "meta": {"num_products": 1}}
{"timestamp": "2025-12-30T12:38:20.762222", "level": "INFO", "service": "order_tracker", "event": "ORDER_READY_FOR_CHECKING", "order_id": "e3199e8c-c0b7-4f4b-9d66-74bb68523b2a", "message": "Order ready for recommendation checking", "meta": {"num_products": 1}}
{"timestamp": "2025-12-30T12:38:20.798739", "level": "INFO", "service": "order_tracker", "event": "ORDER_READY_FOR_CHECKING", "order_id": "c0f78d4d-9eb0-4814-8b01-5903efe27f22", "message": "Order ready for recommendation checking", "meta": {"num_products": 1}}
{"timestamp": "2025-12-30T12:38:21.507006", "level": "INFO", "service": "order_tracker", "event": "ORDER_READY_FOR_CHECKING", "order_id": "a6258a49-817e-48e0-aa46-00eefce94496", "message": "Order ready for recommendation checking", "meta": {"num_products": 1}}
{"timestamp": "2025-12-30T12:38:27.523253", "level": "INFO", "service": "order_tracker", "event": "ORDER_READY_FOR_CHECKING", "order_id": "7736db6c-423b-4632-84bf-2652dcae695d", "message": "Order ready for recommendation checking", "meta": {"num_products": 3}}
{"timestamp": "2025-12-30T12:38:29.430398", "level": "INFO", "service": "order_tracker", "event": "ORDER_READY_FOR_CHECKING", "order_id": "a183d9b3-db73-4699-bfc5-71a7655dcf4b", "message": "Order ready for recommendation checking", "meta": {"num_products": 1}}
{"timestamp": "2025-12-30T12:38:29.479463", "level": "INFO", "service": "order_tracker", "event": "ORDER_READY_FOR_CHECKING", "order_id": "497a5cdf-15bf-4f28-b864-d50c7a2db011", "message": "Order ready for recommendation checking", "meta": {"num_products": 1}}
{"timestamp": "2025-12-30T12:38:29.552118", "level": "INFO", "service": "order_tracker", "event": "ORDER_READY_FOR_CHECKING", "order_id": "371c29b9-51ba-4dd1-8a49-0d372741e4eb", "message": "Order ready for recommendation checking", "meta": {"num_products": 1}}
{"timestamp": "2025-12-30T12:38:29.618467", "level": "INFO", "service": "order_tracker", "event": "ORDER_READY_FOR_CHECKING", "order_id": "e21930fc-ddee-4294-8970-4da277f2221c", "message": "Order ready for recommendation checking", "meta": {"num_products": 1}}
{"timestamp": "2025-12-30T12:38:42.257160", "level": "INFO", "service": "order_tracker", "event": "ORDER_READY_FOR_CHECKING", "order_id": "6ee73c47-8eff-4f56-8ac0-1d43a07146b0", "message": "Order ready for recommendation checking", "meta": {"num_products": 1}}
{"timestamp": "2025-12-30T12:38:42.289573", "level": "INFO", "service": "order_tracker", "event": "ORDER_READY_FOR_CHECKING", "order_id": "5d7174bc-dbd5-436b-bb0d-b8ab281c3ffb", "message": "Order ready for recommendation checking", "meta": {"num_products": 2}}
{"timestamp": "2025-12-30T12:38:42.317002", "level": "INFO", "service": "order_tracker", "event": "ORDER_READY_FOR_CHECKING", "order_id": "963fbbb0-5588-467f-a061-4a44a4de2643", "message": "Order ready for recommendation checking", "meta": {"num_products": 1}}
{"timestamp": "2025-12-30T12:38:42.382529", "level": "INFO", "service": "order_tracker", "event": "ORDER_READY_FOR_CHECKING", "order_id": "6543b774-23cb-4903-afb0-d00f1ef83466", "message": "Order ready for recommendation checking", "meta": {"num_products": 3}}
{"timestamp": "2025-12-30T12:38:43.309800", "level": "INFO", "service": "order_tracker", "event": "ORDER_READY_FOR_CHECKING", "order_id": "afaf1f79-e120-408b-8253-09e81d8606a6", "message": "Order ready for recommendation checking", "meta": {"num_products": 1}}
{"timestamp": "2025-12-30T12:38:43.376312", "level": "INFO", "service": "order_tracker", "event": "ORDER_READY_FOR_CHECKING", "order_id": "a659b52e-366f-4f44-a2da-bc7e9c51f13c", "message": "Order ready for recommendation checking", "meta": {"num_products": 2}}
{"timestamp": "2025-12-30T12:39:58.171455", "level": "INFO", "service": "order_tracker", "event": "ORDER_READY_FOR_CHECKING", "order_id": "8c39cb10-5d84-4355-92b2-ca206b75c7eb", "message": "Order ready for recommendation checking", "meta": {"num_products": 2}}
{"timestamp": "2025-12-30T12:39:58.197621", "level": "INFO", "service": "order_tracker", "event": "ORDER_READY_FOR_CHECKING", "order_id": "5c245fdc-d283-4f68-898b-ac6509056f46", "message": "Order ready for recommendation checking", "meta": {"num_products": 1}}
{"timestamp": "2025-12-30T12:39:58.240180", "level": "INFO", "service": "order_tracker", "event": "ORDER_READY_FOR_CHECKING", "order_id": "07b78517-2147-4943-89d7-fe5033ff8e73", "message": "Order ready for recommendation checking", "meta": {"num_products": 1}}
{"timestamp": "2025-12-30T12:39:58.246816", "level": "INFO", "service": "order_tracker", "event": "ORDER_READY_FOR_CHECKING", "order_id": "134fd522-f31a-4e34-adcf-abc9d3f26054", "message": "Order ready for recommendation checking", "meta": {"num_products": 1}}
{"timestamp": "2025-12-30T12:39:58.274113", "level": "INFO", "service": "order_tracker", "event": "ORDER_READY_FOR_CHECKING", "order_id": "8da56cff-7471-4da8-9b7d-9736bd776869", "message": "Order ready for recommendation checking", "meta": {"num_products": 2}}
{"timestamp": "2025-12-30T12:39:58.296156", "level": "INFO", "service": "order_tracker", "event": "ORDER_READY_FOR_CHECKING", "order_id": "911457b1-fa24-4977-8664-998a15563c94", "message": "Order ready for recommendation checking", "meta": {"num_products": 1}}
{"timestamp": "2025-12-30T12:39:58.329846", "level": "INFO", "service": "order_tracker", "event": "ORDER_READY_FOR_CHECKING", "order_id": "5e087837-a1ba-494e-9bfc-4b9387a1df46", "message": "Order ready for recommendation checking", "meta": {"num_products": 1}}
{"timestamp": "2025-12-30T12:39:58.381453", "level": "INFO", "service": "order_tracker", "event": "ORDER_READY_FOR_CHECKING", "order_id": "7e42b0cb-bd9b-44d6-bf65-b94b3e4cddb9", "message": "Order ready for recommendation checking", "meta": {"num_products": 1}}
{"timestamp": "2025-12-30T12:39:58.427099", "level": "INFO", "service": "order_tracker", "event": "ORDER_READY_FOR_CHECKING", "order_id": "b4760944-552c-4ad3-bc92-7cddf995418c", "message": "Order ready for recommendation checking", "meta": {"num_products": 1}}
{"timestamp": "2025-12-30T12:39:58.504507", "level": "INFO", "service": "order_tracker", "event": "ORDER_READY_FOR_CHECKING", "order_id": "0b25dde4-933b-4f72-9348-891a50ec9dc5", "message": "Order ready for recommendation checking", "meta": {"num_products": 1}}
{"timestamp": "2025-12-30T12:39:58.617578", "level": "INFO", "service": "order_tracker", "event": "ORDER_READY_FOR_CHECKING", "order_id": "7cb148bc-1462-4229-a9c5-ce0169360131", "message": "Order ready for recommendation checking", "meta": {"num_products": 1}}
{"timestamp": "2025-12-30T12:39:58.678107", "level": "INFO", "service": "order_tracker", "event": "ORDER_READY_FOR_CHECKING", "order_id": "ccd1fb22-9bff-452a-a19f-1e79cce36b14", "message": "Order ready for recommendation checking", "meta": {"num_products": 1}}
{"timestamp": "2025-12-30T12:39:58.707152", "level": "INFO", "service": "order_tracker", "event": "ORDER_READY_FOR_CHECKING", "order_id": "016252dd-7fff-435d-968f-65bd1bdb6fd6", "message": "Order ready for recommendation checking", "meta": {"num_products": 1}}
{"timestamp": "2025-12-30T12:39:58.752170", "level": "INFO", "service": "order_tracker", "event": "ORDER_READY_FOR_CHECKING", "order_id": "ffeb2204-e6c1-4d31-9f16-86543966f779", "message": "Order ready for recommendation checking", "meta": {"num_products": 1}}
{"timestamp": "2025-12-30T12:39:58.800387", "level": "INFO", "service": "order_tracker", "event": "ORDER_READY_FOR_CHECKING", "order_id": "86b82d76-5fa4-4491-8a30-5b014bf8ce66", "message": "Order ready for recommendation checking", "meta": {"num_products": 1}}
{"timestamp": "2025-12-30T12:39:58.851723", "level": "INFO", "service": "order_tracker", "event": "ORDER_READY_FOR_CHECKING", "order_id": "57f6618f-ebd4-41ed-9800-6b8ddd5822fd", "message": "Order ready for recommendation checking", "meta": {"num_products": 1}}
{"timestamp": "2025-12-30T12:39:58.873084", "level": "INFO", "service": "order_tracker", "event": "ORDER_READY_FOR_CHECKING", "order_id": "120659b5-0105-4d09-b7ff-20a02566df53", "message": "Order ready for recommendation checking", "meta": {"num_products": 1}}
{"timestamp": "2025-12-30T12:39:58.898150", "level": "INFO", "service": "order_tracker", "event": "ORDER_READY_FOR_CHECKING", "order_id": "e77ef6c4-2db7-4e6a-9cd3-57fbe572bd05", "message": "Order ready for recommendation checking", "meta": {"num_products": 3}}
{"timestamp": "2025-12-30T12:39:58.940847", "level": "INFO", "service": "order_tracker", "event": "ORDER_READY_FOR_CHECKING", "order_id": "dfad9c89-54df-4998-b9f9-dc7f597e6c1f", "message": "Order ready for recommendation checking", "meta": {"num_products": 1}}
