{"timestamp": "2025-12-30T12:34:31.421922", "level": "ERROR", "service": "order_details_tracker", "event": "ORDER_DETAIL_PROCESS_FAILED", "order_id": null, "message": "Failed to process order detail message", "meta": {"error": "'Logger' object has no attribute 'success'"}}
{"timestamp": "2025-12-30T12:34:31.976857", "level": "ERROR", "service": "order_details_tracker", "event": "ORDER_DETAIL_PROCESS_FAILED", "order_id": null, "message": "Failed to process order detail message", "meta": {"error": "'Logger' object has no attribute 'success'"}}
{"timestamp": "2025-12-30T12:34:32.013717", "level": "ERROR", "service": "order_details_tracker", "event": "ORDER_DETAIL_PROCESS_FAILED", "order_id": null, "message": "Failed to process order detail message", "meta": {"error": "'Logger' object has no attribute 'success'"}}
{"timestamp": "2025-12-30T12:34:32.858642", "level": "ERROR", "service": "order_details_tracker", "event": "ORDER_DETAIL_PROCESS_FAILED", "order_id": null, "message": "Failed to process order detail message", "meta": {"error": "'Logger' object has no attribute 'success'"}}
{"timestamp": "2025-12-30T12:36:26.739399", "level": "INFO", "service": "order_details_tracker", "event": "ORDER_READY_FOR_CHECKING", "order_id": "2ada0678-a0b2-45f4-95e7-91b256d93de6", "message": "Order ready for recommendation checking", "meta": {"num_products": 2}}
{"timestamp": "2025-12-30T12:36:26.802111", "level": "INFO", "service": "order_details_tracker", "event": "ORDER_READY_FOR_CHECKING", "order_id": "5724bf82-7666-490c-ba8e-41d428b7db0f", "message": "Order ready for recommendation checking", "meta": {"num_products": 1}}
{"timestamp": "2025-12-30T12:36:26.845677", "level": "INFO", "service": "order_details_tracker", "event": "ORDER_READY_FOR_CHECKING", "order_id": "b624d8b8-1bb0-4865-948c-830c3f603e23", "message": "Order ready for recommendation checking", "meta": {"num_products": 1}}
{"timestamp": "2025-12-30T12:36:26.938063", "level": "INFO", "service": "order_details_tracker", "event": "ORDER_READY_FOR_CHECKING", "order_id": "38141f60-c9ce-43b7-ae02-e356a4211ebf", "message": "Order ready for recommendation checking", "meta": {"num_products": 2}}
{"timestamp": "2025-12-30T12:36:27.045326", "level": "INFO", "service": "order_details_tracker", "event": "ORDER_READY_FOR_CHECKING", "order_id": "62f36f63-fb0d-472b-ac79-d080d0b48824", "message": "Order ready for recommendation checking", "meta": {"num_products": 2}}
{"timestamp": "2025-12-30T12:36:27.069043", "level": "INFO", "service": "order_details_tracker", "event": "ORDER_READY_FOR_CHECKING", "order_id": "b3cecb54-6aeb-4a56-ad8f-f219d4d5c2c4", "message": "Order ready for recommendation checking", "meta": {"num_products": 1}}
{"timestamp": "2025-12-30T12:36:27.191745", "level": "INFO", "service": "order_details_tracker", "event": "ORDER_READY_FOR_CHECKING", "order_id": "080d1dc4-7ecd-4f2c-85e0-bf56d7a04679", "message": "Order ready for recommendation checking", "meta": {"num_products": 1}}
{"timestamp": "2025-12-30T12:36:27.264859", "level": "INFO", "service": "order_details_tracker", "event": "ORDER_READY_FOR_CHECKING", "order_id": "25842016-9d6a-49ef-8362-eccbf85bdf65", "message": "Order ready for recommendation checking", "meta": {"num_products": 1}}
{"timestamp": "2025-12-30T12:36:27.533104", "level": "INFO", "service": "order_details_tracker", "event": "ORDER_READY_FOR_CHECKING", "order_id": "de8d205a-a444-4ab0-9f6c-1638615d7981", "message": "Order ready for recommendation checking", "meta": {"num_products": 1}}
{"timestamp": "2025-12-30T12:36:27.647351", "level": "INFO", "service": "order_details_tracker", "event": "ORDER_READY_FOR_CHECKING", "order_id": "06f58f57-715e-42a8-82cb-4ee1a88c3515", "message": "Order ready for recommendation checking", "meta": {"num_products": 1}}
{"timestamp": "2025-12-30T12:36:27.673019", "level": "INFO", "service": "order_details_tracker", "event": "ORDER_READY_FOR_CHECKING", "order_id": "0ea34223-a549-4772-9748-b5481535c085", "message": "Order ready for recommendation checking", "meta": {"num_products": 1}}
{"timestamp": "2025-12-30T12:36:27.698449", "level": "INFO", "service": "order_details_tracker", "event": "ORDER_READY_FOR_CHECKING", "order_id": "1d6ba998-1fac-479d-a8db-da046c0c5cac", "message": "Order ready for recommendation checking", "meta": {"num_products": 1}}
{"timestamp": "2025-12-30T12:36:27.775577", "level": "INFO", "service": "order_details_tracker", "event": "ORDER_READY_FOR_CHECKING", "order_id": "1cbeaf66-9089-4493-8083-10af50cdb3d5", "message": "Order ready for recommendation checking", "meta": {"num_products": 2}}
{"timestamp": "2025-12-30T12:36:27.865274", "level": "INFO", "service": "order_details_tracker", "event": "ORDER_READY_FOR_CHECKING", "order_id": "2bb104dc-6287-452b-aa6d-55cdfa2c8b89", "message": "Order ready for recommendation checking", "meta": {"num_products": 1}}
{"timestamp": "2025-12-30T12:36:27.948584", "level": "INFO", "service": "order_details_tracker", "event": "ORDER_READY_FOR_CHECKING", "order_id": "9c4fcec2-6d8d-4d3b-a719-93fc8c5684a5", "message": "Order ready for recommendation checking", "meta": {"num_products": 2}}
{"timestamp": "2025-12-30T12:36:27.976920", "level": "INFO", "service": "order_details_tracker", "event": "ORDER_READY_FOR_CHECKING", "order_id": "428bc7e5-8605-4fd3-bf52-3a353c1676d2", "message": "Order ready for recommendation checking", "meta": {"num_products": 1}}
{"timestamp": "2025-12-30T12:36:28.098857", "level": "INFO", "service": "order_details_tracker", "event": "ORDER_READY_FOR_CHECKING", "order_id": "b979bdf6-abce-4fc5-bbf6-b88d57105ac0", "message": "Order ready for recommendation checking", "meta": {"num_products": 1}}
{"timestamp": "2025-12-30T12:36:28.164805", "level": "INFO", "service": "order_details_tracker", "event": "ORDER_READY_FOR_CHECKING", "order_id": "3d94766a-fd2f-4240-8f12-c17d8387462e", "message": "Order ready for recommendation checking", "meta": {"num_products": 2}}
{"timestamp": "2025-12-30T12:36:28.263624", "level": "INFO", "service": "order_details_tracker", "event": "ORDER_READY_FOR_CHECKING", "order_id": "971ab157-7c79-4097-8002-c87390e9b6ad", "message": "Order ready for recommendation checking", "meta": {"num_products": 1}}
{"timestamp": "2025-12-30T12:36:28.313172", "level": "INFO", "service": "order_details_tracker", "event": "ORDER_READY_FOR_CHECKING", "order_id": "a10c886a-4205-448f-8011-9224e3000ef8", "message": "Order ready for recommendation checking", "meta": {"num_products": 1}}
{"timestamp": "2025-12-30T12:36:28.997729", "level": "INFO", "service": "order_details_tracker", "event": "ORDER_READY_FOR_CHECKING", "order_id": "93f31353-591e-452b-912d-32a08c30a609", "message": "Order ready for recommendation checking", "meta": {"num_products": 1}}
{"timestamp": "2025-12-30T12:36:29.498142", "level": "INFO", "service": "order_details_tracker", "event": "ORDER_READY_FOR_CHECKING", "order_id": "7c160e9a-2d06-4f76-a215-ac7e5d43018a", "message": "Order ready for recommendation checking", "meta": {"num_products": 3}}
{"timestamp": "2025-12-30T12:36:29.587314", "level": "INFO", "service": "order_details_tracker", "event": "ORDER_READY_FOR_CHECKING", "order_id": "90fb19a1-e480-45cc-912d-34ed19c85c25", "message": "Order ready for recommendation checking", "meta": {"num_products": 1}}
{"timestamp": "2025-12-30T12:36:29.627600", "level": "INFO", "service": "order_details_tracker", "event": "ORDER_READY_FOR_CHECKING", "order_id": "11b5e2a5-9659-425d-80bf-d0bcb9b4cc6c", "message": "Order ready for recommendation checking", "meta": {"num_products": 1}}
{"timestamp": "2025-12-30T12:36:29.798233", "level": "INFO", "service": "order_details_tracker", "event": "ORDER_READY_FOR_CHECKING", "order_id": "df68a7c9-ba88-459b-9ef4-546a54dbfa57", "message": "Order ready for recommendation checking", "meta": {"num_products": 1}}
{"timestamp": "2025-12-30T12:36:30.076887", "level": "INFO", "service": "order_details_tracker", "event": "ORDER_READY_FOR_CHECKING", "order_id": "f9a033e8-13ff-40a9-a2df-21cca9ec6921", "message": "Order ready for recommendation checking", "meta": {"num_products": 1}}
{"timestamp": "2025-12-30T12:36:30.140786", "level": "INFO", "service": "order_details_tracker", "event": "ORDER_READY_FOR_CHECKING", "order_id": "2e7d096a-b455-48a3-9518-f85b4e290a55", "message": "Order ready for recommendation checking", "meta": {"num_products": 1}}
{"timestamp": "2025-12-30T12:36:30.235357", "level": "INFO", "service": "order_details_tracker", "event": "ORDER_READY_FOR_CHECKING", "order_id": "e398c16a-9dbb-45a7-b9c0-6b91b3c95fc5", "message": "Order ready for recommendation checking", "meta": {"num_products": 3}}
{"timestamp": "2025-12-30T12:36:30.351155", "level": "INFO", "service": "order_details_tracker", "event": "ORDER_READY_FOR_CHECKING", "order_id": "c21272d1-3bb2-4925-a2c1-be43a24ad7c0", "message": "Order ready for recommendation checking", "meta": {"num_products": 1}}
{"timestamp": "2025-12-30T12:36:30.400896", "level": "INFO", "service": "order_details_tracker", "event": "ORDER_READY_FOR_CHECKING", "order_id": "d567cc59-681e-444d-a3f9-1355e90a7fa4", "message": "Order ready for recommendation checking", "meta": {"num_products": 1}}
{"timestamp": "2025-12-30T12:36:30.466788", "level": "INFO", "service": "order_details_tracker", "event": "ORDER_READY_FOR_CHECKING", "order_id": "1308e41a-8f49-4819-968b-b16dbfd6d82b", "message": "Order ready for recommendation checking", "meta": {"num_products": 3}}
{"timestamp": "2025-12-30T12:36:30.677770", "level": "INFO", "service": "order_details_tracker", "event": "ORDER_READY_FOR_CHECKING", "order_id": "1def8374-e95e-45a7-9dfb-72b394c81eca", "message": "Order ready for recommendation checking", "meta": {"num_products": 1}}
{"timestamp": "2025-12-30T12:36:30.736746", "level": "INFO", "service": "order_details_tracker", "event": "ORDER_READY_FOR_CHECKING", "order_id": "d95002b0-3501-4919-9a97-6c6b196a44c9", "message": "Order ready for recommendation checking", "meta": {"num_products": 2}}
{"timestamp": "2025-12-30T12:36:30.829094", "level": "INFO", "service": "order_details_tracker", "event": "ORDER_READY_FOR_CHECKING", "order_id": "3ab42a66-0b33-4c54-bc11-b136b6c66a41", "message": "Order ready for recommendation checking", "meta": {"num_products": 2}}
{"timestamp": "2025-12-30T12:36:30.895301", "level": "INFO", "service": "order_details_tracker", "event": "ORDER_READY_FOR_CHECKING", "order_id": "d3bbbb70-30dd-4c30-ba7e-c0b718a4e607", "message": "Order ready for recommendation checking", "meta": {"num_products": 1}}
{"timestamp": "2025-12-30T12:36:30.974692", "level": "INFO", "service": "order_details_tracker", "event": "ORDER_READY_FOR_CHECKING", "order_id": "b47eeb53-184e-4844-8957-4286b5bc2944", "message": "Order ready for recommendation checking", "meta": {"num_products": 1}}
{"timestamp": "2025-12-30T12:36:31.046080", "level": "INFO", "service": "order_details_tracker", "event": "ORDER_READY_FOR_CHECKING", "order_id": "88e62b33-359d-41e2-834f-e490fa3a3b02", "message": "Order ready for recommendation checking", "meta": {"num_products": 1}}
{"timestamp": "2025-12-30T12:36:31.085628", "level": "INFO", "service": "order_details_tracker", "event": "ORDER_READY_FOR_CHECKING", "order_id": "bc4bdad2-0c2d-4d9b-9d7e-dd2fc0df35fa", "message": "Order ready for recommendation checking", "meta": {"num_products": 1}}
{"timestamp": "2025-12-30T12:36:31.115279", "level": "INFO", "service": "order_details_tracker", "event": "ORDER_READY_FOR_CHECKING", "order_id": "1d986707-313a-47a0-87cf-e1c68e2a3a67", "message": "Order ready for recommendation checking", "meta": {"num_products": 1}}
{"timestamp": "2025-12-30T12:36:31.465395", "level": "INFO", "service": "order_details_tracker", "event": "ORDER_READY_FOR_CHECKING", "order_id": "339d0fbd-a69c-4074-b9ed-84ed6db1c85b", "message": "Order ready for recommendation checking", "meta": {"num_products": 1}}
{"timestamp": "2025-12-30T12:36:31.885407", "level": "INFO", "service": "order_details_tracker", "event": "ORDER_READY_FOR_CHECKING", "order_id": "810fecad-d53e-495b-a8c0-ab9d5bbcabde", "message": "Order ready for recommendation checking", "meta": {"num_products": 2}}
{"timestamp": "2025-12-30T12:36:31.980784", "level": "INFO", "service": "order_details_tracker", "event": "ORDER_READY_FOR_CHECKING", "order_id": "42a13ee5-471f-45da-9d1e-908235479c28", "message": "Order ready for recommendation checking", "meta": {"num_products": 1}}
{"timestamp": "2025-12-30T12:36:32.001173", "level": "INFO", "service": "order_details_tracker", "event": "ORDER_READY_FOR_CHECKING", "order_id": "c7ceac04-8248-4ce1-aab3-a9823433d835", "message": "Order ready for recommendation checking", "meta": {"num_products": 1}}
{"timestamp": "2025-12-30T12:36:32.273124", "level": "INFO", "service": "order_details_tracker", "event": "ORDER_READY_FOR_CHECKING", "order_id": "898e4fd0-ded7-4b10-b15d-3b72900f5dc3", "message": "Order ready for recommendation checking", "meta": {"num_products": 2}}
{"timestamp": "2025-12-30T12:36:32.324805", "level": "INFO", "service": "order_details_tracker", "event": "ORDER_READY_FOR_CHECKING", "order_id": "673a8778-4c6a-4c77-9dc5-a8666b3b0096", "message": "Order ready for recommendation checking", "meta": {"num_products": 1}}
{"timestamp": "2025-12-30T12:36:32.359531", "level": "INFO", "service": "order_details_tracker", "event": "ORDER_READY_FOR_CHECKING", "order_id": "a406a899-fad3-4d5f-9839-fcbf9ca37443", "message": "Order ready for recommendation checking", "meta": {"num_products": 1}}
{"timestamp": "2025-12-30T12:36:32.424070", "level": "INFO", "service": "order_details_tracker", "event": "ORDER_READY_FOR_CHECKING", "order_id": "323676a4-7f1d-478d-a508-cff44e183aa9", "message": "Order ready for recommendation checking", "meta": {"num_products": 3}}
{"timestamp": "2025-12-30T12:36:32.504765", "level": "INFO", "service": "order_details_tracker", "event": "ORDER_READY_FOR_CHECKING", "order_id": "579b6e0d-d059-4b33-a4da-7416266c3b49", "message": "Order ready for recommendation checking", "meta": {"num_products": 1}}
{"timestamp": "2025-12-30T12:36:32.760086", "level": "INFO", "service": "order_details_tracker", "event": "ORDER_READY_FOR_CHECKING", "order_id": "ec255c92-ba5a-4c28-bfde-219220343eed", "message": "Order ready for recommendation checking", "meta": {"num_products": 2}}
{"timestamp": "2025-12-30T12:36:33.003927", "level": "INFO", "service": "order_details_tracker", "event": "ORDER_READY_FOR_CHECKING", "order_id": "dfd60f37-32ee-4c88-878c-d220c7ae6ebb", "message": "Order ready for recommendation checking", "meta": {"num_products": 2}}
{"timestamp": "2025-12-30T12:36:33.157322", "level": "INFO", "service": "order_details_tracker", "event": "ORDER_READY_FOR_CHECKING", "order_id": "86b1a7bd-c223-46ee-b4d8-e15e1bf2b8d3", "message": "Order ready for recommendation checking", "meta": {"num_products": 2}}
{"timestamp": "2025-12-30T12:36:33.185323", "level": "INFO", "service": "order_details_tracker", "event": "ORDER_READY_FOR_CHECKING", "order_id": "c72b66d0-08ab-4aa4-95fc-e6f85f128838", "message": "Order ready for recommendation checking", "meta": {"num_products": 1}}
{"timestamp": "2025-12-30T12:36:33.239402", "level": "INFO", "service": "order_details_tracker", "event": "ORDER_READY_FOR_CHECKING", "order_id": "980189c1-7189-4571-8175-a369380d51b3", "message": "Order ready for recommendation checking", "meta": {"num_products": 1}}
{"timestamp": "2025-12-30T12:36:33.273101", "level": "INFO", "service": "order_details_tracker", "event": "ORDER_READY_FOR_CHECKING", "order_id": "fd86cb3d-fa04-4f84-bbbc-da29b8d99711", "message": "Order ready for recommendation checking", "meta": {"num_products": 2}}
{"timestamp": "2025-12-30T12:36:33.432768", "level": "INFO", "service": "order_details_tracker", "event": "ORDER_READY_FOR_CHECKING", "order_id": "125f0988-a4ae-4798-afab-ad729e5d631e", "message": "Order ready for recommendation checking", "meta": {"num_products": 2}}
{"timestamp": "2025-12-30T12:36:33.475798", "level": "INFO", "service": "order_details_tracker", "event": "ORDER_READY_FOR_CHECKING", "order_id": "6c114799-efae-4757-9303-72e32f5169a8", "message": "Order ready for recommendation checking", "meta": {"num_products": 1}}
{"timestamp": "2025-12-30T12:36:33.757485", "level": "INFO", "service": "order_details_tracker", "event": "ORDER_READY_FOR_CHECKING", "order_id": "ab8fab8f-d530-4fb2-a70e-49b3f4fa83f5", "message": "Order ready for recommendation checking", "meta": {"num_products": 1}}
{"timestamp": "2025-12-30T12:36:34.240797", "level": "INFO", "service": "order_details_tracker", "event": "ORDER_READY_FOR_CHECKING", "order_id": "7aac300b-02c3-4fe9-a3b1-4a18647566db", "message": "Order ready for recommendation checking", "meta": {"num_products": 1}}
{"timestamp": "2025-12-30T12:36:34.322223", "level": "INFO", "service": "order_details_tracker", "event": "ORDER_READY_FOR_CHECKING", "order_id": "b6ee1e5d-a3ba-4d36-8b62-494b1a3bbea9", "message": "Order ready for recommendation checking", "meta": {"num_products": 3}}
{"timestamp": "2025-12-30T12:36:34.336750", "level": "INFO", "service": "order_details_tracker", "event": "ORDER_READY_FOR_CHECKING", "order_id": "f551de01-4801-4805-9df0-e38c799263fe", "message": "Order ready for recommendation checking", "meta": {"num_products": 1}}
{"timestamp": "2025-12-30T12:37:45.871239", "level": "INFO", "service": "order_details_tracker", "event": "ORDER_READY_FOR_CHECKING", "order_id": "16bdc8ea-3467-4c6b-aac8-f58f527177d3", "message": "Order ready for recommendation checking", "meta": {"num_products": 1}}
{"timestamp": "2025-12-30T12:37:45.926616", "level": "INFO", "service": "order_details_tracker", "event": "ORDER_READY_FOR_CHECKING", "order_id": "593145ee-c530-4d08-a5d0-2a7bac1195f8", "message": "Order ready for recommendation checking", "meta": {"num_products": 1}}
{"timestamp": "2025-12-30T12:37:45.947884", "level": "INFO", "service": "order_details_tracker", "event": "ORDER_READY_FOR_CHECKING", "order_id": "d2309a98-08ec-42d7-8df5-f725a1f6c1fc", "message": "Order ready for recommendation checking", "meta": {"num_products": 1}}
{"timestamp": "2025-12-30T12:37:46.075432", "level": "INFO", "service": "order_details_tracker", "event": "ORDER_READY_FOR_CHECKING", "order_id": "707a9ee2-d014-469e-85f8-f24bfdad5c11", "message": "Order ready for recommendation checking", "meta": {"num_products": 1}}
{"timestamp": "2025-12-30T12:37:46.296031", "level": "INFO", "service": "order_details_tracker", "event": "ORDER_READY_FOR_CHECKING", "order_id": "6c8043ae-e856-4949-8863-738f32fff2da", "message": "Order ready for recommendation checking", "meta": {"num_products": 2}}
{"timestamp": "2025-12-30T12:37:46.465322", "level": "INFO", "service": "order_details_tracker", "event": "ORDER_READY_FOR_CHECKING", "order_id": "7ca708fe-c1ec-4c58-aff0-6022114adfb7", "message": "Order ready for recommendation checking", "meta": {"num_products": 2}}
{"timestamp": "2025-12-30T12:37:46.644293", "level": "INFO", "service": "order_details_tracker", "event": "ORDER_READY_FOR_CHECKING", "order_id": "d6628e03-73c4-40a7-bb3b-68cea7d68d85", "message": "Order ready for recommendation checking", "meta": {"num_products": 1}}
{"timestamp": "2025-12-30T12:37:46.684163", "level": "INFO", "service": "order_details_tracker", "event": "ORDER_READY_FOR_CHECKING", "order_id": "cb358319-4507-4efe-af3f-882f22b959a8", "message": "Order ready for recommendation checking", "meta": {"num_products": 1}}
{"timestamp": "2025-12-30T12:37:46.704988", "level": "INFO", "service": "order_details_tracker", "event": "ORDER_READY_FOR_CHECKING", "order_id": "98e0f862-fee1-4047-9191-14d1944c4f76", "message": "Order ready for recommendation checking", "meta": {"num_products": 1}}
{"timestamp": "2025-12-30T12:37:46.734497", "level": "INFO", "service": "order_details_tracker", "event": "ORDER_READY_FOR_CHECKING", "order_id": "9488beef-6286-4571-8a9c-f3178bd86d72", "message": "Order ready for recommendation checking", "meta": {"num_products": 1}}
{"timestamp": "2025-12-30T12:37:46.756971", "level": "INFO", "service": "order_details_tracker", "event": "ORDER_READY_FOR_CHECKING", "order_id": "ec9113c4-14e2-4e8b-96a9-7fb955859d06", "message": "Order ready for recommendation checking", "meta": {"num_products": 1}}
{"timestamp": "2025-12-30T12:37:46.850878", "level": "INFO", "service": "order_details_tracker", "event": "ORDER_READY_FOR_CHECKING", "order_id": "b77554e3-33ef-420d-a5df-2e641bf35847", "message": "Order ready for recommendation checking", "meta": {"num_products": 3}}
{"timestamp": "2025-12-30T12:37:46.872364", "level": "INFO", "service": "order_details_tracker", "event": "ORDER_READY_FOR_CHECKING", "order_id": "188847c9-43ff-4fc3-8fe9-9dde1d674d05", "message": "Order ready for recommendation checking", "meta": {"num_products": 1}}
{"timestamp": "2025-12-30T12:37:47.179506", "level": "INFO", "service": "order_details_tracker", "event": "ORDER_READY_FOR_CHECKING", "order_id": "a11bb46d-ef0b-466b-94f1-56474a354a8e", "message": "Order ready for recommendation checking", "meta": {"num_products": 1}}
{"timestamp": "2025-12-30T12:37:47.324385", "level": "INFO", "service": "order_details_tracker", "event": "ORDER_READY_FOR_CHECKING", "order_id": "24ccbccb-5fe8-499a-bd3b-140bbcfa8134", "message": "Order ready for recommendation checking", "meta": {"num_products": 1}}
{"timestamp": "2025-12-30T12:37:47.414941", "level": "INFO", "service": "order_details_tracker", "event": "ORDER_READY_FOR_CHECKING", "order_id": "c2eaea91-2325-4b7d-b396-7f4087329b94", "message": "Order ready for recommendation checking", "meta": {"num_products": 2}}
{"timestamp": "2025-12-30T12:37:47.447208", "level": "INFO", "service": "order_details_tracker", "event": "ORDER_READY_FOR_CHECKING", "order_id": "f00e482b-70f6-447d-a09c-0aab3b1d6cfb", "message": "Order ready for recommendation checking", "meta": {"num_products": 1}}
{"timestamp": "2025-12-30T12:37:47.470346", "level": "INFO", "service": "order_details_tracker", "event": "ORDER_READY_FOR_CHECKING", "order_id": "594b6ffd-57a9-4ab5-8ecf-7385f9218138", "message": "Order ready for recommendation checking", "meta": {"num_products": 1}}
{"timestamp": "2025-12-30T12:37:47.592260", "level": "INFO", "service": "order_details_tracker", "event": "ORDER_READY_FOR_CHECKING", "order_id": "89690c4b-f1f7-4223-8faf-22724812b50b", "message": "Order ready for recommendation checking", "meta": {"num_products": 1}}
{"timestamp": "2025-12-30T12:37:47.668135", "level": "INFO", "service": "order_details_tracker", "event": "ORDER_READY_FOR_CHECKING", "order_id": "b4c72585-02e2-4ce5-9cd0-1ad63639e32a", "message": "Order ready for recommendation checking", "meta": {"num_products": 1}}
{"timestamp": "2025-12-30T12:37:47.705273", "level": "INFO", "service": "order_details_tracker", "event": "ORDER_READY_FOR_CHECKING", "order_id": "e232b6f2-f0cc-4225-a94b-35accd868de8", "message": "Order ready for recommendation checking", "meta": {"num_products": 2}}
{"timestamp": "2025-12-30T12:37:47.725515", "level": "INFO", "service": "order_details_tracker", "event": "ORDER_READY_FOR_CHECKING", "order_id": "755a0c22-ca0d-4135-b386-418795524fe2", "message": "Order ready for recommendation checking", "meta": {"num_products": 1}}
{"timestamp": "2025-12-30T12:37:47.731922", "level": "INFO", "service": "order_details_tracker", "event": "ORDER_READY_FOR_CHECKING", "order_id": "ee7b4892-e0ba-4679-ba4f-f88df4b9a2b8", "message": "Order ready for recommendation checking", "meta": {"num_products": 1}}
{"timestamp": "2025-12-30T12:37:47.747828", "level": "INFO", "service": "order_details_tracker", "event": "ORDER_READY_FOR_CHECKING", "order_id": "125942a9-ddbe-4c98-96ae-38f651da534c", "message": "Order ready for recommendation checking", "meta": {"num_products": 1}}
{"timestamp": "2025-12-30T12:37:47.780936", "level": "INFO", "service": "order_details_tracker", "event": "ORDER_READY_FOR_CHECKING", "order_id": "fd6f7b25-adc5-4296-86bd-6d5810dbf3f9", "message": "Order ready for recommendation checking", "meta": {"num_products": 1}}
{"timestamp": "2025-12-30T12:37:47.807832", "level": "INFO", "service": "order_details_tracker", "event": "ORDER_READY_FOR_CHECKING", "order_id": "d7befd02-3dd5-49d0-b123-1f49cbf1f8cf", "message": "Order ready for recommendation checking", "meta": {"num_products": 3}}
{"timestamp": "2025-12-30T12:37:47.860449", "level": "INFO", "service": "order_details_tracker", "event": "ORDER_READY_FOR_CHECKING", "order_id": "c70d9b15-8101-49dd-ad00-b3d6a911fa37", "message": "Order ready for recommendation checking", "meta": {"num_products": 1}}
{"timestamp": "2025-12-30T12:37:47.964463", "level": "INFO", "service": "order_details_tracker", "event": "ORDER_READY_FOR_CHECKING", "order_id": "66cf47a6-1e66-4144-82a0-f7a30870d9dc", "message": "Order ready for recommendation checking", "meta": {"num_products": 1}}
{"timestamp": "2025-12-30T12:37:48.112808", "level": "INFO", "service": "order_details_tracker", "event": "ORDER_READY_FOR_CHECKING", "order_id": "a37b8a09-8d1c-4023-b0a4-786e4a4976e4", "message": "Order ready for recommendation checking", "meta": {"num_products": 1}}
{"timestamp": "2025-12-30T12:37:48.237901", "level": "INFO", "service": "order_details_tracker", "event": "ORDER_READY_FOR_CHECKING", "order_id": "9d6db2b5-e7d0-48b2-ba07-da42ad497b87", "message": "Order ready for recommendation checking", "meta": {"num_products": 1}}
{"timestamp": "2025-12-30T12:37:48.492071", "level": "INFO", "service": "order_details_tracker", "event": "ORDER_READY_FOR_CHECKING", "order_id": "81c9d55b-0d2b-4f6b-acc7-ed49bc3069c4", "message": "Order ready for recommendation checking", "meta": {"num_products": 3}}
{"timestamp": "2025-12-30T12:37:48.560492", "level": "INFO", "service": "order_details_tracker", "event": "ORDER_READY_FOR_CHECKING", "order_id": "67c1dec2-a8f0-446a-8470-1371f75d6fbb", "message": "Order ready for recommendation checking", "meta": {"num_products": 1}}
{"timestamp": "2025-12-30T12:37:48.566979", "level": "INFO", "service": "order_details_tracker", "event": "ORDER_READY_FOR_CHECKING", "order_id": "b020042b-fa18-420a-9217-52b1ef2f2d37", "message": "Order ready for recommendation checking", "meta": {"num_products": 1}}
{"timestamp": "2025-12-30T12:37:48.613782", "level": "INFO", "service": "order_details_tracker", "event": "ORDER_READY_FOR_CHECKING", "order_id": "6c6bce89-e173-4dc9-8649-76f0c4fc6873", "message": "Order ready for recommendation checking", "meta": {"num_products": 1}}
{"timestamp": "2025-12-30T12:37:48.643969", "level": "INFO", "service": "order_details_tracker", "event": "ORDER_READY_FOR_CHECKING", "order_id": "3f48f39d-3faf-4eaf-a423-7f582d3f1d88", "message": "Order ready for recommendation checking", "meta": {"num_products": 1}}
{"timestamp": "2025-12-30T12:37:48.687465", "level": "INFO", "service": "order_details_tracker", "event": "ORDER_READY_FOR_CHECKING", "order_id": "61f9fa6c-b725-41d9-90b4-c8f93ce4c86c", "message": "Order ready for recommendation checking", "meta": {"num_products": 1}}
{"timestamp": "2025-12-30T12:37:48.829082", "level": "INFO", "service": "order_details_tracker", "event": "ORDER_READY_FOR_CHECKING", "order_id": "6f3f5422-bc99-4442-ba57-f78605ea8e71", "message": "Order ready for recommendation checking", "meta": {"num_products": 1}}
{"timestamp": "2025-12-30T12:37:49.245977", "level": "INFO", "service": "order_details_tracker", "event": "ORDER_READY_FOR_CHECKING", "order_id": "8a4f78b1-5298-40e1-b7f5-b29feb4852a6", "message": "Order ready for recommendation checking", "meta": {"num_products": 1}}
{"timestamp": "2025-12-30T12:37:49.285277", "level": "INFO", "service": "order_details_tracker", "event": "ORDER_READY_FOR_CHECKING", "order_id": "8bb2ede2-319b-4803-8f1a-24240e48b1b4", "message": "Order ready for recommendation checking", "meta": {"num_products": 1}}
{"timestamp": "2025-12-30T12:37:49.325268", "level": "INFO", "service": "order_details_tracker", "event": "ORDER_READY_FOR_CHECKING", "order_id": "91b78ba9-904b-489e-bb60-1dc7d9da3751", "message": "Order ready for recommendation checking", "meta": {"num_products": 1}}
{"timestamp": "2025-12-30T12:37:49.370160", "level": "INFO", "service": "order_details_tracker", "event": "ORDER_READY_FOR_CHECKING", "order_id": "062b73fd-373b-41b5-8b22-489f0ec27ca7", "message": "Order ready for recommendation checking", "meta": {"num_products": 1}}
{"timestamp": "2025-12-30T12:37:49.408544", "level": "INFO", "service": "order_details_tracker", "event": "ORDER_READY_FOR_CHECKING", "order_id": "f2c215c8-acc2-4bf2-a0d2-47444c08e8d5", "message": "Order ready for recommendation checking", "meta": {"num_products": 3}}
{"timestamp": "2025-12-30T12:37:50.852788", "level": "INFO", "service": "order_details_tracker", "event": "ORDER_READY_FOR_CHECKING", "order_id": "675b59ef-d2da-427e-9618-21f26a46966b", "message": "Order ready for recommendation checking", "meta": {"num_products": 1}}
{"timestamp": "2025-12-30T12:37:50.855370", "level": "INFO", "service": "order_details_tracker", "event": "ORDER_READY_FOR_CHECKING", "order_id": "dd6c6cf5-6613-4e16-a91d-7d208a2e6e3a", "message": "Order ready for recommendation checking", "meta": {"num_products": 1}}
{"timestamp": "2025-12-30T12:37:51.051766", "level": "INFO", "service": "order_details_tracker", "event": "ORDER_READY_FOR_CHECKING", "order_id": "bc571027-847a-48c3-9499-3b58221126fc", "message": "Order ready for recommendation checking", "meta": {"num_products": 1}}
{"timestamp": "2025-12-30T12:37:51.556619", "level": "INFO", "service": "order_details_tracker", "event": "ORDER_READY_FOR_CHECKING", "order_id": "3fddb3f6-788e-4112-a5ae-4f42e7673e1e", "message": "Order ready for recommendation checking", "meta": {"num_products": 1}}
{"timestamp": "2025-12-30T12:37:51.611073", "level": "INFO", "service": "order_details_tracker", "event": "ORDER_READY_FOR_CHECKING", "order_id": "0c4c9ca7-e9bf-4dae-9542-4bfac9627c7b", "message": "Order ready for recommendation checking", "meta": {"num_products": 2}}
{"timestamp": "2025-12-30T12:37:51.664644", "level": "INFO", "service": "order_details_tracker", "event": "ORDER_READY_FOR_CHECKING", "order_id": "8627a9a7-1d93-4923-a3d0-2413519754cf", "message": "Order ready for recommendation checking", "meta": {"num_products": 2}}
{"timestamp": "2025-12-30T12:37:51.720280", "level": "INFO", "service": "order_details_tracker", "event": "ORDER_READY_FOR_CHECKING", "order_id": "0594cc49-f453-403c-b504-ef70df8cbba0", "message": "Order ready for recommendation checking", "meta": {"num_products": 1}}
{"timestamp": "2025-12-30T12:37:53.441323", "level": "INFO", "service": "order_details_tracker", "event": "ORDER_READY_FOR_CHECKING", "order_id": "84b2ce99-b9de-489f-9d56-6b3f0daecf74", "message": "Order ready for recommendation checking", "meta": {"num_products": 1}}
{"timestamp": "2025-12-30T12:37:53.762535", "level": "INFO", "service": "order_details_tracker", "event": "ORDER_READY_FOR_CHECKING", "order_id": "dd193655-1932-4fa7-ab4b-2b33210ab7be", "message": "Order ready for recommendation checking", "meta": {"num_products": 1}}
{"timestamp": "2025-12-30T12:37:53.774079", "level": "INFO", "service": "order_details_tracker", "event": "ORDER_READY_FOR_CHECKING", "order_id": "7da0fff3-5a09-42c7-95eb-2e35f8a8562f", "message": "Order ready for recommendation checking", "meta": {"num_products": 1}}
{"timestamp": "2025-12-30T12:37:53.889148", "level": "INFO", "service": "order_details_tracker", "event": "ORDER_READY_FOR_CHECKING", "order_id": "08a38b35-d893-43da-bde2-6423df549c50", "message": "Order ready for recommendation checking", "meta": {"num_products": 1}}
{"timestamp": "2025-12-30T12:37:53.940288", "level": "INFO", "service": "order_details_tracker", "event": "ORDER_READY_FOR_CHECKING", "order_id": "0d6ac71a-11a2-412e-84db-755cf0ff2a50", "message": "Order ready for recommendation checking", "meta": {"num_products": 1}}
{"timestamp": "2025-12-30T12:37:54.046116", "level": "INFO", "service": "order_details_tracker", "event": "ORDER_READY_FOR_CHECKING", "order_id": "5c4f1ca6-faa0-427e-a0bd-3d4baafda706", "message": "Order ready for recommendation checking", "meta": {"num_products": 1}}
{"timestamp": "2025-12-30T12:37:55.121527", "level": "INFO", "service": "order_details_tracker", "event": "ORDER_READY_FOR_CHECKING", "order_id": "60cf3298-dccd-4571-be13-444ebf5e8a47", "message": "Order ready for recommendation checking", "meta": {"num_products": 1}}
{"timestamp": "2025-12-30T12:37:55.161403", "level": "INFO", "service": "order_details_tracker", "event": "ORDER_READY_FOR_CHECKING", "order_id": "0ec7f2b3-8992-4e8c-b464-4ecbad4cea66", "message": "Order ready for recommendation checking", "meta": {"num_products": 1}}
{"timestamp": "2025-12-30T12:37:56.162224", "level": "INFO", "service": "order_details_tracker", "event": "ORDER_READY_FOR_CHECKING", "order_id": "fbcce766-17dd-43d5-821d-ee7621b6bf30", "message": "Order ready for recommendation checking", "meta": {"num_products": 2}}
{"timestamp": "2025-12-30T12:37:56.970161", "level": "INFO", "service": "order_details_tracker", "event": "ORDER_READY_FOR_CHECKING", "order_id": "5e97177f-6907-46de-87eb-53f226678a84", "message": "Order ready for recommendation checking", "meta": {"num_products": 1}}
{"timestamp": "2025-12-30T12:38:00.008673", "level": "INFO", "service": "order_details_tracker", "event": "ORDER_READY_FOR_CHECKING", "order_id": "9f7cc58c-f6c5-484f-920f-d0de74e7a663", "message": "Order ready for recommendation checking", "meta": {"num_products": 1}}
{"timestamp": "2025-12-30T12:38:00.082548", "level": "INFO", "service": "order_details_tracker", "event": "ORDER_READY_FOR_CHECKING", "order_id": "1c6f7e46-6b85-4092-88b5-6f5d85b23218", "message": "Order ready for recommendation checking", "meta": {"num_products": 2}}
{"timestamp": "2025-12-30T12:38:03.039035", "level": "INFO", "service": "order_details_tracker", "event": "ORDER_READY_FOR_CHECKING", "order_id": "d6e66793-b7b0-40bc-a6cc-ae6f120294ca", "message": "Order ready for recommendation checking", "meta": {"num_products": 1}}
{"timestamp": "2025-12-30T12:38:10.544627", "level": "INFO", "service": "order_details_tracker", "event": "ORDER_READY_FOR_CHECKING", "order_id": "8e3e0424-84f9-4c64-b11d-1c139a375bc3", "message": "Order ready for recommendation checking", "meta": {"num_products": 1}}
{"timestamp": "2025-12-30T12:38:11.959568", "level": "INFO", "service": "order_details_tracker", "event": "ORDER_READY_FOR_CHECKING", "order_id": "2b241c12-26e5-42fa-a680-81613cfb5d75", "message": "Order ready for recommendation checking", "meta": {"num_products": 2}}
{"timestamp": "2025-12-30T12:38:12.047983", "level": "INFO", "service": "order_details_tracker", "event": "ORDER_READY_FOR_CHECKING", "order_id": "cf5bee8b-eb9b-420a-98aa-76fafcef6cc5", "message": "Order ready for recommendation checking", "meta": {"num_products": 1}}
{"timestamp": "2025-12-30T12:38:14.838296", "level": "INFO", "service": "order_details_tracker", "event": "ORDER_READY_FOR_CHECKING", "order_id": "7fe3766d-57f9-4191-b960-1a73c806cf95", "message": "Order ready for recommendation checking", "meta": {"num_products": 2}}
{"timestamp": "2025-12-30T12:38:14.903437", "level": "INFO", "service": "order_details_tracker", "event": "ORDER_READY_FOR_CHECKING", "order_id": "3df78f26-d3b1-4a9c-8ef5-00b5608b5925", "message": "Order ready for recommendation checking", "meta": {"num_products": 1}}
{"timestamp": "2025-12-30T12:38:15.039480", "level": "INFO", "service": "order_details_tracker", "event": "ORDER_READY_FOR_CHECKING", "order_id": "33e4d7a1-2ea6-4e83-8322-8846b6686b4e", "message": "Order ready for recommendation checking", "meta": {"num_products": 2}}
{"timestamp": "2025-12-30T12:38:15.086602", "level": "INFO", "service": "order_details_tracker", "event": "ORDER_READY_FOR_CHECKING", "order_id": "973fa1a0-95e4-407e-86a8-c105916ebad3", "message": "Order ready for recommendation checking", "meta": {"num_products": 2}}
{"timestamp": "2025-12-30T12:38:15.106372", "level": "INFO", "service": "order_details_tracker", "event": "ORDER_READY_FOR_CHECKING", "order_id": "b9ec5277-bd3a-410e-97f6-4185977742c4", "message": "Order ready for recommendation checking", "meta": {"num_products": 1}}
{"timestamp": "2025-12-30T12:38:16.877964", "level": "INFO", "service": "order_details_tracker", "event": "ORDER_READY_FOR_CHECKING", "order_id": "e1c9cac7-9f83-4671-8f2b-a50c40198e6c", "message": "Order ready for recommendation checking", "meta": {"num_products": 1}}
{"timestamp": "2025-12-30T12:38:16.921054", "level": "INFO", "service": "order_details_tracker", "event": "ORDER_READY_FOR_CHECKING", "order_id": "8f20074b-789b-4a48-88ba-c980af1ed2a8", "message": "Order ready for recommendation checking", "meta": {"num_products": 1}}
{"timestamp": "2025-12-30T12:38:18.639362", "level": "INFO", "service": "order_details_tracker", "event": "ORDER_READY_FOR_CHECKING", "order_id": "a9bf8b84-b937-46ae-a3d7-2f3ab63792ab", "message": "Order ready for recommendation checking", "meta": {"num_products": 3}}
{"timestamp": "2025-12-30T12:38:18.759227", "level": "INFO", "service": "order_details_tracker", "event": "ORDER_READY_FOR_CHECKING", "order_id": "90b394dd-33b5-40ab-9336-fa77326a6bed", "message": "Order ready for recommendation checking", "meta": {"num_products": 1}}
{"timestamp": "2025-12-30T12:38:18.809968", "level": "INFO", "service": "order_details_tracker", "event": "ORDER_READY_FOR_CHECKING", "order_id": "805abbfe-5309-454d-af58-07ee81cb8756", "message": "Order ready for recommendation checking", "meta": {"num_products": 1}}
{"timestamp": "2025-12-30T12:38:18.855625", "level": "INFO", "service": "order_details_tracker", "event": "ORDER_READY_FOR_CHECKING", "order_id": "7a4c25bc-13ac-44f1-8ff4-03cf9e12e6a1", "message": "Order ready for recommendation checking", "meta": {"num_products": 1}}
{"timestamp": "2025-12-30T12:38:19.799606", "level": "INFO", "service": "order_details_tracker", "event": "ORDER_READY_FOR_CHECKING", "order_id": "f02803f4-1de4-4bd6-acd7-1d27efb0aa47", "message": "Order ready for recommendation checking", "meta": {"num_products": 1}}
{"timestamp": "2025-12-30T12:38:27.522252", "level": "INFO", "service": "order_details_tracker", "event": "ORDER_READY_FOR_CHECKING", "order_id": "bc58d1c9-c173-4b9e-87cc-a5125688ce51", "message": "Order ready for recommendation checking", "meta": {"num_products": 1}}
{"timestamp": "2025-12-30T12:38:27.551269", "level": "INFO", "service": "order_details_tracker", "event": "ORDER_READY_FOR_CHECKING", "order_id": "e2c5a40f-d778-47de-bf92-d627c76027d9", "message": "Order ready for recommendation checking", "meta": {"num_products": 1}}
{"timestamp": "2025-12-30T12:38:27.637053", "level": "INFO", "service": "order_details_tracker", "event": "ORDER_READY_FOR_CHECKING", "order_id": "04103098-fb5d-4ae6-b1ad-e29187ba04fc", "message": "Order ready for recommendation checking", "meta": {"num_products": 1}}
{"timestamp": "2025-12-30T12:38:27.667237", "level": "INFO", "service": "order_details_tracker", "event": "ORDER_READY_FOR_CHECKING", "order_id": "c2af8e09-6bd2-4dfc-baea-37734c3ccd9f", "message": "Order ready for recommendation checking", "meta": {"num_products": 1}}
{"timestamp": "2025-12-30T12:38:27.712732", "level": "INFO", "service": "order_details_tracker", "event": "ORDER_READY_FOR_CHECKING", "order_id": "8e43ef7c-f397-4357-b991-7a88b5e5e949", "message": "Order ready for recommendation checking", "meta": {"num_products": 1}}
{"timestamp": "2025-12-30T12:38:29.488770", "level": "INFO", "service": "order_details_tracker", "event": "ORDER_READY_FOR_CHECKING", "order_id": "75f72012-abaa-4db6-ba1f-0eb5a104c7de", "message": "Order ready for recommendation checking", "meta": {"num_products": 1}}
{"timestamp": "2025-12-30T12:38:29.557199", "level": "INFO", "service": "order_details_tracker", "event": "ORDER_READY_FOR_CHECKING", "order_id": "73c50991-2df7-4062-adcc-bce2f6986833", "message": "Order ready for recommendation checking", "meta": {"num_products": 1}}
{"timestamp": "2025-12-30T12:38:42.258343", "level": "INFO", "service": "order_details_tracker", "event": "ORDER_READY_FOR_CHECKING", "order_id": "1a5f5b95-3c2c-42e7-9cf3-19f7947922a6", "message": "Order ready for recommendation checking", "meta": {"num_products": 1}}
{"timestamp": "2025-12-30T12:38:43.224443", "level": "INFO", "service": "order_details_tracker", "event": "ORDER_READY_FOR_CHECKING", "order_id": "aa5d2b08-8d73-4358-9f6c-4e99566356dc", "message": "Order ready for recommendation checking", "meta": {"num_products": 2}}
{"timestamp": "2025-12-30T12:38:43.361990", "level": "INFO", "service": "order_details_tracker", "event": "ORDER_READY_FOR_CHECKING", "order_id": "b8df047e-8b32-4e4f-bbd5-762d304aea28", "message": "Order ready for recommendation checking", "meta": {"num_products": 2}}
{"timestamp": "2025-12-30T12:39:16.772252", "level": "INFO", "service": "order_details_tracker", "event": "ORDER_READY_FOR_CHECKING", "order_id": "51bb845b-132b-4b63-82a6-0e497d9b2c07", "message": "Order ready for recommendation checking", "meta": {"num_products": 3}}
{"timestamp": "2025-12-30T12:39:16.836524", "level": "INFO", "service": "order_details_tracker", "event": "ORDER_READY_FOR_CHECKING", "order_id": "42c6793b-5e16-4509-9fcc-ea62df36e8c0", "message": "Order ready for recommendation checking", "meta": {"num_products": 1}}
{"timestamp": "2025-12-30T12:39:16.863315", "level": "INFO", "service": "order_details_tracker", "event": "ORDER_READY_FOR_CHECKING", "order_id": "85cc6085-23ee-4081-bb89-81b83fbcd10c", "message": "Order ready for recommendation checking", "meta": {"num_products": 1}}
{"timestamp": "2025-12-30T12:39:16.875645", "level": "INFO", "service": "order_details_tracker", "event": "ORDER_READY_FOR_CHECKING", "order_id": "82f9a67c-cba8-497c-bc0e-1841bb6054f4", "message": "Order ready for recommendation checking", "meta": {"num_products": 1}}
{"timestamp": "2025-12-30T12:39:16.918957", "level": "INFO", "service": "order_details_tracker", "event": "ORDER_READY_FOR_CHECKING", "order_id": "5f861403-1774-4067-8ac4-62156c0705c4", "message": "Order ready for recommendation checking", "meta": {"num_products": 1}}
{"timestamp": "2025-12-30T12:39:34.553504", "level": "INFO", "service": "order_details_tracker", "event": "ORDER_READY_FOR_CHECKING", "order_id": "c299656a-cd9c-46ee-a72b-5e877fd6e25a", "message": "Order ready for recommendation checking", "meta": {"num_products": 1}}
{"timestamp": "2025-12-30T12:39:34.594024", "level": "INFO", "service": "order_details_tracker", "event": "ORDER_READY_FOR_CHECKING", "order_id": "5d3d8ec6-a225-4d3a-bee6-fe0d5a086f17", "message": "Order ready for recommendation checking", "meta": {"num_products": 1}}
{"timestamp": "2025-12-30T12:39:34.612711", "level": "INFO", "service": "order_details_tracker", "event": "ORDER_READY_FOR_CHECKING", "order_id": "079904b3-cc60-404c-9bac-b29565ede620", "message": "Order ready for recommendation checking", "meta": {"num_products": 1}}
{"timestamp": "2025-12-30T12:39:43.699005", "level": "INFO", "service": "order_details_tracker", "event": "ORDER_READY_FOR_CHECKING", "order_id": "c51deccb-8fc3-47e2-a67f-4262e7a1eeae", "message": "Order ready for recommendation checking", "meta": {"num_products": 3}}
{"timestamp": "2025-12-30T12:39:43.820243", "level": "INFO", "service": "order_details_tracker", "event": "ORDER_READY_FOR_CHECKING", "order_id": "f048c6ac-e33e-4625-936b-65c8d35be29e", "message": "Order ready for recommendation checking", "meta": {"num_products": 2}}
{"timestamp": "2025-12-30T12:39:43.821250", "level": "INFO", "service": "order_details_tracker", "event": "ORDER_READY_FOR_CHECKING", "order_id": "475d27b6-1ed9-462b-8b49-57ef55f2cd15", "message": "Order ready for recommendation checking", "meta": {"num_products": 1}}
{"timestamp": "2025-12-30T12:39:43.846841", "level": "INFO", "service": "order_details_tracker", "event": "ORDER_READY_FOR_CHECKING", "order_id": "aeb750a0-7ea1-40fd-88f9-d969fdfd9691", "message": "Order ready for recommendation checking", "meta": {"num_products": 1}}
