{"timestamp": "2025-12-24T15:40:29.110327", "level": "INFO", "service": "order_generator", "event": "ORDER_CREATED", "order_id": "d4a1053b-26a2-4dc7-a7e3-3901b25f0c4b", "message": "New order created", "meta": null}
{"timestamp": "2025-12-24T15:40:29.137608", "level": "INFO", "service": "order_generator", "event": "ORDER_CREATED", "order_id": "2dc47694-a9d1-4a53-8ab2-87b0ea826ed3", "message": "New order created", "meta": null}
{"timestamp": "2025-12-24T15:40:29.161049", "level": "INFO", "service": "order_generator", "event": "ORDER_CREATED", "order_id": "00d78cb6-f2f7-4740-bb62-be6b8f12c0ae", "message": "New order created", "meta": null}
{"timestamp": "2025-12-24T15:40:29.180230", "level": "INFO", "service": "order_generator", "event": "ORDER_CREATED", "order_id": "0436e221-ca87-421b-9bde-d379bb7432b8", "message": "New order created", "meta": null}
{"timestamp": "2025-12-24T15:40:29.198413", "level": "INFO", "service": "order_generator", "event": "ORDER_CREATED", "order_id": "4474c985-46d3-4aaf-8896-c5ceb62c1885", "message": "New order created", "meta": null}
{"timestamp": "2025-12-24T15:40:29.218937", "level": "INFO", "service": "order_generator", "event": "ORDER_CREATED", "order_id": "f9883e51-5ba7-4ca4-939a-8a5a7490b5dc", "message": "New order created", "meta": null}
{"timestamp": "2025-12-24T15:40:29.243373", "level": "INFO", "service": "order_generator", "event": "ORDER_CREATED", "order_id": "012e3b3d-eeb1-4e81-a363-a400a5e55b4f", "message": "New order created", "meta": null}
{"timestamp": "2025-12-24T15:40:29.263612", "level": "INFO", "service": "order_generator", "event": "ORDER_CREATED", "order_id": "390bfe30-6701-4764-bd7c-11be44cb62db", "message": "New order created", "meta": null}
{"timestamp": "2025-12-24T15:40:29.284452", "level": "INFO", "service": "order_generator", "event": "ORDER_CREATED", "order_id": "b3f30219-d182-4d1f-ad49-b8cd060c6e5f", "message": "New order created", "meta": null}
{"timestamp": "2025-12-24T15:40:29.305780", "level": "INFO", "service": "order_generator", "event": "ORDER_CREATED", "order_id": "b731d4db-f4b1-475e-be4e-2395345087b2", "message": "New order created", "meta": null}
{"timestamp": "2025-12-24T15:40:29.324612", "level": "INFO", "service": "order_generator", "event": "ORDER_CREATED", "order_id": "2233be24-25e6-40b8-80cd-cb2ab49cb2f6", "message": "New order created", "meta": null}
{"timestamp": "2025-12-24T15:40:29.348283", "level": "INFO", "service": "order_generator", "event": "ORDER_CREATED", "order_id": "b8bdef17-3835-4e58-aa43-8c6ac6952474", "message": "New order created", "meta": null}
{"timestamp": "2025-12-24T15:40:29.367816", "level": "INFO", "service": "order_generator", "event": "ORDER_CREATED", "order_id": "dc55fdc5-3c4b-4f5e-a1cc-5a7287b29789", "message": "New order created", "meta": null}
{"timestamp": "2025-12-24T15:40:29.391640", "level": "INFO", "service": "order_generator", "event": "ORDER_CREATED", "order_id": "52640e18-98ae-4e49-85be-3f4c6a6f7d11", "message": "New order created", "meta": null}
{"timestamp": "2025-12-24T15:40:29.411651", "level": "INFO", "service": "order_generator", "event": "ORDER_CREATED", "order_id": "6515d88b-2bd3-47ae-aed2-0ef8bf4d666c", "message": "New order created", "meta": null}
{"timestamp": "2025-12-24T15:40:29.432933", "level": "INFO", "service": "order_generator", "event": "ORDER_CREATED", "order_id": "63c060b2-e18b-41ad-9837-f4ce76b72169", "message": "New order created", "meta": null}
{"timestamp": "2025-12-24T15:40:29.452174", "level": "INFO", "service": "order_generator", "event": "ORDER_CREATED", "order_id": "f3c940c5-6b45-47ff-b3d3-5153953d3bc3", "message": "New order created", "meta": null}
{"timestamp": "2025-12-24T15:40:29.472473", "level": "INFO", "service": "order_generator", "event": "ORDER_CREATED", "order_id": "a343f824-3754-4697-a190-02b098fe493b", "message": "New order created", "meta": null}
{"timestamp": "2025-12-24T15:40:29.497790", "level": "INFO", "service": "order_generator", "event": "ORDER_CREATED", "order_id": "7fbb0acc-90b5-4199-bdf6-7c10e2ebcb18", "message": "New order created", "meta": null}
{"timestamp": "2025-12-24T15:40:29.517846", "level": "INFO", "service": "order_generator", "event": "ORDER_CREATED", "order_id": "89ccb316-81cb-48c6-add0-99d273fdd5a1", "message": "New order created", "meta": null}
{"timestamp": "2025-12-24T15:40:29.538070", "level": "INFO", "service": "order_generator", "event": "ORDER_CREATED", "order_id": "92de806d-1624-4380-a03a-78cbea662bcc", "message": "New order created", "meta": null}
{"timestamp": "2025-12-24T15:40:29.560169", "level": "INFO", "service": "order_generator", "event": "ORDER_CREATED", "order_id": "ad82eef7-fca5-469a-97b4-da38ad7cc864", "message": "New order created", "meta": null}
{"timestamp": "2025-12-24T15:40:29.578701", "level": "INFO", "service": "order_generator", "event": "ORDER_CREATED", "order_id": "5756d57d-8e32-48c6-9aae-760f90a3df10", "message": "New order created", "meta": null}
{"timestamp": "2025-12-24T15:40:29.598964", "level": "INFO", "service": "order_generator", "event": "ORDER_CREATED", "order_id": "83bf5891-f861-4931-9f49-3a1e2f4a2787", "message": "New order created", "meta": null}
{"timestamp": "2025-12-24T15:40:29.624417", "level": "INFO", "service": "order_generator", "event": "ORDER_CREATED", "order_id": "0de931c2-c998-4985-ba20-c8e7a25b04a6", "message": "New order created", "meta": null}
{"timestamp": "2025-12-24T15:40:29.645632", "level": "INFO", "service": "order_generator", "event": "ORDER_CREATED", "order_id": "bcbcd0d7-bc19-4df9-be3b-11c8ae3257f8", "message": "New order created", "meta": null}
{"timestamp": "2025-12-24T15:40:29.668177", "level": "INFO", "service": "order_generator", "event": "ORDER_CREATED", "order_id": "ce8ab420-27be-4200-a1c8-08b13ad5a3d3", "message": "New order created", "meta": null}
{"timestamp": "2025-12-24T15:40:29.689310", "level": "INFO", "service": "order_generator", "event": "ORDER_CREATED", "order_id": "0ee56c30-1e6c-4b26-bfa3-70ee53f4bcaf", "message": "New order created", "meta": null}
{"timestamp": "2025-12-24T15:40:29.710953", "level": "INFO", "service": "order_generator", "event": "ORDER_CREATED", "order_id": "086d2331-efd7-469a-b26b-1d414f0957a7", "message": "New order created", "meta": null}
{"timestamp": "2025-12-24T15:40:29.736655", "level": "INFO", "service": "order_generator", "event": "ORDER_CREATED", "order_id": "e62f6a7b-342a-43be-a130-b2b095c8d7d2", "message": "New order created", "meta": null}
{"timestamp": "2025-12-24T15:40:29.760470", "level": "INFO", "service": "order_generator", "event": "ORDER_CREATED", "order_id": "0dc800db-1e9d-4103-ac32-34167a69dd1e", "message": "New order created", "meta": null}
{"timestamp": "2025-12-24T15:40:29.783718", "level": "INFO", "service": "order_generator", "event": "ORDER_CREATED", "order_id": "a0b6e0fb-c286-456c-a2d1-6b4f15fc405b", "message": "New order created", "meta": null}
{"timestamp": "2025-12-24T15:40:29.806467", "level": "INFO", "service": "order_generator", "event": "ORDER_CREATED", "order_id": "aa016f25-1e78-45ad-8b9c-e96e5f76131d", "message": "New order created", "meta": null}
{"timestamp": "2025-12-24T15:40:29.825729", "level": "INFO", "service": "order_generator", "event": "ORDER_CREATED", "order_id": "bc1491eb-fcd8-4347-94e0-5bbabe411d9f", "message": "New order created", "meta": null}
{"timestamp": "2025-12-24T15:40:29.845873", "level": "INFO", "service": "order_generator", "event": "ORDER_CREATED", "order_id": "7a792eba-f133-49c3-92e3-9c283470e280", "message": "New order created", "meta": null}
{"timestamp": "2025-12-24T15:40:29.864889", "level": "INFO", "service": "order_generator", "event": "ORDER_CREATED", "order_id": "f5833d5d-1cd1-42cb-b60d-d9f7cb8ab861", "message": "New order created", "meta": null}
{"timestamp": "2025-12-24T15:40:29.886618", "level": "INFO", "service": "order_generator", "event": "ORDER_CREATED", "order_id": "0178cc4f-dafe-4970-a3e8-be3fe4ccacc1", "message": "New order created", "meta": null}
{"timestamp": "2025-12-24T15:40:29.949658", "level": "INFO", "service": "order_generator", "event": "ORDER_CREATED", "order_id": "a8416024-c783-46d9-816f-d5f3f7c39f34", "message": "New order created", "meta": null}
{"timestamp": "2025-12-24T15:40:29.983585", "level": "INFO", "service": "order_generator", "event": "ORDER_CREATED", "order_id": "3812e8e9-ae32-46c7-85a0-0d640eb0e15a", "message": "New order created", "meta": null}
{"timestamp": "2025-12-24T15:40:30.007945", "level": "INFO", "service": "order_generator", "event": "ORDER_CREATED", "order_id": "7e76cb3c-7cfe-4a6a-b357-ff86f0ae687d", "message": "New order created", "meta": null}
{"timestamp": "2025-12-24T15:40:30.040479", "level": "INFO", "service": "order_generator", "event": "ORDER_CREATED", "order_id": "d89b05bc-392b-4744-adda-e12a92cf85e6", "message": "New order created", "meta": null}
{"timestamp": "2025-12-24T15:40:30.071005", "level": "INFO", "service": "order_generator", "event": "ORDER_CREATED", "order_id": "3feb98cd-ea15-4910-b63d-3a7ffba3ef58", "message": "New order created", "meta": null}
{"timestamp": "2025-12-24T15:40:30.107616", "level": "INFO", "service": "order_generator", "event": "ORDER_CREATED", "order_id": "40e8d814-8dbe-434a-b9a6-accd0fb104f2", "message": "New order created", "meta": null}
{"timestamp": "2025-12-24T15:40:30.145340", "level": "INFO", "service": "order_generator", "event": "ORDER_CREATED", "order_id": "7b96d14a-541b-4a33-a8ef-3b1cddadbdf4", "message": "New order created", "meta": null}
{"timestamp": "2025-12-24T15:40:30.233079", "level": "INFO", "service": "order_generator", "event": "ORDER_CREATED", "order_id": "0232173c-13dd-4448-8c52-63570321a72b", "message": "New order created", "meta": null}
{"timestamp": "2025-12-24T15:40:30.268416", "level": "INFO", "service": "order_generator", "event": "ORDER_CREATED", "order_id": "e60aa086-141b-47b1-b8a0-b216a4ef615c", "message": "New order created", "meta": null}
{"timestamp": "2025-12-24T15:40:30.290357", "level": "INFO", "service": "order_generator", "event": "ORDER_CREATED", "order_id": "8663c2f7-e121-4157-83c9-3b4797f949af", "message": "New order created", "meta": null}
{"timestamp": "2025-12-24T15:40:30.323916", "level": "INFO", "service": "order_generator", "event": "ORDER_CREATED", "order_id": "4feed839-8424-434f-b176-2dd983bd707d", "message": "New order created", "meta": null}
{"timestamp": "2025-12-24T15:40:30.343547", "level": "INFO", "service": "order_generator", "event": "ORDER_CREATED", "order_id": "7a68e283-15c3-4c96-a69f-0d6dffa9e284", "message": "New order created", "meta": null}
{"timestamp": "2025-12-24T15:40:30.364350", "level": "INFO", "service": "order_generator", "event": "ORDER_CREATED", "order_id": "03ee7053-d8f0-48e3-a933-7dac2017aee2", "message": "New order created", "meta": null}
{"timestamp": "2025-12-24T15:40:30.424647", "level": "INFO", "service": "order_generator", "event": "ORDER_CREATED", "order_id": "b8c96944-8460-4fe8-89e7-5c30ecd4989b", "message": "New order created", "meta": null}
{"timestamp": "2025-12-24T15:40:30.458092", "level": "INFO", "service": "order_generator", "event": "ORDER_CREATED", "order_id": "ece132f5-489e-485a-8ad5-52a15c359cf4", "message": "New order created", "meta": null}
{"timestamp": "2025-12-24T15:40:30.487839", "level": "INFO", "service": "order_generator", "event": "ORDER_CREATED", "order_id": "cf16046d-10fa-426c-8fdd-dae90270f05e", "message": "New order created", "meta": null}
{"timestamp": "2025-12-24T15:40:30.518133", "level": "INFO", "service": "order_generator", "event": "ORDER_CREATED", "order_id": "0bf4de22-2bd2-4f08-bdba-40996bb6bb3c", "message": "New order created", "meta": null}
{"timestamp": "2025-12-24T15:40:30.539660", "level": "INFO", "service": "order_generator", "event": "ORDER_CREATED", "order_id": "da720889-f89d-480e-8a68-1f7283b16505", "message": "New order created", "meta": null}
{"timestamp": "2025-12-24T15:40:30.572066", "level": "INFO", "service": "order_generator", "event": "ORDER_CREATED", "order_id": "ba2cd611-243f-4a5c-964e-8404f89bcdbe", "message": "New order created", "meta": null}
{"timestamp": "2025-12-24T15:40:30.593312", "level": "INFO", "service": "order_generator", "event": "ORDER_CREATED", "order_id": "2225732a-f55b-4c11-a14c-68d96f9e2951", "message": "New order created", "meta": null}
{"timestamp": "2025-12-24T15:40:30.620226", "level": "INFO", "service": "order_generator", "event": "ORDER_CREATED", "order_id": "c3fab283-aedf-459a-8358-bdb4185fd30e", "message": "New order created", "meta": null}
{"timestamp": "2025-12-24T15:40:30.645647", "level": "INFO", "service": "order_generator", "event": "ORDER_CREATED", "order_id": "ca41cebb-78fb-4574-802f-088d6c510060", "message": "New order created", "meta": null}
{"timestamp": "2025-12-24T15:40:30.672443", "level": "INFO", "service": "order_generator", "event": "ORDER_CREATED", "order_id": "7e055058-7345-40c8-86fb-191f9e63142a", "message": "New order created", "meta": null}
{"timestamp": "2025-12-24T15:40:30.703081", "level": "INFO", "service": "order_generator", "event": "ORDER_CREATED", "order_id": "55876c92-7b7c-4ac7-ba96-2ef1cacc4507", "message": "New order created", "meta": null}
{"timestamp": "2025-12-24T15:40:30.728933", "level": "INFO", "service": "order_generator", "event": "ORDER_CREATED", "order_id": "a1096b73-5852-42ff-9614-e1fef284b56f", "message": "New order created", "meta": null}
{"timestamp": "2025-12-24T15:40:30.759864", "level": "INFO", "service": "order_generator", "event": "ORDER_CREATED", "order_id": "6128680a-795a-4c80-8c6e-32ac4ce7fcfa", "message": "New order created", "meta": null}
{"timestamp": "2025-12-24T15:40:30.782612", "level": "INFO", "service": "order_generator", "event": "ORDER_CREATED", "order_id": "48080efa-9c05-4d56-88aa-d733af0ddda0", "message": "New order created", "meta": null}
{"timestamp": "2025-12-24T15:40:30.806932", "level": "INFO", "service": "order_generator", "event": "ORDER_CREATED", "order_id": "0d5c4cfa-3a58-4472-832a-0abddf66bf49", "message": "New order created", "meta": null}
{"timestamp": "2025-12-24T15:40:30.832335", "level": "INFO", "service": "order_generator", "event": "ORDER_CREATED", "order_id": "85867da0-664b-46f8-81fa-d4c55c43063e", "message": "New order created", "meta": null}
{"timestamp": "2025-12-24T15:40:30.855345", "level": "INFO", "service": "order_generator", "event": "ORDER_CREATED", "order_id": "225711cc-52d5-445a-a080-825f2007004a", "message": "New order created", "meta": null}
{"timestamp": "2025-12-24T15:40:30.878744", "level": "INFO", "service": "order_generator", "event": "ORDER_CREATED", "order_id": "e9e33c13-deb4-495a-94da-53b60ab14bea", "message": "New order created", "meta": null}
{"timestamp": "2025-12-24T15:40:30.903715", "level": "INFO", "service": "order_generator", "event": "ORDER_CREATED", "order_id": "57ab1e4d-1b78-43fb-b345-e745b615ec00", "message": "New order created", "meta": null}
{"timestamp": "2025-12-24T15:40:30.926318", "level": "INFO", "service": "order_generator", "event": "ORDER_CREATED", "order_id": "0e82408d-ca30-4a57-8ec5-e62771473971", "message": "New order created", "meta": null}
{"timestamp": "2025-12-24T15:40:30.951032", "level": "INFO", "service": "order_generator", "event": "ORDER_CREATED", "order_id": "b4429c8a-b36d-408a-82ef-39d288afa2ad", "message": "New order created", "meta": null}
{"timestamp": "2025-12-24T15:40:30.981272", "level": "INFO", "service": "order_generator", "event": "ORDER_CREATED", "order_id": "637ed046-ba05-449f-93a1-486c8746252a", "message": "New order created", "meta": null}
{"timestamp": "2025-12-24T15:40:31.010048", "level": "INFO", "service": "order_generator", "event": "ORDER_CREATED", "order_id": "a175939c-ab17-43bd-81ff-97e61ba71eae", "message": "New order created", "meta": null}
{"timestamp": "2025-12-24T15:40:31.033866", "level": "INFO", "service": "order_generator", "event": "ORDER_CREATED", "order_id": "42939c57-fdd3-4f6c-9b55-dace4dd8facd", "message": "New order created", "meta": null}
{"timestamp": "2025-12-24T15:40:31.060768", "level": "INFO", "service": "order_generator", "event": "ORDER_CREATED", "order_id": "dc290084-e306-4eb5-b84c-096ac34adbd1", "message": "New order created", "meta": null}
{"timestamp": "2025-12-24T15:40:31.086350", "level": "INFO", "service": "order_generator", "event": "ORDER_CREATED", "order_id": "a9ba5cf4-55e3-4e78-823b-18de45ce31ec", "message": "New order created", "meta": null}
{"timestamp": "2025-12-24T15:40:31.111228", "level": "INFO", "service": "order_generator", "event": "ORDER_CREATED", "order_id": "c9917acf-dfb3-467d-adaa-67cb85a5f2f8", "message": "New order created", "meta": null}
{"timestamp": "2025-12-24T15:40:31.139481", "level": "INFO", "service": "order_generator", "event": "ORDER_CREATED", "order_id": "11e4f33d-3867-4777-9b51-317e540b328b", "message": "New order created", "meta": null}
{"timestamp": "2025-12-24T15:40:31.166572", "level": "INFO", "service": "order_generator", "event": "ORDER_CREATED", "order_id": "52c26b84-efe7-404f-8baa-a6e715776b86", "message": "New order created", "meta": null}
{"timestamp": "2025-12-24T15:40:31.191567", "level": "INFO", "service": "order_generator", "event": "ORDER_CREATED", "order_id": "9a3b4cf9-de18-4c2e-845c-f7cc2ccdb9b4", "message": "New order created", "meta": null}
{"timestamp": "2025-12-24T15:40:31.216432", "level": "INFO", "service": "order_generator", "event": "ORDER_CREATED", "order_id": "4320afc1-9fa9-4390-b23d-4ddd1e69a90f", "message": "New order created", "meta": null}
{"timestamp": "2025-12-24T15:40:31.241543", "level": "INFO", "service": "order_generator", "event": "ORDER_CREATED", "order_id": "0250db94-6bff-4f43-8f1e-fea5b1a1b6c5", "message": "New order created", "meta": null}
{"timestamp": "2025-12-24T15:40:31.267366", "level": "INFO", "service": "order_generator", "event": "ORDER_CREATED", "order_id": "1e05303d-a349-42b4-8b6a-fa89cc148d52", "message": "New order created", "meta": null}
{"timestamp": "2025-12-24T15:40:31.292029", "level": "INFO", "service": "order_generator", "event": "ORDER_CREATED", "order_id": "0a5dca2d-eeba-44d2-8802-473b610dfd88", "message": "New order created", "meta": null}
{"timestamp": "2025-12-24T15:40:31.313027", "level": "INFO", "service": "order_generator", "event": "ORDER_CREATED", "order_id": "5a890dfc-ea2d-4206-bd21-d36bc89fc35a", "message": "New order created", "meta": null}
{"timestamp": "2025-12-24T15:40:31.335682", "level": "INFO", "service": "order_generator", "event": "ORDER_CREATED", "order_id": "22931e91-b9e2-4bfc-8d71-96dea752840e", "message": "New order created", "meta": null}
{"timestamp": "2025-12-24T15:40:31.359913", "level": "INFO", "service": "order_generator", "event": "ORDER_CREATED", "order_id": "0b128d52-e01c-4fa6-b9c4-f71455278cec", "message": "New order created", "meta": null}
{"timestamp": "2025-12-24T15:40:31.381364", "level": "INFO", "service": "order_generator", "event": "ORDER_CREATED", "order_id": "7ff40503-d42a-4d5e-88cd-490cd4afcf1b", "message": "New order created", "meta": null}
{"timestamp": "2025-12-24T15:40:31.408058", "level": "INFO", "service": "order_generator", "event": "ORDER_CREATED", "order_id": "773c4e9c-6015-4892-b694-efd81999887e", "message": "New order created", "meta": null}
{"timestamp": "2025-12-24T15:40:31.430134", "level": "INFO", "service": "order_generator", "event": "ORDER_CREATED", "order_id": "50651608-cbc4-4049-aaa5-37c9a00847c5", "message": "New order created", "meta": null}
{"timestamp": "2025-12-24T15:40:31.456751", "level": "INFO", "service": "order_generator", "event": "ORDER_CREATED", "order_id": "ca7f9b3e-5937-4130-b5b7-0c7f1d5ae563", "message": "New order created", "meta": null}
{"timestamp": "2025-12-24T15:40:31.483803", "level": "INFO", "service": "order_generator", "event": "ORDER_CREATED", "order_id": "889b58db-3e82-495b-9970-fc3313db1995", "message": "New order created", "meta": null}
{"timestamp": "2025-12-24T15:40:31.509147", "level": "INFO", "service": "order_generator", "event": "ORDER_CREATED", "order_id": "fe8f5858-aa50-46b4-8b19-8aa2a552cb40", "message": "New order created", "meta": null}
{"timestamp": "2025-12-24T15:40:31.537646", "level": "INFO", "service": "order_generator", "event": "ORDER_CREATED", "order_id": "5a2080f5-a711-4790-b05a-5c1f47e0d16c", "message": "New order created", "meta": null}
{"timestamp": "2025-12-24T15:40:31.565740", "level": "INFO", "service": "order_generator", "event": "ORDER_CREATED", "order_id": "74fc3ca1-e603-4b90-a4c0-cd98b64c5891", "message": "New order created", "meta": null}
{"timestamp": "2025-12-24T15:40:31.589921", "level": "INFO", "service": "order_generator", "event": "ORDER_CREATED", "order_id": "cd1ad808-b669-4de4-bd14-aa3021fa4f8f", "message": "New order created", "meta": null}
{"timestamp": "2025-12-24T15:40:31.615036", "level": "INFO", "service": "order_generator", "event": "ORDER_CREATED", "order_id": "a699c756-8b8c-4ff8-9f1f-71d720678a19", "message": "New order created", "meta": null}
{"timestamp": "2025-12-24T15:40:31.636375", "level": "INFO", "service": "order_generator", "event": "ORDER_CREATED", "order_id": "f5790c15-0d34-4b30-a7a9-f61a631274a4", "message": "New order created", "meta": null}
{"timestamp": "2025-12-24T15:40:31.663239", "level": "INFO", "service": "order_generator", "event": "ORDER_CREATED", "order_id": "57cc7f01-9ef4-42ad-80c6-328e0c574d3f", "message": "New order created", "meta": null}
{"timestamp": "2025-12-24T15:40:31.688368", "level": "INFO", "service": "order_generator", "event": "ORDER_CREATED", "order_id": "adc80beb-3fc1-447c-a9bc-706a0e70ef3e", "message": "New order created", "meta": null}
{"timestamp": "2025-12-24T15:40:31.712081", "level": "INFO", "service": "order_generator", "event": "ORDER_CREATED", "order_id": "b0dc9476-06df-4749-b99d-af627769202c", "message": "New order created", "meta": null}
{"timestamp": "2025-12-24T15:40:31.736063", "level": "INFO", "service": "order_generator", "event": "ORDER_CREATED", "order_id": "b4a90dfb-8859-4866-912d-40826ba6dc79", "message": "New order created", "meta": null}
{"timestamp": "2025-12-24T15:40:31.759763", "level": "INFO", "service": "order_generator", "event": "ORDER_CREATED", "order_id": "50b77a96-c75b-47f4-b45e-150d84d842b5", "message": "New order created", "meta": null}
{"timestamp": "2025-12-24T15:40:31.782873", "level": "INFO", "service": "order_generator", "event": "ORDER_CREATED", "order_id": "1375cf69-2d5c-411d-887a-8d8f437a1e3d", "message": "New order created", "meta": null}
{"timestamp": "2025-12-24T15:40:31.802393", "level": "INFO", "service": "order_generator", "event": "ORDER_CREATED", "order_id": "15bf5c5a-6bf6-4941-919b-af936e434c50", "message": "New order created", "meta": null}
{"timestamp": "2025-12-24T15:40:31.824369", "level": "INFO", "service": "order_generator", "event": "ORDER_CREATED", "order_id": "72a6b21a-cd39-429c-8b52-698306701079", "message": "New order created", "meta": null}
{"timestamp": "2025-12-24T15:40:31.848769", "level": "INFO", "service": "order_generator", "event": "ORDER_CREATED", "order_id": "e53f8ac9-6116-4ba3-b424-ef61afd6b752", "message": "New order created", "meta": null}
{"timestamp": "2025-12-24T15:40:31.869883", "level": "INFO", "service": "order_generator", "event": "ORDER_CREATED", "order_id": "498eff14-6239-41f1-bb94-66b52fc30437", "message": "New order created", "meta": null}
{"timestamp": "2025-12-24T15:40:31.894888", "level": "INFO", "service": "order_generator", "event": "ORDER_CREATED", "order_id": "1aae9217-5d23-45cb-a828-2587e2169e81", "message": "New order created", "meta": null}
{"timestamp": "2025-12-24T15:40:31.923051", "level": "INFO", "service": "order_generator", "event": "ORDER_CREATED", "order_id": "eb29ac7f-19f9-4b6d-8935-999b00f20017", "message": "New order created", "meta": null}
{"timestamp": "2025-12-24T15:40:31.951961", "level": "INFO", "service": "order_generator", "event": "ORDER_CREATED", "order_id": "ccb55241-a0dc-4a27-85a1-65423ae74d1c", "message": "New order created", "meta": null}
{"timestamp": "2025-12-24T15:40:31.976975", "level": "INFO", "service": "order_generator", "event": "ORDER_CREATED", "order_id": "34dee80a-ba5c-47e8-bdfa-33be1aa8b3e8", "message": "New order created", "meta": null}
{"timestamp": "2025-12-24T15:40:32.003362", "level": "INFO", "service": "order_generator", "event": "ORDER_CREATED", "order_id": "86f60d86-4bad-4a04-b1c7-381e1e6de908", "message": "New order created", "meta": null}
{"timestamp": "2025-12-24T15:40:32.027702", "level": "INFO", "service": "order_generator", "event": "ORDER_CREATED", "order_id": "7c1325f5-ce39-4942-aaaa-f19a4896ff34", "message": "New order created", "meta": null}
{"timestamp": "2025-12-24T15:40:32.051647", "level": "INFO", "service": "order_generator", "event": "ORDER_CREATED", "order_id": "40cec419-348f-4d2f-ae6a-16dad1961c95", "message": "New order created", "meta": null}
{"timestamp": "2025-12-24T15:40:32.094044", "level": "INFO", "service": "order_generator", "event": "ORDER_CREATED", "order_id": "9eb91d53-c956-4111-ab4f-92847365af3d", "message": "New order created", "meta": null}
{"timestamp": "2025-12-24T15:40:32.127396", "level": "INFO", "service": "order_generator", "event": "ORDER_CREATED", "order_id": "e280e337-7eab-4c86-9730-3558cbb5a20c", "message": "New order created", "meta": null}
{"timestamp": "2025-12-24T15:40:32.158364", "level": "INFO", "service": "order_generator", "event": "ORDER_CREATED", "order_id": "a7d8bf9c-6080-403c-8f28-f56f51b818b2", "message": "New order created", "meta": null}
{"timestamp": "2025-12-24T15:40:32.183331", "level": "INFO", "service": "order_generator", "event": "ORDER_CREATED", "order_id": "adbd5725-a3d3-4f39-b342-d055afb80eac", "message": "New order created", "meta": null}
{"timestamp": "2025-12-24T15:40:32.209622", "level": "INFO", "service": "order_generator", "event": "ORDER_CREATED", "order_id": "9a9064c9-3e7a-4a06-9b5e-44cbfcdfe49c", "message": "New order created", "meta": null}
{"timestamp": "2025-12-24T15:40:32.235889", "level": "INFO", "service": "order_generator", "event": "ORDER_CREATED", "order_id": "a569fc70-9cea-4261-8a1e-4291f764704b", "message": "New order created", "meta": null}
{"timestamp": "2025-12-24T15:40:32.265109", "level": "INFO", "service": "order_generator", "event": "ORDER_CREATED", "order_id": "146e1794-4cf4-4311-aa06-08ac3694310f", "message": "New order created", "meta": null}
{"timestamp": "2025-12-24T15:40:32.289740", "level": "INFO", "service": "order_generator", "event": "ORDER_CREATED", "order_id": "b0155cc6-0795-4712-a690-f600934ee59d", "message": "New order created", "meta": null}
{"timestamp": "2025-12-24T15:40:32.312234", "level": "INFO", "service": "order_generator", "event": "ORDER_CREATED", "order_id": "b1f7883e-9a48-4df2-8ec6-4dd6c613f776", "message": "New order created", "meta": null}
{"timestamp": "2025-12-24T15:40:32.335028", "level": "INFO", "service": "order_generator", "event": "ORDER_CREATED", "order_id": "185a3807-da64-4612-8382-d977047f0ebc", "message": "New order created", "meta": null}
{"timestamp": "2025-12-24T15:40:32.359903", "level": "INFO", "service": "order_generator", "event": "ORDER_CREATED", "order_id": "ea555ee3-8e0a-43da-b97b-64219fe15ab3", "message": "New order created", "meta": null}
{"timestamp": "2025-12-24T15:40:32.380457", "level": "INFO", "service": "order_generator", "event": "ORDER_CREATED", "order_id": "413f23a5-58d6-419b-a725-122c27323622", "message": "New order created", "meta": null}
{"timestamp": "2025-12-24T15:40:32.407991", "level": "INFO", "service": "order_generator", "event": "ORDER_CREATED", "order_id": "108970fd-6516-4ce0-912f-7949f35bb436", "message": "New order created", "meta": null}
{"timestamp": "2025-12-24T15:40:32.428758", "level": "INFO", "service": "order_generator", "event": "ORDER_CREATED", "order_id": "4cf9b8f8-3c7b-4717-beac-a1b20f0ee246", "message": "New order created", "meta": null}
{"timestamp": "2025-12-24T15:40:32.450618", "level": "INFO", "service": "order_generator", "event": "ORDER_CREATED", "order_id": "22e42ea8-f30f-45bd-8f95-55fca3aae094", "message": "New order created", "meta": null}
{"timestamp": "2025-12-24T15:40:32.472564", "level": "INFO", "service": "order_generator", "event": "ORDER_CREATED", "order_id": "a5bcef4a-560a-42e5-802d-4ccbfbedbc55", "message": "New order created", "meta": null}
{"timestamp": "2025-12-24T15:40:32.492540", "level": "INFO", "service": "order_generator", "event": "ORDER_CREATED", "order_id": "01fd39b5-a319-4c0e-afa2-b0090a5f5bf8", "message": "New order created", "meta": null}
{"timestamp": "2025-12-24T15:40:32.517673", "level": "INFO", "service": "order_generator", "event": "ORDER_CREATED", "order_id": "7b952541-a587-4366-b99f-c21cb677bda2", "message": "New order created", "meta": null}
{"timestamp": "2025-12-24T15:40:32.538233", "level": "INFO", "service": "order_generator", "event": "ORDER_CREATED", "order_id": "210dd840-4c31-4396-8224-aca4b8a8abea", "message": "New order created", "meta": null}
{"timestamp": "2025-12-24T15:40:32.556812", "level": "INFO", "service": "order_generator", "event": "ORDER_CREATED", "order_id": "f373bec8-f037-4808-987f-57b0f08837e3", "message": "New order created", "meta": null}
{"timestamp": "2025-12-24T15:40:32.581836", "level": "INFO", "service": "order_generator", "event": "ORDER_CREATED", "order_id": "86f40d3d-b9ef-4091-932f-7306459ebe18", "message": "New order created", "meta": null}
{"timestamp": "2025-12-24T15:40:32.603128", "level": "INFO", "service": "order_generator", "event": "ORDER_CREATED", "order_id": "8be5862d-b122-415c-92d7-038a603d05c0", "message": "New order created", "meta": null}
{"timestamp": "2025-12-24T15:40:32.627882", "level": "INFO", "service": "order_generator", "event": "ORDER_CREATED", "order_id": "a5414821-8080-4512-9557-953a52a94790", "message": "New order created", "meta": null}
{"timestamp": "2025-12-24T15:40:32.646100", "level": "INFO", "service": "order_generator", "event": "ORDER_CREATED", "order_id": "9967e5b7-1bb5-47fc-9ccd-cd867e344cf4", "message": "New order created", "meta": null}
{"timestamp": "2025-12-24T15:40:32.670061", "level": "INFO", "service": "order_generator", "event": "ORDER_CREATED", "order_id": "d340d8ad-a2ca-47c8-b245-ff7542c7818c", "message": "New order created", "meta": null}
{"timestamp": "2025-12-24T15:40:32.693596", "level": "INFO", "service": "order_generator", "event": "ORDER_CREATED", "order_id": "35a1db20-6e66-484d-b584-f2b28cf581da", "message": "New order created", "meta": null}
{"timestamp": "2025-12-24T15:40:32.717986", "level": "INFO", "service": "order_generator", "event": "ORDER_CREATED", "order_id": "7aaafccd-a920-4bf5-9eca-e3a3a19cb501", "message": "New order created", "meta": null}
{"timestamp": "2025-12-24T15:40:32.741428", "level": "INFO", "service": "order_generator", "event": "ORDER_CREATED", "order_id": "898f6122-e585-4aa6-86f0-ede45b923d51", "message": "New order created", "meta": null}
{"timestamp": "2025-12-24T15:40:32.770502", "level": "INFO", "service": "order_generator", "event": "ORDER_CREATED", "order_id": "a9a1e184-5deb-40bf-aa6a-10a19a9827ea", "message": "New order created", "meta": null}
{"timestamp": "2025-12-24T15:40:32.790169", "level": "INFO", "service": "order_generator", "event": "ORDER_CREATED", "order_id": "667c9d54-e5b0-4d36-8584-ae351b0fa5c3", "message": "New order created", "meta": null}
{"timestamp": "2025-12-24T15:40:32.814442", "level": "INFO", "service": "order_generator", "event": "ORDER_CREATED", "order_id": "97f27434-40f6-417f-9366-53315d2a168b", "message": "New order created", "meta": null}
{"timestamp": "2025-12-24T15:40:32.838863", "level": "INFO", "service": "order_generator", "event": "ORDER_CREATED", "order_id": "a79701b6-1caf-4c18-a928-7bafdf925a93", "message": "New order created", "meta": null}
{"timestamp": "2025-12-24T15:40:32.867066", "level": "INFO", "service": "order_generator", "event": "ORDER_CREATED", "order_id": "0c9cb118-b979-48ae-a00c-82103adb1f0e", "message": "New order created", "meta": null}
{"timestamp": "2025-12-24T15:40:32.892746", "level": "INFO", "service": "order_generator", "event": "ORDER_CREATED", "order_id": "6f099d9f-3efb-4b71-951d-d157cf1078b0", "message": "New order created", "meta": null}
{"timestamp": "2025-12-24T15:40:32.917403", "level": "INFO", "service": "order_generator", "event": "ORDER_CREATED", "order_id": "ecfd2f72-2f43-4ce6-8728-0ca31fd65379", "message": "New order created", "meta": null}
{"timestamp": "2025-12-24T15:40:32.945447", "level": "INFO", "service": "order_generator", "event": "ORDER_CREATED", "order_id": "befc182e-0d05-4532-ab33-3293f1a354be", "message": "New order created", "meta": null}
{"timestamp": "2025-12-24T15:40:32.972187", "level": "INFO", "service": "order_generator", "event": "ORDER_CREATED", "order_id": "1102d780-94ae-4a83-83e9-a1810b07391f", "message": "New order created", "meta": null}
{"timestamp": "2025-12-24T15:40:32.997863", "level": "INFO", "service": "order_generator", "event": "ORDER_CREATED", "order_id": "d755dc2a-6513-4e46-822e-15d6c5c9d27a", "message": "New order created", "meta": null}
{"timestamp": "2025-12-24T15:40:33.042881", "level": "INFO", "service": "order_generator", "event": "ORDER_CREATED", "order_id": "f0281d46-43dd-434f-8d15-4469aff0337e", "message": "New order created", "meta": null}
{"timestamp": "2025-12-24T15:40:33.103283", "level": "INFO", "service": "order_generator", "event": "ORDER_CREATED", "order_id": "56eaa5fd-fe9a-4591-aa09-d886781f2fa4", "message": "New order created", "meta": null}
{"timestamp": "2025-12-24T15:40:33.127253", "level": "INFO", "service": "order_generator", "event": "ORDER_CREATED", "order_id": "ae85886a-5972-4f81-ad20-b8d01a22e95a", "message": "New order created", "meta": null}
{"timestamp": "2025-12-24T15:40:33.156700", "level": "INFO", "service": "order_generator", "event": "ORDER_CREATED", "order_id": "7697d94f-d4e4-4f47-9ce6-dd6d96c53b24", "message": "New order created", "meta": null}
{"timestamp": "2025-12-24T15:40:33.177999", "level": "INFO", "service": "order_generator", "event": "ORDER_CREATED", "order_id": "e3a5c6c3-18ee-4e21-8576-a670abac171c", "message": "New order created", "meta": null}
{"timestamp": "2025-12-24T15:40:33.202208", "level": "INFO", "service": "order_generator", "event": "ORDER_CREATED", "order_id": "2c80d613-fd68-4563-864f-d59a37ff3c64", "message": "New order created", "meta": null}
{"timestamp": "2025-12-24T15:40:33.224200", "level": "INFO", "service": "order_generator", "event": "ORDER_CREATED", "order_id": "692de9d1-cbcd-4693-b830-a206d70c53f9", "message": "New order created", "meta": null}
{"timestamp": "2025-12-24T15:40:33.247273", "level": "INFO", "service": "order_generator", "event": "ORDER_CREATED", "order_id": "9ff704fd-81e6-4711-909f-ead1e40a522a", "message": "New order created", "meta": null}
{"timestamp": "2025-12-24T15:40:33.270095", "level": "INFO", "service": "order_generator", "event": "ORDER_CREATED", "order_id": "1c819aa4-9372-480b-9957-4108ad0203c9", "message": "New order created", "meta": null}
{"timestamp": "2025-12-24T15:40:33.295932", "level": "INFO", "service": "order_generator", "event": "ORDER_CREATED", "order_id": "5f9ddafe-d455-43be-a992-48f22379e116", "message": "New order created", "meta": null}
{"timestamp": "2025-12-24T15:40:33.317599", "level": "INFO", "service": "order_generator", "event": "ORDER_CREATED", "order_id": "0820fdb9-03c3-4026-bd76-dbcd03507183", "message": "New order created", "meta": null}
{"timestamp": "2025-12-24T15:40:33.342835", "level": "INFO", "service": "order_generator", "event": "ORDER_CREATED", "order_id": "a8a7f686-6cba-4ecb-9623-72f4738fc94b", "message": "New order created", "meta": null}
{"timestamp": "2025-12-24T15:40:33.368510", "level": "INFO", "service": "order_generator", "event": "ORDER_CREATED", "order_id": "de74f69c-c2e3-452e-92cf-e1f1563703d0", "message": "New order created", "meta": null}
{"timestamp": "2025-12-24T15:40:33.389819", "level": "INFO", "service": "order_generator", "event": "ORDER_CREATED", "order_id": "26cd7075-fb44-4573-879f-7ccc5298991d", "message": "New order created", "meta": null}
{"timestamp": "2025-12-24T15:40:33.416912", "level": "INFO", "service": "order_generator", "event": "ORDER_CREATED", "order_id": "333d6201-220a-43a3-bb9f-89670d54d4fd", "message": "New order created", "meta": null}
{"timestamp": "2025-12-24T15:40:33.445211", "level": "INFO", "service": "order_generator", "event": "ORDER_CREATED", "order_id": "e9ec167c-00f3-4878-a27a-9246477b4d5e", "message": "New order created", "meta": null}
{"timestamp": "2025-12-24T15:40:33.469764", "level": "INFO", "service": "order_generator", "event": "ORDER_CREATED", "order_id": "be1a952f-8d96-40ce-9609-3fb62cefefb9", "message": "New order created", "meta": null}
{"timestamp": "2025-12-24T15:40:33.497820", "level": "INFO", "service": "order_generator", "event": "ORDER_CREATED", "order_id": "e019dda2-9f02-49c1-b7ca-0cb1eeb15990", "message": "New order created", "meta": null}
{"timestamp": "2025-12-24T15:40:33.520713", "level": "INFO", "service": "order_generator", "event": "ORDER_CREATED", "order_id": "e57d5dd3-9ad2-405e-9f1d-74e1fd99e477", "message": "New order created", "meta": null}
{"timestamp": "2025-12-24T15:40:33.544348", "level": "INFO", "service": "order_generator", "event": "ORDER_CREATED", "order_id": "4e56083e-e17d-4f39-996c-b346e6d0d729", "message": "New order created", "meta": null}
{"timestamp": "2025-12-24T15:40:33.570285", "level": "INFO", "service": "order_generator", "event": "ORDER_CREATED", "order_id": "893e2c83-c9e4-4204-b90c-7e2792502a62", "message": "New order created", "meta": null}
{"timestamp": "2025-12-24T15:40:33.595585", "level": "INFO", "service": "order_generator", "event": "ORDER_CREATED", "order_id": "27f732c8-9550-4f02-a503-88432482f63d", "message": "New order created", "meta": null}
{"timestamp": "2025-12-24T15:40:33.621163", "level": "INFO", "service": "order_generator", "event": "ORDER_CREATED", "order_id": "9a1d070d-6746-454b-9a25-fbaaa90e2e4f", "message": "New order created", "meta": null}
{"timestamp": "2025-12-24T15:40:33.643558", "level": "INFO", "service": "order_generator", "event": "ORDER_CREATED", "order_id": "c52f82b1-8c44-4c3a-8651-687624a5386d", "message": "New order created", "meta": null}
{"timestamp": "2025-12-24T15:40:33.667860", "level": "INFO", "service": "order_generator", "event": "ORDER_CREATED", "order_id": "d9bb8a0f-e2cb-4bf3-9979-ff85b055a4cf", "message": "New order created", "meta": null}
{"timestamp": "2025-12-24T15:40:33.701810", "level": "INFO", "service": "order_generator", "event": "ORDER_CREATED", "order_id": "228503aa-b1d7-4ef2-93d4-a7e5e18397dd", "message": "New order created", "meta": null}
{"timestamp": "2025-12-24T15:40:33.731082", "level": "INFO", "service": "order_generator", "event": "ORDER_CREATED", "order_id": "f5ac5a19-ce33-4f04-ba39-ab4659ac01b3", "message": "New order created", "meta": null}
{"timestamp": "2025-12-24T15:40:33.760541", "level": "INFO", "service": "order_generator", "event": "ORDER_CREATED", "order_id": "67dfb590-5a77-4299-a283-57a4b99ae30d", "message": "New order created", "meta": null}
{"timestamp": "2025-12-24T15:40:33.822808", "level": "INFO", "service": "order_generator", "event": "ORDER_CREATED", "order_id": "4b0c80e7-e730-4db1-b5af-6e0a33a02e36", "message": "New order created", "meta": null}
{"timestamp": "2025-12-24T15:40:34.064884", "level": "INFO", "service": "order_generator", "event": "ORDER_CREATED", "order_id": "0b3fe388-4332-4877-83cd-5d6263fc8dcb", "message": "New order created", "meta": null}
{"timestamp": "2025-12-24T15:40:34.113892", "level": "INFO", "service": "order_generator", "event": "ORDER_CREATED", "order_id": "3d824982-9a3f-4e37-a648-6ad5917b8959", "message": "New order created", "meta": null}
{"timestamp": "2025-12-24T15:40:34.193307", "level": "INFO", "service": "order_generator", "event": "ORDER_CREATED", "order_id": "626372bc-6f70-4818-bbbb-a5b8fc9fa0ca", "message": "New order created", "meta": null}
{"timestamp": "2025-12-24T15:40:34.293693", "level": "INFO", "service": "order_generator", "event": "ORDER_CREATED", "order_id": "0861ceb4-b3e7-4473-bec7-fcb982f6c70f", "message": "New order created", "meta": null}
{"timestamp": "2025-12-24T15:40:34.353431", "level": "INFO", "service": "order_generator", "event": "ORDER_CREATED", "order_id": "32f84869-747d-4a63-91b0-0f329e77a142", "message": "New order created", "meta": null}
{"timestamp": "2025-12-24T15:40:34.412539", "level": "INFO", "service": "order_generator", "event": "ORDER_CREATED", "order_id": "a90700a2-b560-4852-afe0-ba531449abeb", "message": "New order created", "meta": null}
{"timestamp": "2025-12-24T15:40:34.461499", "level": "INFO", "service": "order_generator", "event": "ORDER_CREATED", "order_id": "eba3f617-3296-4735-9f6f-9c5432951a72", "message": "New order created", "meta": null}
{"timestamp": "2025-12-24T15:40:34.529912", "level": "INFO", "service": "order_generator", "event": "ORDER_CREATED", "order_id": "a909c689-91c1-4bd7-86bd-6fa28d86486d", "message": "New order created", "meta": null}
{"timestamp": "2025-12-24T15:40:34.598225", "level": "INFO", "service": "order_generator", "event": "ORDER_CREATED", "order_id": "aa9673d6-8b48-42bf-b4be-6724c742b083", "message": "New order created", "meta": null}
{"timestamp": "2025-12-24T15:40:34.642748", "level": "INFO", "service": "order_generator", "event": "ORDER_CREATED", "order_id": "bbb18bec-5dca-46b5-9d37-76c34a70542d", "message": "New order created", "meta": null}
{"timestamp": "2025-12-24T15:40:34.736698", "level": "INFO", "service": "order_generator", "event": "ORDER_CREATED", "order_id": "cce48ecd-65aa-44f1-a854-3598018d4ede", "message": "New order created", "meta": null}
{"timestamp": "2025-12-24T15:40:34.805382", "level": "INFO", "service": "order_generator", "event": "ORDER_CREATED", "order_id": "ba733153-ee38-420d-b182-a28f5f2e771b", "message": "New order created", "meta": null}
{"timestamp": "2025-12-24T15:40:34.888773", "level": "INFO", "service": "order_generator", "event": "ORDER_CREATED", "order_id": "d574a8fd-fb68-468c-b0dd-8ee11a79aa1c", "message": "New order created", "meta": null}
{"timestamp": "2025-12-24T15:40:34.920741", "level": "INFO", "service": "order_generator", "event": "ORDER_CREATED", "order_id": "893f2ad1-7bc5-4c5a-a820-e40ed2f96deb", "message": "New order created", "meta": null}
{"timestamp": "2025-12-24T15:40:35.063094", "level": "INFO", "service": "order_generator", "event": "ORDER_CREATED", "order_id": "338ea01d-d055-4b5a-956e-892c6c571dc6", "message": "New order created", "meta": null}
{"timestamp": "2025-12-24T15:40:35.146097", "level": "INFO", "service": "order_generator", "event": "ORDER_CREATED", "order_id": "f185b012-3627-4c6f-b72a-55a229413422", "message": "New order created", "meta": null}
{"timestamp": "2025-12-24T15:40:35.214925", "level": "INFO", "service": "order_generator", "event": "ORDER_CREATED", "order_id": "5b50259f-5709-45aa-9d47-070a93904843", "message": "New order created", "meta": null}
{"timestamp": "2025-12-24T15:40:35.376268", "level": "INFO", "service": "order_generator", "event": "ORDER_CREATED", "order_id": "9e45b7a5-548c-48ff-973f-5db900d03b3e", "message": "New order created", "meta": null}
{"timestamp": "2025-12-24T15:40:35.458473", "level": "INFO", "service": "order_generator", "event": "ORDER_CREATED", "order_id": "c9c3a7ff-9fde-407f-b4b0-fbb60becec9c", "message": "New order created", "meta": null}
{"timestamp": "2025-12-24T15:40:35.499501", "level": "INFO", "service": "order_generator", "event": "ORDER_CREATED", "order_id": "ebf1cac0-75ce-439a-bde6-82693073fcd4", "message": "New order created", "meta": null}
{"timestamp": "2025-12-24T15:40:35.534368", "level": "INFO", "service": "order_generator", "event": "ORDER_CREATED", "order_id": "43631f6d-4198-4de5-b660-4893eb68406a", "message": "New order created", "meta": null}
{"timestamp": "2025-12-24T15:40:36.710345", "level": "INFO", "service": "order_generator", "event": "ORDER_CREATED", "order_id": "0801817b-6e8e-4bf1-92e3-c5c67d94d976", "message": "New order created", "meta": null}
{"timestamp": "2025-12-24T15:40:36.737526", "level": "INFO", "service": "order_generator", "event": "ORDER_CREATED", "order_id": "3e23d7de-a828-4b75-b537-be84c7f6131d", "message": "New order created", "meta": null}
{"timestamp": "2025-12-24T15:40:36.816280", "level": "INFO", "service": "order_generator", "event": "ORDER_CREATED", "order_id": "4d390b23-0c3b-4e7d-9d97-6e974fe22975", "message": "New order created", "meta": null}
{"timestamp": "2025-12-24T15:40:36.880739", "level": "INFO", "service": "order_generator", "event": "ORDER_CREATED", "order_id": "d40b8105-8dec-4d6f-82e1-6acef40ba0be", "message": "New order created", "meta": null}
{"timestamp": "2025-12-24T15:40:36.953002", "level": "INFO", "service": "order_generator", "event": "ORDER_CREATED", "order_id": "3fec8e08-540f-4c0c-8abc-156913d69bc7", "message": "New order created", "meta": null}
{"timestamp": "2025-12-24T15:40:37.064611", "level": "INFO", "service": "order_generator", "event": "ORDER_CREATED", "order_id": "7470adc8-57f5-4713-ad80-6c1112fae7c9", "message": "New order created", "meta": null}
{"timestamp": "2025-12-24T15:40:37.225033", "level": "INFO", "service": "order_generator", "event": "ORDER_CREATED", "order_id": "3744cede-8766-4ad9-b60a-0f6d64a07bb7", "message": "New order created", "meta": null}
{"timestamp": "2025-12-24T15:40:37.303164", "level": "INFO", "service": "order_generator", "event": "ORDER_CREATED", "order_id": "5d089b16-246d-4366-a048-18646a732c06", "message": "New order created", "meta": null}
{"timestamp": "2025-12-24T15:40:37.379171", "level": "INFO", "service": "order_generator", "event": "ORDER_CREATED", "order_id": "6b98ecf0-8e17-4546-b885-3c8105644854", "message": "New order created", "meta": null}
{"timestamp": "2025-12-24T15:40:37.437449", "level": "INFO", "service": "order_generator", "event": "ORDER_CREATED", "order_id": "b2356d44-9c4b-41f9-8c5a-a2d0d7ba598f", "message": "New order created", "meta": null}
{"timestamp": "2025-12-24T15:40:37.513151", "level": "INFO", "service": "order_generator", "event": "ORDER_CREATED", "order_id": "ac9ba6f0-86b0-4ea5-94ac-999d853bed8b", "message": "New order created", "meta": null}
{"timestamp": "2025-12-24T15:40:37.582857", "level": "INFO", "service": "order_generator", "event": "ORDER_CREATED", "order_id": "b09dac85-1b25-469b-aa9c-97083494226b", "message": "New order created", "meta": null}
{"timestamp": "2025-12-24T15:40:37.662278", "level": "INFO", "service": "order_generator", "event": "ORDER_CREATED", "order_id": "0fc56987-d818-492e-80bb-909dbb209f12", "message": "New order created", "meta": null}
{"timestamp": "2025-12-24T15:40:37.750817", "level": "INFO", "service": "order_generator", "event": "ORDER_CREATED", "order_id": "3d4b9a64-a1ff-4834-9498-ba2aa4f8ae64", "message": "New order created", "meta": null}
{"timestamp": "2025-12-24T15:40:37.850996", "level": "INFO", "service": "order_generator", "event": "ORDER_CREATED", "order_id": "af1ea71b-7b71-4554-a68e-b3c2b7bc0c4e", "message": "New order created", "meta": null}
{"timestamp": "2025-12-24T15:40:37.932147", "level": "INFO", "service": "order_generator", "event": "ORDER_CREATED", "order_id": "0eb2c6e2-2e9c-45c0-8d45-9862264944a4", "message": "New order created", "meta": null}
{"timestamp": "2025-12-24T15:40:38.021564", "level": "INFO", "service": "order_generator", "event": "ORDER_CREATED", "order_id": "522141f0-5979-4622-8145-380d9c7a53a0", "message": "New order created", "meta": null}
{"timestamp": "2025-12-24T15:40:38.136962", "level": "INFO", "service": "order_generator", "event": "ORDER_CREATED", "order_id": "1db7b5e8-7bb2-472e-81dc-1a8a6120415c", "message": "New order created", "meta": null}
{"timestamp": "2025-12-24T15:40:38.263238", "level": "INFO", "service": "order_generator", "event": "ORDER_CREATED", "order_id": "97a42f79-9cd7-472d-8f52-62eb3734509e", "message": "New order created", "meta": null}
{"timestamp": "2025-12-24T15:40:38.294414", "level": "INFO", "service": "order_generator", "event": "ORDER_CREATED", "order_id": "d4fab920-1fe4-4c15-91a6-55aa9b1d78ec", "message": "New order created", "meta": null}
{"timestamp": "2025-12-24T15:40:38.318411", "level": "INFO", "service": "order_generator", "event": "ORDER_CREATED", "order_id": "c94f9225-0c09-4db6-8e19-bb92718e7297", "message": "New order created", "meta": null}
{"timestamp": "2025-12-24T15:40:38.341172", "level": "INFO", "service": "order_generator", "event": "ORDER_CREATED", "order_id": "3c396fff-0b8a-4145-9f2b-53ca1fe0275f", "message": "New order created", "meta": null}
{"timestamp": "2025-12-24T15:40:38.367056", "level": "INFO", "service": "order_generator", "event": "ORDER_CREATED", "order_id": "95c1bf2f-946a-4ac8-a374-bcaed1fd98b1", "message": "New order created", "meta": null}
{"timestamp": "2025-12-24T15:40:38.393567", "level": "INFO", "service": "order_generator", "event": "ORDER_CREATED", "order_id": "63671f82-8adc-4ea3-8006-87dd1508d75c", "message": "New order created", "meta": null}
{"timestamp": "2025-12-24T15:40:38.418926", "level": "INFO", "service": "order_generator", "event": "ORDER_CREATED", "order_id": "eb0b49c3-4d6f-4d66-b970-355d2142c269", "message": "New order created", "meta": null}
{"timestamp": "2025-12-24T15:40:38.442271", "level": "INFO", "service": "order_generator", "event": "ORDER_CREATED", "order_id": "abf4aa8f-0ab0-4dca-90eb-798270c5a8ae", "message": "New order created", "meta": null}
{"timestamp": "2025-12-24T15:40:38.472370", "level": "INFO", "service": "order_generator", "event": "ORDER_CREATED", "order_id": "e21e0a5a-99a2-4fa9-9a08-d5ec5afe1f30", "message": "New order created", "meta": null}
{"timestamp": "2025-12-24T15:40:38.501324", "level": "INFO", "service": "order_generator", "event": "ORDER_CREATED", "order_id": "34396f9a-8f06-4c93-8531-0542d4d8eaac", "message": "New order created", "meta": null}
{"timestamp": "2025-12-24T15:40:38.528193", "level": "INFO", "service": "order_generator", "event": "ORDER_CREATED", "order_id": "6545f67f-7f4c-40b2-b843-35989d4d6fc8", "message": "New order created", "meta": null}
{"timestamp": "2025-12-24T15:40:38.555901", "level": "INFO", "service": "order_generator", "event": "ORDER_CREATED", "order_id": "eed7da51-75a8-4e25-bb89-ae86f6874de2", "message": "New order created", "meta": null}
{"timestamp": "2025-12-24T15:40:38.601920", "level": "INFO", "service": "order_generator", "event": "ORDER_CREATED", "order_id": "e0ca7525-f061-4cc6-a00a-5afcff66c1f2", "message": "New order created", "meta": null}
{"timestamp": "2025-12-24T15:40:38.655378", "level": "INFO", "service": "order_generator", "event": "ORDER_CREATED", "order_id": "1a9d7806-2806-4d0e-b758-97211d06f316", "message": "New order created", "meta": null}
{"timestamp": "2025-12-24T15:40:38.703917", "level": "INFO", "service": "order_generator", "event": "ORDER_CREATED", "order_id": "e3bae4c0-f988-47df-b837-0f5022fb4034", "message": "New order created", "meta": null}
{"timestamp": "2025-12-24T15:40:38.737038", "level": "INFO", "service": "order_generator", "event": "ORDER_CREATED", "order_id": "10db2b92-2511-490e-bf23-07e057b30d38", "message": "New order created", "meta": null}
{"timestamp": "2025-12-24T15:40:38.765935", "level": "INFO", "service": "order_generator", "event": "ORDER_CREATED", "order_id": "d55c7df8-86c9-447e-a20f-7e2d0a24ae4d", "message": "New order created", "meta": null}
{"timestamp": "2025-12-24T15:40:38.801549", "level": "INFO", "service": "order_generator", "event": "ORDER_CREATED", "order_id": "8d835f87-c368-4427-a6f8-e8113c194db1", "message": "New order created", "meta": null}
{"timestamp": "2025-12-24T15:40:38.833816", "level": "INFO", "service": "order_generator", "event": "ORDER_CREATED", "order_id": "f824806e-fc03-4e7d-8859-c2e77ef7cda2", "message": "New order created", "meta": null}
{"timestamp": "2025-12-24T15:40:38.867640", "level": "INFO", "service": "order_generator", "event": "ORDER_CREATED", "order_id": "a508849e-388a-4388-af7f-e15abfaf809e", "message": "New order created", "meta": null}
{"timestamp": "2025-12-24T15:40:38.891426", "level": "INFO", "service": "order_generator", "event": "ORDER_CREATED", "order_id": "9660d57b-28c5-4347-9503-0125f31c94d9", "message": "New order created", "meta": null}
{"timestamp": "2025-12-24T15:40:38.915987", "level": "INFO", "service": "order_generator", "event": "ORDER_CREATED", "order_id": "b3d7eda9-5cd8-4014-8be5-83cca3c1a026", "message": "New order created", "meta": null}
{"timestamp": "2025-12-24T15:40:38.940775", "level": "INFO", "service": "order_generator", "event": "ORDER_CREATED", "order_id": "f1fac68d-ce59-450e-82d0-6bb374c84f48", "message": "New order created", "meta": null}
{"timestamp": "2025-12-24T15:40:38.973362", "level": "INFO", "service": "order_generator", "event": "ORDER_CREATED", "order_id": "a9b5848c-6832-4f29-9f4f-59be14487928", "message": "New order created", "meta": null}
{"timestamp": "2025-12-24T15:40:38.998050", "level": "INFO", "service": "order_generator", "event": "ORDER_CREATED", "order_id": "1d2fb85c-b34e-4884-9542-5ad0d0389521", "message": "New order created", "meta": null}
{"timestamp": "2025-12-24T15:40:39.021408", "level": "INFO", "service": "order_generator", "event": "ORDER_CREATED", "order_id": "e7afba63-c8f3-48a7-b8e4-82e8b331b182", "message": "New order created", "meta": null}
{"timestamp": "2025-12-24T15:40:39.048036", "level": "INFO", "service": "order_generator", "event": "ORDER_CREATED", "order_id": "43ac4b60-ec1e-43ad-a0c4-8879620cdaef", "message": "New order created", "meta": null}
{"timestamp": "2025-12-24T15:40:39.069973", "level": "INFO", "service": "order_generator", "event": "ORDER_CREATED", "order_id": "10b417d7-815b-4c29-bff1-29cc2b92516c", "message": "New order created", "meta": null}
{"timestamp": "2025-12-24T15:40:39.092928", "level": "INFO", "service": "order_generator", "event": "ORDER_CREATED", "order_id": "099e4797-91f5-4c9d-9b5b-50de280959c5", "message": "New order created", "meta": null}
{"timestamp": "2025-12-24T15:40:39.116840", "level": "INFO", "service": "order_generator", "event": "ORDER_CREATED", "order_id": "9059a1d7-c5f5-423b-aad3-4e5323ec467a", "message": "New order created", "meta": null}
{"timestamp": "2025-12-24T15:40:39.140527", "level": "INFO", "service": "order_generator", "event": "ORDER_CREATED", "order_id": "15ad35cd-bb9a-48cf-a467-ef3be74cc0bb", "message": "New order created", "meta": null}
{"timestamp": "2025-12-24T15:40:39.164937", "level": "INFO", "service": "order_generator", "event": "ORDER_CREATED", "order_id": "63fc9ca1-671f-40f9-9a75-6768390549a4", "message": "New order created", "meta": null}
{"timestamp": "2025-12-24T15:40:39.193706", "level": "INFO", "service": "order_generator", "event": "ORDER_CREATED", "order_id": "58be94e5-4911-4082-b059-9975a9ca605a", "message": "New order created", "meta": null}
{"timestamp": "2025-12-24T15:40:39.218273", "level": "INFO", "service": "order_generator", "event": "ORDER_CREATED", "order_id": "447f8ea6-3177-4422-8a57-16b58f7d2120", "message": "New order created", "meta": null}
{"timestamp": "2025-12-24T15:40:39.248543", "level": "INFO", "service": "order_generator", "event": "ORDER_CREATED", "order_id": "d194672b-5f0a-46e2-bdc5-853b82464554", "message": "New order created", "meta": null}
{"timestamp": "2025-12-24T15:40:39.273892", "level": "INFO", "service": "order_generator", "event": "ORDER_CREATED", "order_id": "22f6075d-a855-4c5f-9bea-24ab169b25a5", "message": "New order created", "meta": null}
{"timestamp": "2025-12-24T15:40:39.297992", "level": "INFO", "service": "order_generator", "event": "ORDER_CREATED", "order_id": "48c46a9b-c12b-4c95-948e-59fde619b5b2", "message": "New order created", "meta": null}
{"timestamp": "2025-12-24T15:40:39.318755", "level": "INFO", "service": "order_generator", "event": "ORDER_CREATED", "order_id": "204f1e7b-5e68-4349-bfeb-47aeb8e387e1", "message": "New order created", "meta": null}
{"timestamp": "2025-12-24T15:40:39.343721", "level": "INFO", "service": "order_generator", "event": "ORDER_CREATED", "order_id": "660e4242-c45d-4392-b7f5-ecb68e4a62c7", "message": "New order created", "meta": null}
{"timestamp": "2025-12-24T15:40:39.369271", "level": "INFO", "service": "order_generator", "event": "ORDER_CREATED", "order_id": "3515d3b8-90d3-4391-96a7-507a4225d60a", "message": "New order created", "meta": null}
{"timestamp": "2025-12-24T15:40:39.391980", "level": "INFO", "service": "order_generator", "event": "ORDER_CREATED", "order_id": "8a99c84f-64e2-48f5-9f99-805d922d2eca", "message": "New order created", "meta": null}
{"timestamp": "2025-12-24T15:40:39.415478", "level": "INFO", "service": "order_generator", "event": "ORDER_CREATED", "order_id": "e413251f-7868-4e12-b4e8-bf165ff047e5", "message": "New order created", "meta": null}
{"timestamp": "2025-12-24T15:40:39.441515", "level": "INFO", "service": "order_generator", "event": "ORDER_CREATED", "order_id": "ca410894-f80a-4a2b-ad40-5c2cea8bd463", "message": "New order created", "meta": null}
{"timestamp": "2025-12-24T15:40:39.465210", "level": "INFO", "service": "order_generator", "event": "ORDER_CREATED", "order_id": "cebcb8ce-eade-4725-a26a-52786deba16e", "message": "New order created", "meta": null}
{"timestamp": "2025-12-24T15:40:39.492596", "level": "INFO", "service": "order_generator", "event": "ORDER_CREATED", "order_id": "7e89ed82-a3b8-444b-a987-ca2c129bbb97", "message": "New order created", "meta": null}
{"timestamp": "2025-12-24T15:40:39.517861", "level": "INFO", "service": "order_generator", "event": "ORDER_CREATED", "order_id": "d7e81908-5842-4181-91dd-be6379755fca", "message": "New order created", "meta": null}
{"timestamp": "2025-12-24T15:40:39.545604", "level": "INFO", "service": "order_generator", "event": "ORDER_CREATED", "order_id": "ff46b724-0d50-41bc-9249-c2485a60323e", "message": "New order created", "meta": null}
{"timestamp": "2025-12-24T15:40:39.569075", "level": "INFO", "service": "order_generator", "event": "ORDER_CREATED", "order_id": "6dee5745-df5a-4872-8868-164132017910", "message": "New order created", "meta": null}
{"timestamp": "2025-12-24T15:40:39.591775", "level": "INFO", "service": "order_generator", "event": "ORDER_CREATED", "order_id": "8148e90b-c967-48e7-9ecd-f2d56698aef5", "message": "New order created", "meta": null}
{"timestamp": "2025-12-24T15:40:39.614581", "level": "INFO", "service": "order_generator", "event": "ORDER_CREATED", "order_id": "124ac2a8-fb75-44c5-a5da-47d7d8e1a1fa", "message": "New order created", "meta": null}
{"timestamp": "2025-12-24T15:40:39.636821", "level": "INFO", "service": "order_generator", "event": "ORDER_CREATED", "order_id": "f6701b5b-19bc-4cc8-8d19-222b4ad1e0d8", "message": "New order created", "meta": null}
{"timestamp": "2025-12-24T15:40:39.661562", "level": "INFO", "service": "order_generator", "event": "ORDER_CREATED", "order_id": "b1401d28-02f8-4a2b-aebe-d6e80dc28270", "message": "New order created", "meta": null}
{"timestamp": "2025-12-24T15:40:39.688687", "level": "INFO", "service": "order_generator", "event": "ORDER_CREATED", "order_id": "fb74e54d-0d81-4558-9098-6bb7bad4a137", "message": "New order created", "meta": null}
{"timestamp": "2025-12-24T15:40:39.710605", "level": "INFO", "service": "order_generator", "event": "ORDER_CREATED", "order_id": "87590d81-3cd0-4ce5-87d4-78140672fdf9", "message": "New order created", "meta": null}
{"timestamp": "2025-12-24T15:40:39.737918", "level": "INFO", "service": "order_generator", "event": "ORDER_CREATED", "order_id": "7404b775-b95e-4751-9074-33ad2efa2bbe", "message": "New order created", "meta": null}
{"timestamp": "2025-12-24T15:40:39.763601", "level": "INFO", "service": "order_generator", "event": "ORDER_CREATED", "order_id": "c80dad0c-718e-436d-b14f-763986e40e1e", "message": "New order created", "meta": null}
{"timestamp": "2025-12-24T15:40:39.788932", "level": "INFO", "service": "order_generator", "event": "ORDER_CREATED", "order_id": "ec0d4cf4-717e-4f22-9f87-43e222874fd1", "message": "New order created", "meta": null}
{"timestamp": "2025-12-24T15:40:39.816719", "level": "INFO", "service": "order_generator", "event": "ORDER_CREATED", "order_id": "235f74c0-4283-4303-be4a-32351f75441b", "message": "New order created", "meta": null}
{"timestamp": "2025-12-24T15:40:39.843674", "level": "INFO", "service": "order_generator", "event": "ORDER_CREATED", "order_id": "2cf87075-354c-40dc-8836-6b973923757b", "message": "New order created", "meta": null}
{"timestamp": "2025-12-24T15:40:39.872218", "level": "INFO", "service": "order_generator", "event": "ORDER_CREATED", "order_id": "95e76447-973f-43ec-9093-a09a1c1445cf", "message": "New order created", "meta": null}
{"timestamp": "2025-12-24T15:40:39.895662", "level": "INFO", "service": "order_generator", "event": "ORDER_CREATED", "order_id": "56d60a9b-91c0-453b-a202-bd88941ede1d", "message": "New order created", "meta": null}
{"timestamp": "2025-12-24T15:40:39.922428", "level": "INFO", "service": "order_generator", "event": "ORDER_CREATED", "order_id": "16f079a1-10b3-4be6-bd28-41dc98b8dd9d", "message": "New order created", "meta": null}
{"timestamp": "2025-12-24T15:40:39.953582", "level": "INFO", "service": "order_generator", "event": "ORDER_CREATED", "order_id": "76b26343-d5ab-4686-bdd2-8635cfaebdd4", "message": "New order created", "meta": null}
{"timestamp": "2025-12-24T15:40:39.986625", "level": "INFO", "service": "order_generator", "event": "ORDER_CREATED", "order_id": "fcc98464-6442-4185-8005-3d47cce122a0", "message": "New order created", "meta": null}
{"timestamp": "2025-12-24T15:40:40.014359", "level": "INFO", "service": "order_generator", "event": "ORDER_CREATED", "order_id": "35586cf1-c505-43e0-a322-971a8f47b571", "message": "New order created", "meta": null}
{"timestamp": "2025-12-24T15:40:40.040236", "level": "INFO", "service": "order_generator", "event": "ORDER_CREATED", "order_id": "1c4ed80f-8a05-4818-83a9-76d528a79fe1", "message": "New order created", "meta": null}
{"timestamp": "2025-12-24T15:40:40.064137", "level": "INFO", "service": "order_generator", "event": "ORDER_CREATED", "order_id": "14bdaef5-c455-4a67-af1c-c7477ae6d7db", "message": "New order created", "meta": null}
{"timestamp": "2025-12-24T15:40:40.091673", "level": "INFO", "service": "order_generator", "event": "ORDER_CREATED", "order_id": "1625539b-44a6-47ee-ad09-a54efcefd6b7", "message": "New order created", "meta": null}
{"timestamp": "2025-12-24T15:40:40.116311", "level": "INFO", "service": "order_generator", "event": "ORDER_CREATED", "order_id": "e89e2a3b-0031-4725-8832-a5c4fe73db6c", "message": "New order created", "meta": null}
{"timestamp": "2025-12-24T15:40:40.140057", "level": "INFO", "service": "order_generator", "event": "ORDER_CREATED", "order_id": "925bd20b-0275-4b09-b195-de16ba3655b7", "message": "New order created", "meta": null}
{"timestamp": "2025-12-24T15:40:40.164373", "level": "INFO", "service": "order_generator", "event": "ORDER_CREATED", "order_id": "55fc6ae5-afda-483b-a9d6-94b0dbccd98c", "message": "New order created", "meta": null}
{"timestamp": "2025-12-24T15:40:40.188146", "level": "INFO", "service": "order_generator", "event": "ORDER_CREATED", "order_id": "7a31706a-93f9-4909-8b29-e0012048a1ce", "message": "New order created", "meta": null}
{"timestamp": "2025-12-24T15:40:40.211381", "level": "INFO", "service": "order_generator", "event": "ORDER_CREATED", "order_id": "5f6bd690-a99d-4c61-b9af-8dfd67c63e3f", "message": "New order created", "meta": null}
{"timestamp": "2025-12-24T15:40:40.237295", "level": "INFO", "service": "order_generator", "event": "ORDER_CREATED", "order_id": "a75f880b-1ab4-4062-8670-e7e805fe0c59", "message": "New order created", "meta": null}
{"timestamp": "2025-12-24T15:40:40.281969", "level": "INFO", "service": "order_generator", "event": "ORDER_CREATED", "order_id": "371d55f2-e255-4037-bbbe-25fb932862bc", "message": "New order created", "meta": null}
{"timestamp": "2025-12-24T15:40:40.307306", "level": "INFO", "service": "order_generator", "event": "ORDER_CREATED", "order_id": "f389dee7-1337-435e-b682-dc94fff8e436", "message": "New order created", "meta": null}
{"timestamp": "2025-12-24T15:40:40.334925", "level": "INFO", "service": "order_generator", "event": "ORDER_CREATED", "order_id": "3cb73cb7-eb2c-4090-b448-ffb8e0994a1f", "message": "New order created", "meta": null}
{"timestamp": "2025-12-24T15:40:40.362174", "level": "INFO", "service": "order_generator", "event": "ORDER_CREATED", "order_id": "aba8e8f0-826a-4271-81c9-f2be123ba686", "message": "New order created", "meta": null}
{"timestamp": "2025-12-24T15:40:40.386555", "level": "INFO", "service": "order_generator", "event": "ORDER_CREATED", "order_id": "134876a1-6947-419a-890b-95b4a6098683", "message": "New order created", "meta": null}
{"timestamp": "2025-12-24T15:40:40.409661", "level": "INFO", "service": "order_generator", "event": "ORDER_CREATED", "order_id": "87820770-a8b0-42c4-b75f-d1bf98c9c567", "message": "New order created", "meta": null}
{"timestamp": "2025-12-24T15:40:40.431742", "level": "INFO", "service": "order_generator", "event": "ORDER_CREATED", "order_id": "3802d68d-1934-4343-aa18-8f40069d0d22", "message": "New order created", "meta": null}
{"timestamp": "2025-12-24T15:40:40.457388", "level": "INFO", "service": "order_generator", "event": "ORDER_CREATED", "order_id": "655e5b8f-9193-44ea-831b-e61c6f7dacb9", "message": "New order created", "meta": null}
{"timestamp": "2025-12-24T15:40:40.482342", "level": "INFO", "service": "order_generator", "event": "ORDER_CREATED", "order_id": "5e9bf015-5d12-449c-8507-86b610cdc85d", "message": "New order created", "meta": null}
{"timestamp": "2025-12-24T15:40:40.506821", "level": "INFO", "service": "order_generator", "event": "ORDER_CREATED", "order_id": "1c51370a-11f1-428b-a2a6-4808ff17754d", "message": "New order created", "meta": null}
{"timestamp": "2025-12-24T15:40:40.531692", "level": "INFO", "service": "order_generator", "event": "ORDER_CREATED", "order_id": "b811e9cf-d225-45a1-888b-83824650cd7b", "message": "New order created", "meta": null}
{"timestamp": "2025-12-24T15:40:40.556230", "level": "INFO", "service": "order_generator", "event": "ORDER_CREATED", "order_id": "b2ff803b-a4fd-41d8-bc3b-9e7220d8b44b", "message": "New order created", "meta": null}
{"timestamp": "2025-12-24T15:40:40.580759", "level": "INFO", "service": "order_generator", "event": "ORDER_CREATED", "order_id": "aaa2ed8c-c78c-4d90-8d5d-20875e312415", "message": "New order created", "meta": null}
{"timestamp": "2025-12-24T15:40:40.609437", "level": "INFO", "service": "order_generator", "event": "ORDER_CREATED", "order_id": "12d0d7d9-6d5d-4f2a-ac98-dfbe64bfe48f", "message": "New order created", "meta": null}
{"timestamp": "2025-12-24T15:40:40.636847", "level": "INFO", "service": "order_generator", "event": "ORDER_CREATED", "order_id": "ab2fb94b-fdc2-4cef-8c06-fb90093faf49", "message": "New order created", "meta": null}
{"timestamp": "2025-12-24T15:40:40.660247", "level": "INFO", "service": "order_generator", "event": "ORDER_CREATED", "order_id": "90ee9788-a288-4241-93b6-92725ed5ea71", "message": "New order created", "meta": null}
{"timestamp": "2025-12-24T15:40:40.682138", "level": "INFO", "service": "order_generator", "event": "ORDER_CREATED", "order_id": "aa8c03d7-1f03-4fe9-8ead-e9bcdce4adee", "message": "New order created", "meta": null}
{"timestamp": "2025-12-24T15:40:40.702936", "level": "INFO", "service": "order_generator", "event": "ORDER_CREATED", "order_id": "07d9738e-db8b-43c7-8d7b-b15fd5ed75ef", "message": "New order created", "meta": null}
{"timestamp": "2025-12-24T15:40:40.725007", "level": "INFO", "service": "order_generator", "event": "ORDER_CREATED", "order_id": "9d31802e-2e96-4194-bc64-2d8ac2d4bf93", "message": "New order created", "meta": null}
{"timestamp": "2025-12-24T15:40:40.747320", "level": "INFO", "service": "order_generator", "event": "ORDER_CREATED", "order_id": "57ea5beb-ae56-4359-bb7b-75b7814601b2", "message": "New order created", "meta": null}
{"timestamp": "2025-12-24T15:40:40.769936", "level": "INFO", "service": "order_generator", "event": "ORDER_CREATED", "order_id": "f719f0fb-f36a-492d-b48f-b60fe5903109", "message": "New order created", "meta": null}
{"timestamp": "2025-12-24T15:40:40.793876", "level": "INFO", "service": "order_generator", "event": "ORDER_CREATED", "order_id": "820a4eab-38f4-4095-ae1c-47ce2bc4408e", "message": "New order created", "meta": null}
{"timestamp": "2025-12-24T15:40:40.815754", "level": "INFO", "service": "order_generator", "event": "ORDER_CREATED", "order_id": "4a608bcf-66bf-46b9-878a-66170e657dec", "message": "New order created", "meta": null}
{"timestamp": "2025-12-24T15:40:40.837883", "level": "INFO", "service": "order_generator", "event": "ORDER_CREATED", "order_id": "b7846a8a-d583-4b78-9b78-032860e36103", "message": "New order created", "meta": null}
{"timestamp": "2025-12-24T15:40:40.857907", "level": "INFO", "service": "order_generator", "event": "ORDER_CREATED", "order_id": "e9ccf0db-8267-4a9f-8d27-6b4819d0e6c0", "message": "New order created", "meta": null}
{"timestamp": "2025-12-24T15:40:40.883076", "level": "INFO", "service": "order_generator", "event": "ORDER_CREATED", "order_id": "a89ec5a1-d22b-49f2-beb1-36a22575c531", "message": "New order created", "meta": null}
{"timestamp": "2025-12-24T15:40:40.905479", "level": "INFO", "service": "order_generator", "event": "ORDER_CREATED", "order_id": "a6dc68ea-1e22-4006-8b29-9874863a4689", "message": "New order created", "meta": null}
{"timestamp": "2025-12-24T15:40:40.926720", "level": "INFO", "service": "order_generator", "event": "ORDER_CREATED", "order_id": "444b847d-9a73-4e9a-a2b7-e119d29beb08", "message": "New order created", "meta": null}
{"timestamp": "2025-12-24T15:40:40.951522", "level": "INFO", "service": "order_generator", "event": "ORDER_CREATED", "order_id": "33eaf5a7-9810-4cd7-ac32-f34bf5a64105", "message": "New order created", "meta": null}
{"timestamp": "2025-12-24T15:40:40.986266", "level": "INFO", "service": "order_generator", "event": "ORDER_CREATED", "order_id": "59705df7-03b0-42b5-87e4-62abb95d4360", "message": "New order created", "meta": null}
{"timestamp": "2025-12-24T15:40:41.011255", "level": "INFO", "service": "order_generator", "event": "ORDER_CREATED", "order_id": "1f1614db-810a-4f37-a263-7364241771a9", "message": "New order created", "meta": null}
{"timestamp": "2025-12-24T15:40:41.035707", "level": "INFO", "service": "order_generator", "event": "ORDER_CREATED", "order_id": "b6cc1066-b325-4eb0-a13b-a743901954a0", "message": "New order created", "meta": null}
{"timestamp": "2025-12-24T15:40:41.059697", "level": "INFO", "service": "order_generator", "event": "ORDER_CREATED", "order_id": "73cb5d1a-900c-4f46-96b7-682b03062b1b", "message": "New order created", "meta": null}
{"timestamp": "2025-12-24T15:40:41.086161", "level": "INFO", "service": "order_generator", "event": "ORDER_CREATED", "order_id": "95a775e0-8b3c-4112-9e76-ff61a35c7353", "message": "New order created", "meta": null}
{"timestamp": "2025-12-24T15:40:41.116191", "level": "INFO", "service": "order_generator", "event": "ORDER_CREATED", "order_id": "00e7a3ee-3fa1-4bd6-a46a-972983c44d16", "message": "New order created", "meta": null}
{"timestamp": "2025-12-24T15:40:41.141133", "level": "INFO", "service": "order_generator", "event": "ORDER_CREATED", "order_id": "ab2a8ddf-3b9b-4bac-930c-1f2f2681d967", "message": "New order created", "meta": null}
{"timestamp": "2025-12-24T15:40:41.163271", "level": "INFO", "service": "order_generator", "event": "ORDER_CREATED", "order_id": "dc329fb4-0b95-423e-89bf-144f5a7620f3", "message": "New order created", "meta": null}
{"timestamp": "2025-12-24T15:40:41.187315", "level": "INFO", "service": "order_generator", "event": "ORDER_CREATED", "order_id": "3581f102-60bf-4c64-894d-2fa333541648", "message": "New order created", "meta": null}
{"timestamp": "2025-12-24T15:40:41.215091", "level": "INFO", "service": "order_generator", "event": "ORDER_CREATED", "order_id": "463a7db0-82b8-4edd-9258-59b44abfe05f", "message": "New order created", "meta": null}
{"timestamp": "2025-12-24T15:40:41.240788", "level": "INFO", "service": "order_generator", "event": "ORDER_CREATED", "order_id": "9b43f0ed-97b3-4a27-be86-1c852611f93e", "message": "New order created", "meta": null}
{"timestamp": "2025-12-24T15:40:41.263343", "level": "INFO", "service": "order_generator", "event": "ORDER_CREATED", "order_id": "27a8fc81-dda2-4407-938c-95595d6ddb9a", "message": "New order created", "meta": null}
{"timestamp": "2025-12-24T15:40:41.287979", "level": "INFO", "service": "order_generator", "event": "ORDER_CREATED", "order_id": "98aa0e14-137c-4212-bab5-706024a2af13", "message": "New order created", "meta": null}
{"timestamp": "2025-12-24T15:40:41.310596", "level": "INFO", "service": "order_generator", "event": "ORDER_CREATED", "order_id": "2319e856-199e-4ad9-bb4a-cf35e39c487f", "message": "New order created", "meta": null}
{"timestamp": "2025-12-24T15:40:41.332538", "level": "INFO", "service": "order_generator", "event": "ORDER_CREATED", "order_id": "db004a44-61bf-41a7-923f-672708aae6fa", "message": "New order created", "meta": null}
{"timestamp": "2025-12-24T15:40:41.354196", "level": "INFO", "service": "order_generator", "event": "ORDER_CREATED", "order_id": "a899132d-890e-489d-87d3-86262a8cbb76", "message": "New order created", "meta": null}
{"timestamp": "2025-12-24T15:40:41.376252", "level": "INFO", "service": "order_generator", "event": "ORDER_CREATED", "order_id": "c533e952-ef32-44c9-a3bb-d43291475243", "message": "New order created", "meta": null}
{"timestamp": "2025-12-24T15:40:41.396550", "level": "INFO", "service": "order_generator", "event": "ORDER_CREATED", "order_id": "6baa5763-9ae7-4e73-b33c-ce295b1ae019", "message": "New order created", "meta": null}
{"timestamp": "2025-12-24T15:40:41.419470", "level": "INFO", "service": "order_generator", "event": "ORDER_CREATED", "order_id": "ed9345a7-6759-4864-aabf-aff6ecce88da", "message": "New order created", "meta": null}
{"timestamp": "2025-12-24T15:40:41.439576", "level": "INFO", "service": "order_generator", "event": "ORDER_CREATED", "order_id": "ebe8e91f-3237-44ad-85d7-286c76dc3543", "message": "New order created", "meta": null}
{"timestamp": "2025-12-24T15:40:41.463339", "level": "INFO", "service": "order_generator", "event": "ORDER_CREATED", "order_id": "8b9f42de-b200-46ef-a59b-dca8d28412f2", "message": "New order created", "meta": null}
{"timestamp": "2025-12-24T15:40:41.488490", "level": "INFO", "service": "order_generator", "event": "ORDER_CREATED", "order_id": "adb50642-f836-4d42-81f7-27b3383de3c9", "message": "New order created", "meta": null}
{"timestamp": "2025-12-24T15:40:41.514035", "level": "INFO", "service": "order_generator", "event": "ORDER_CREATED", "order_id": "d6ea80f3-c1b2-468c-a3f6-1ae4ffdef54b", "message": "New order created", "meta": null}
{"timestamp": "2025-12-24T15:40:41.538214", "level": "INFO", "service": "order_generator", "event": "ORDER_CREATED", "order_id": "f78de502-d541-400f-858a-eb4be3052f82", "message": "New order created", "meta": null}
{"timestamp": "2025-12-24T15:40:41.564329", "level": "INFO", "service": "order_generator", "event": "ORDER_CREATED", "order_id": "ece22d2d-b029-4e73-8e5a-4a68b177314a", "message": "New order created", "meta": null}
{"timestamp": "2025-12-24T15:40:41.588733", "level": "INFO", "service": "order_generator", "event": "ORDER_CREATED", "order_id": "e3b03704-651c-4cd9-b41f-cb6903b2fc8b", "message": "New order created", "meta": null}
{"timestamp": "2025-12-24T15:40:41.619432", "level": "INFO", "service": "order_generator", "event": "ORDER_CREATED", "order_id": "baac6fdb-4d0b-47ea-a1d2-6410058414ac", "message": "New order created", "meta": null}
{"timestamp": "2025-12-24T15:40:41.787247", "level": "INFO", "service": "order_generator", "event": "ORDER_CREATED", "order_id": "b076ffa4-917b-4f74-8b0c-0f8d5f39aac3", "message": "New order created", "meta": null}
{"timestamp": "2025-12-24T15:40:41.810787", "level": "INFO", "service": "order_generator", "event": "ORDER_CREATED", "order_id": "bf845278-4a26-4524-a660-66ccdd1ab541", "message": "New order created", "meta": null}
{"timestamp": "2025-12-24T15:40:41.830450", "level": "INFO", "service": "order_generator", "event": "ORDER_CREATED", "order_id": "3d1d9852-9b4b-43e3-b2c0-6d34c2367cb9", "message": "New order created", "meta": null}
{"timestamp": "2025-12-24T15:40:41.851909", "level": "INFO", "service": "order_generator", "event": "ORDER_CREATED", "order_id": "5f50a463-4113-49f2-a2eb-2a93e87a7084", "message": "New order created", "meta": null}
{"timestamp": "2025-12-24T15:40:41.873401", "level": "INFO", "service": "order_generator", "event": "ORDER_CREATED", "order_id": "3207cd59-c871-4eb9-96bd-3f61d1828bf7", "message": "New order created", "meta": null}
{"timestamp": "2025-12-24T15:40:41.892491", "level": "INFO", "service": "order_generator", "event": "ORDER_CREATED", "order_id": "32bbbf4c-f63b-4e93-b1c0-d0273df585f5", "message": "New order created", "meta": null}
{"timestamp": "2025-12-24T15:40:41.912502", "level": "INFO", "service": "order_generator", "event": "ORDER_CREATED", "order_id": "9a275933-14ff-447b-b3c4-22fbb90d8bc7", "message": "New order created", "meta": null}
{"timestamp": "2025-12-24T15:40:41.936731", "level": "INFO", "service": "order_generator", "event": "ORDER_CREATED", "order_id": "2d282de3-4937-4bd6-a325-82704d8a3c4c", "message": "New order created", "meta": null}
{"timestamp": "2025-12-24T15:40:41.956028", "level": "INFO", "service": "order_generator", "event": "ORDER_CREATED", "order_id": "5b5f338c-a349-438e-8cc5-5f5b8ce8eca4", "message": "New order created", "meta": null}
{"timestamp": "2025-12-24T15:40:41.980205", "level": "INFO", "service": "order_generator", "event": "ORDER_CREATED", "order_id": "387af96b-f6d3-44c1-9a02-4f81c271bcad", "message": "New order created", "meta": null}
{"timestamp": "2025-12-24T15:40:42.001056", "level": "INFO", "service": "order_generator", "event": "ORDER_CREATED", "order_id": "419babf4-9f87-4c26-808d-59a81358d4e6", "message": "New order created", "meta": null}
{"timestamp": "2025-12-24T15:40:42.024575", "level": "INFO", "service": "order_generator", "event": "ORDER_CREATED", "order_id": "660ce8c7-db25-4126-a51b-16ed161d9830", "message": "New order created", "meta": null}
{"timestamp": "2025-12-24T15:40:42.048382", "level": "INFO", "service": "order_generator", "event": "ORDER_CREATED", "order_id": "78dd378d-61d9-43d0-b538-b77bf53c46de", "message": "New order created", "meta": null}
{"timestamp": "2025-12-24T15:40:42.071840", "level": "INFO", "service": "order_generator", "event": "ORDER_CREATED", "order_id": "172d11fd-f3fa-4223-9021-e4c3dca8f383", "message": "New order created", "meta": null}
{"timestamp": "2025-12-24T15:40:42.098376", "level": "INFO", "service": "order_generator", "event": "ORDER_CREATED", "order_id": "d67decc8-3526-46c7-8534-5521edfb654f", "message": "New order created", "meta": null}
{"timestamp": "2025-12-24T15:40:42.124516", "level": "INFO", "service": "order_generator", "event": "ORDER_CREATED", "order_id": "d1446c78-c9fd-40d9-9753-99769a9be226", "message": "New order created", "meta": null}
{"timestamp": "2025-12-24T15:40:42.153599", "level": "INFO", "service": "order_generator", "event": "ORDER_CREATED", "order_id": "0a2dde31-cac4-4d82-8373-d73ba685f3e8", "message": "New order created", "meta": null}
{"timestamp": "2025-12-24T15:40:42.175511", "level": "INFO", "service": "order_generator", "event": "ORDER_CREATED", "order_id": "65364976-71b6-4131-a141-0a02dcb1945e", "message": "New order created", "meta": null}
{"timestamp": "2025-12-24T15:40:42.200968", "level": "INFO", "service": "order_generator", "event": "ORDER_CREATED", "order_id": "59d06308-3999-491c-9aaf-75461c5d1f27", "message": "New order created", "meta": null}
{"timestamp": "2025-12-24T15:40:42.224028", "level": "INFO", "service": "order_generator", "event": "ORDER_CREATED", "order_id": "59089fbd-bc61-4fbe-8092-1cd88265fd2b", "message": "New order created", "meta": null}
{"timestamp": "2025-12-24T15:40:42.249154", "level": "INFO", "service": "order_generator", "event": "ORDER_CREATED", "order_id": "c06b7218-62fa-4dce-90e4-e2a3e8ef5e03", "message": "New order created", "meta": null}
{"timestamp": "2025-12-24T15:40:42.272734", "level": "INFO", "service": "order_generator", "event": "ORDER_CREATED", "order_id": "7f37c655-d881-4481-bcf9-ebd265d3f8e3", "message": "New order created", "meta": null}
{"timestamp": "2025-12-24T15:40:42.293329", "level": "INFO", "service": "order_generator", "event": "ORDER_CREATED", "order_id": "0ab55db2-49f5-42e9-9e57-d7f810aa4f75", "message": "New order created", "meta": null}
{"timestamp": "2025-12-24T15:40:42.314078", "level": "INFO", "service": "order_generator", "event": "ORDER_CREATED", "order_id": "bb34eeee-9093-492a-b83f-4a78d0d273c3", "message": "New order created", "meta": null}
{"timestamp": "2025-12-24T15:40:42.337639", "level": "INFO", "service": "order_generator", "event": "ORDER_CREATED", "order_id": "5563bf95-4be7-4a02-952d-be788f49d0d7", "message": "New order created", "meta": null}
{"timestamp": "2025-12-24T15:40:42.358731", "level": "INFO", "service": "order_generator", "event": "ORDER_CREATED", "order_id": "a8846a63-2f96-41dd-8b52-21f2956eb207", "message": "New order created", "meta": null}
{"timestamp": "2025-12-24T15:40:42.382467", "level": "INFO", "service": "order_generator", "event": "ORDER_CREATED", "order_id": "e4d18310-aeef-4a9a-89e6-052c9daa9c8c", "message": "New order created", "meta": null}
{"timestamp": "2025-12-24T15:40:42.403456", "level": "INFO", "service": "order_generator", "event": "ORDER_CREATED", "order_id": "25cf17bf-a278-4d0b-b39e-4519734a4916", "message": "New order created", "meta": null}
{"timestamp": "2025-12-24T15:40:42.423457", "level": "INFO", "service": "order_generator", "event": "ORDER_CREATED", "order_id": "c54608a6-576a-41f2-b205-f170e360c11a", "message": "New order created", "meta": null}
{"timestamp": "2025-12-24T15:40:42.449735", "level": "INFO", "service": "order_generator", "event": "ORDER_CREATED", "order_id": "eaaa43ce-6083-401b-bb30-a72405154009", "message": "New order created", "meta": null}
{"timestamp": "2025-12-24T15:40:42.473764", "level": "INFO", "service": "order_generator", "event": "ORDER_CREATED", "order_id": "1f53786c-3a84-4462-9159-7d972d114962", "message": "New order created", "meta": null}
{"timestamp": "2025-12-24T15:40:42.494857", "level": "INFO", "service": "order_generator", "event": "ORDER_CREATED", "order_id": "55d93a73-9d10-486d-889d-f0d30d1fc2d4", "message": "New order created", "meta": null}
{"timestamp": "2025-12-24T15:40:42.515345", "level": "INFO", "service": "order_generator", "event": "ORDER_CREATED", "order_id": "4ec33d0d-5e9e-4d47-bc94-f8e73aaf2e48", "message": "New order created", "meta": null}
{"timestamp": "2025-12-24T15:40:42.538625", "level": "INFO", "service": "order_generator", "event": "ORDER_CREATED", "order_id": "82ee38bf-3c2b-46db-9d29-e84aba4754e6", "message": "New order created", "meta": null}
{"timestamp": "2025-12-24T15:40:42.564546", "level": "INFO", "service": "order_generator", "event": "ORDER_CREATED", "order_id": "36acef6e-45af-4868-b024-f78f3636b15b", "message": "New order created", "meta": null}
{"timestamp": "2025-12-24T15:40:42.588801", "level": "INFO", "service": "order_generator", "event": "ORDER_CREATED", "order_id": "b5df541d-56a0-46a6-8968-ba41151ddd8b", "message": "New order created", "meta": null}
{"timestamp": "2025-12-24T15:40:42.618957", "level": "INFO", "service": "order_generator", "event": "ORDER_CREATED", "order_id": "174c26c5-5c54-4464-aec0-8fd32636f0e3", "message": "New order created", "meta": null}
{"timestamp": "2025-12-24T15:40:42.644221", "level": "INFO", "service": "order_generator", "event": "ORDER_CREATED", "order_id": "3494d6dd-9579-4a1b-9708-8ad9c0f07e10", "message": "New order created", "meta": null}
{"timestamp": "2025-12-24T15:40:42.670575", "level": "INFO", "service": "order_generator", "event": "ORDER_CREATED", "order_id": "6fa1ae0d-d01c-4bc0-a06d-7fc27f4d02c3", "message": "New order created", "meta": null}
{"timestamp": "2025-12-24T15:40:42.695214", "level": "INFO", "service": "order_generator", "event": "ORDER_CREATED", "order_id": "7b483825-bcdb-4db7-93a1-809070c917ca", "message": "New order created", "meta": null}
{"timestamp": "2025-12-24T15:40:42.723166", "level": "INFO", "service": "order_generator", "event": "ORDER_CREATED", "order_id": "087c1fa0-624a-43a7-b096-4e78828aaffc", "message": "New order created", "meta": null}
{"timestamp": "2025-12-24T15:40:42.746427", "level": "INFO", "service": "order_generator", "event": "ORDER_CREATED", "order_id": "887496dd-129b-40b4-8e5c-273f3c2a6f89", "message": "New order created", "meta": null}
{"timestamp": "2025-12-24T15:40:42.772215", "level": "INFO", "service": "order_generator", "event": "ORDER_CREATED", "order_id": "12ad8537-09bd-44aa-a88c-ce8a6a886a80", "message": "New order created", "meta": null}
{"timestamp": "2025-12-24T15:40:42.795210", "level": "INFO", "service": "order_generator", "event": "ORDER_CREATED", "order_id": "ab91fbaa-b66b-4e85-9f21-8e14b072750b", "message": "New order created", "meta": null}
{"timestamp": "2025-12-24T15:40:42.822943", "level": "INFO", "service": "order_generator", "event": "ORDER_CREATED", "order_id": "5b6d280f-104e-4236-bb66-beea3303dcec", "message": "New order created", "meta": null}
{"timestamp": "2025-12-24T15:40:42.846470", "level": "INFO", "service": "order_generator", "event": "ORDER_CREATED", "order_id": "3dc392b9-8710-4a67-98e6-4b2415705aaa", "message": "New order created", "meta": null}
{"timestamp": "2025-12-24T15:40:42.868861", "level": "INFO", "service": "order_generator", "event": "ORDER_CREATED", "order_id": "67a59ea9-b017-445e-bfcf-81d5ac059f21", "message": "New order created", "meta": null}
{"timestamp": "2025-12-24T15:40:42.891832", "level": "INFO", "service": "order_generator", "event": "ORDER_CREATED", "order_id": "9d0c1428-52a2-47eb-b0c4-add4cd62a9fd", "message": "New order created", "meta": null}
{"timestamp": "2025-12-24T15:40:42.913589", "level": "INFO", "service": "order_generator", "event": "ORDER_CREATED", "order_id": "d303aa13-ea7f-4df7-93ea-5a8f3e5cffe0", "message": "New order created", "meta": null}
{"timestamp": "2025-12-24T15:40:42.933354", "level": "INFO", "service": "order_generator", "event": "ORDER_CREATED", "order_id": "8ca422ee-07e4-4fb9-8602-cb9d9e9ae763", "message": "New order created", "meta": null}
{"timestamp": "2025-12-24T15:40:42.955158", "level": "INFO", "service": "order_generator", "event": "ORDER_CREATED", "order_id": "4f89d333-6855-426b-ad47-2ca06ad8b944", "message": "New order created", "meta": null}
{"timestamp": "2025-12-24T15:40:42.977788", "level": "INFO", "service": "order_generator", "event": "ORDER_CREATED", "order_id": "bac0bf56-41a1-4f8d-a6cf-2345528a60bc", "message": "New order created", "meta": null}
{"timestamp": "2025-12-24T15:40:42.998833", "level": "INFO", "service": "order_generator", "event": "ORDER_CREATED", "order_id": "cc35d9a1-cfe1-49c3-abaa-ea0ae9e41660", "message": "New order created", "meta": null}
{"timestamp": "2025-12-24T15:40:43.023780", "level": "INFO", "service": "order_generator", "event": "ORDER_CREATED", "order_id": "f9809772-7a2f-4579-a4e8-69ed60bb5bf3", "message": "New order created", "meta": null}
{"timestamp": "2025-12-24T15:40:43.044480", "level": "INFO", "service": "order_generator", "event": "ORDER_CREATED", "order_id": "7c625f70-03ee-4591-962d-7e925ac12d76", "message": "New order created", "meta": null}
{"timestamp": "2025-12-24T15:40:43.068930", "level": "INFO", "service": "order_generator", "event": "ORDER_CREATED", "order_id": "03834a2f-07c0-4319-8891-91698c8cb116", "message": "New order created", "meta": null}
{"timestamp": "2025-12-24T15:40:43.093376", "level": "INFO", "service": "order_generator", "event": "ORDER_CREATED", "order_id": "87bff24b-6ae9-4608-8c2d-fa2eb318071c", "message": "New order created", "meta": null}
{"timestamp": "2025-12-24T15:40:43.122773", "level": "INFO", "service": "order_generator", "event": "ORDER_CREATED", "order_id": "0bfa930d-083d-485b-95b9-07eb30ce8d96", "message": "New order created", "meta": null}
